Component: ARM Compiler 5.06 update 7 (build 960) Tool: armlink [4d3601]

==============================================================================

Section Cross References

    startup_stm32g474xx.o(RESET) refers to startup_stm32g474xx.o(STACK) for __initial_sp
    startup_stm32g474xx.o(RESET) refers to startup_stm32g474xx.o(.text) for Reset_Handler
    startup_stm32g474xx.o(RESET) refers to stm32g4xx_it.o(i.NMI_Handler) for NMI_Handler
    startup_stm32g474xx.o(RESET) refers to stm32g4xx_it.o(i.HardFault_Handler) for HardFault_Handler
    startup_stm32g474xx.o(RESET) refers to stm32g4xx_it.o(i.MemManage_Handler) for MemManage_Handler
    startup_stm32g474xx.o(RESET) refers to stm32g4xx_it.o(i.BusFault_Handler) for BusFault_Handler
    startup_stm32g474xx.o(RESET) refers to stm32g4xx_it.o(i.UsageFault_Handler) for UsageFault_Handler
    startup_stm32g474xx.o(RESET) refers to port.o(.emb_text) for SVC_Handler
    startup_stm32g474xx.o(RESET) refers to stm32g4xx_it.o(i.DebugMon_Handler) for DebugMon_Handler
    startup_stm32g474xx.o(RESET) refers to cmsis_os2.o(i.SysTick_Handler) for SysTick_Handler
    startup_stm32g474xx.o(RESET) refers to stm32g4xx_it.o(i.DMA1_Channel1_IRQHandler) for DMA1_Channel1_IRQHandler
    startup_stm32g474xx.o(RESET) refers to stm32g4xx_it.o(i.DMA1_Channel2_IRQHandler) for DMA1_Channel2_IRQHandler
    startup_stm32g474xx.o(RESET) refers to stm32g4xx_it.o(i.DMA1_Channel3_IRQHandler) for DMA1_Channel3_IRQHandler
    startup_stm32g474xx.o(RESET) refers to stm32g4xx_it.o(i.USB_LP_IRQHandler) for USB_LP_IRQHandler
    startup_stm32g474xx.o(RESET) refers to stm32g4xx_it.o(i.EXTI9_5_IRQHandler) for EXTI9_5_IRQHandler
    startup_stm32g474xx.o(RESET) refers to stm32g4xx_it.o(i.USART3_IRQHandler) for USART3_IRQHandler
    startup_stm32g474xx.o(RESET) refers to timer.o(i.TIM5_IRQHandler) for TIM5_IRQHandler
    startup_stm32g474xx.o(RESET) refers to stm32g4xx_it.o(i.TIM6_DAC_IRQHandler) for TIM6_DAC_IRQHandler
    startup_stm32g474xx.o(.text) refers to system_stm32g4xx.o(i.SystemInit) for SystemInit
    startup_stm32g474xx.o(.text) refers to entry.o(.ARM.Collect$$$$00000000) for __main
    main.o(i.HAL_TIM_PeriodElapsedCallback) refers to stm32g4xx_hal.o(i.HAL_IncTick) for HAL_IncTick
    main.o(i.SystemClock_Config) refers to memseta.o(.text) for __aeabi_memclr4
    main.o(i.SystemClock_Config) refers to stm32g4xx_hal_pwr_ex.o(i.HAL_PWREx_ControlVoltageScaling) for HAL_PWREx_ControlVoltageScaling
    main.o(i.SystemClock_Config) refers to stm32g4xx_hal_rcc.o(i.HAL_RCC_OscConfig) for HAL_RCC_OscConfig
    main.o(i.SystemClock_Config) refers to stm32g4xx_hal_rcc.o(i.HAL_RCC_ClockConfig) for HAL_RCC_ClockConfig
    main.o(i.main) refers to stm32g4xx_hal.o(i.HAL_Init) for HAL_Init
    main.o(i.main) refers to main.o(i.SystemClock_Config) for SystemClock_Config
    main.o(i.main) refers to gpio.o(i.MX_GPIO_Init) for MX_GPIO_Init
    main.o(i.main) refers to dma.o(i.MX_DMA_Init) for MX_DMA_Init
    main.o(i.main) refers to adc.o(i.MX_ADC1_Init) for MX_ADC1_Init
    main.o(i.main) refers to tim.o(i.MX_TIM1_Init) for MX_TIM1_Init
    main.o(i.main) refers to tim.o(i.MX_TIM2_Init) for MX_TIM2_Init
    main.o(i.main) refers to usart.o(i.MX_USART3_UART_Init) for MX_USART3_UART_Init
    main.o(i.main) refers to adc.o(i.MX_ADC2_Init) for MX_ADC2_Init
    main.o(i.main) refers to spi.o(i.MX_SPI1_Init) for MX_SPI1_Init
    main.o(i.main) refers to timer.o(i.timer_init) for timer_init
    main.o(i.main) refers to stm32g4xx_hal_adc_ex.o(i.HAL_ADCEx_Calibration_Start) for HAL_ADCEx_Calibration_Start
    main.o(i.main) refers to stm32g4xx_hal_adc_ex.o(i.HAL_ADCEx_MultiModeStart_DMA) for HAL_ADCEx_MultiModeStart_DMA
    main.o(i.main) refers to cmsis_os2.o(i.osKernelInitialize) for osKernelInitialize
    main.o(i.main) refers to app_freertos.o(i.MX_FREERTOS_Init) for MX_FREERTOS_Init
    main.o(i.main) refers to cmsis_os2.o(i.osKernelStart) for osKernelStart
    main.o(i.main) refers to adc.o(.bss) for hadc1
    main.o(i.main) refers to mc_interface.o(.bss) for ADC_Value
    gpio.o(i.MX_GPIO_Init) refers to memseta.o(.text) for __aeabi_memclr4
    gpio.o(i.MX_GPIO_Init) refers to stm32g4xx_hal_gpio.o(i.HAL_GPIO_WritePin) for HAL_GPIO_WritePin
    gpio.o(i.MX_GPIO_Init) refers to stm32g4xx_hal_gpio.o(i.HAL_GPIO_Init) for HAL_GPIO_Init
    gpio.o(i.MX_GPIO_Init) refers to stm32g4xx_hal_cortex.o(i.HAL_NVIC_SetPriority) for HAL_NVIC_SetPriority
    gpio.o(i.MX_GPIO_Init) refers to stm32g4xx_hal_cortex.o(i.HAL_NVIC_EnableIRQ) for HAL_NVIC_EnableIRQ
    app_freertos.o(i.MX_FREERTOS_Init) refers to cmsis_os2.o(i.osThreadNew) for osThreadNew
    app_freertos.o(i.MX_FREERTOS_Init) refers to conf_general.o(i.conf_general_init) for conf_general_init
    app_freertos.o(i.MX_FREERTOS_Init) refers to mc_interface.o(i.mc_interface_init) for mc_interface_init
    app_freertos.o(i.MX_FREERTOS_Init) refers to app_freertos.o(.constdata) for .constdata
[...]
    0x080003e6   0x080003e6   0x00000012   Code   RO        12333    .text               mc_w.l(strcpy.o)
    0x080003f8   0x080003f8   0x0000014e   Code   RO        12642    .text               mf_w.l(dadd.o)
    0x08000546   0x08000546   0x000000e4   Code   RO        12644    .text               mf_w.l(dmul.o)
    0x0800062a   0x0800062a   0x000000de   Code   RO        12646    .text               mf_w.l(ddiv.o)
    0x08000708   0x08000708   0x00000022   Code   RO        12648    .text               mf_w.l(dflti.o)
    0x0800072a   0x0800072a   0x0000001a   Code   RO        12650    .text               mf_w.l(dfltui.o)
    0x08000744   0x08000744   0x0000002c   Code   RO        12654    .text               mf_w.l(ffixul.o)
    0x08000770   0x08000770   0x0000003e   Code   RO        12656    .text               mf_w.l(dfixi.o)
    0x080007ae   0x080007ae   0x00000026   Code   RO        12660    .text               mf_w.l(f2d.o)
    0x080007d4   0x080007d4   0x00000038   Code   RO        12662    .text               mf_w.l(d2f.o)
    0x0800080c   0x0800080c   0x0000002c   Code   RO        12700    .text               mc_w.l(uidiv.o)
    0x08000838   0x08000838   0x00000024   Code   RO        12702    .text               mc_w.l(llsshr.o)
    0x0800085c   0x0800085c   0x00000000   Code   RO        12719    .text               mc_w.l(iusefp.o)
    0x0800085c   0x0800085c   0x0000006e   Code   RO        12720    .text               mf_w.l(fepilogue.o)
    0x080008ca   0x080008ca   0x00000052   Code   RO        12726    .text               mf_w.l(frem.o)
    0x0800091c   0x0800091c   0x000000ba   Code   RO        12728    .text               mf_w.l(depilogue.o)
    0x080009d6   0x080009d6   0x00000030   Code   RO        12732    .text               mf_w.l(dfixul.o)
    0x08000a06   0x08000a06   0x00000002   PAD
    0x08000a08   0x08000a08   0x00000030   Code   RO        12734    .text               mf_w.l(cdrcmple.o)
    0x08000a38   0x08000a38   0x00000036   Code   RO        12736    .text               mf_w.l(fcmp4.o)
    0x08000a6e   0x08000a6e   0x00000004   Code   RO        12738    .text               mf_w.l(fpstat.o)
    0x08000a72   0x08000a72   0x00000002   PAD
    0x08000a74   0x08000a74   0x00000024   Code   RO        12740    .text               mc_w.l(init.o)
    0x08000a98   0x08000a98   0x00000056   Code   RO        12757    .text               mc_w.l(__dczerorl2.o)
    0x08000aee   0x08000aee   0x00000068   Code   RO         3415    i.ADC_DMAConvCplt   stm32g4xx_hal_adc.o
    0x08000b56   0x08000b56   0x0000001a   Code   RO         3416    i.ADC_DMAError      stm32g4xx_hal_adc.o
    0x08000b70   0x08000b70   0x0000000a   Code   RO         3417    i.ADC_DMAHalfConvCplt  stm32g4xx_hal_adc.o
    0x08000b7a   0x08000b7a   0x00000002   PAD
    0x08000b7c   0x08000b7c   0x00000070   Code   RO         3418    i.ADC_Disable       stm32g4xx_hal_adc.o
    0x08000bec   0x08000bec   0x000000c4   Code   RO         3419    i.ADC_Enable        stm32g4xx_hal_adc.o
    0x08000cb0   0x08000cb0   0x0000000c   Code   RO         9633    i.AppTask1CallBack  timer.o
    0x08000cbc   0x08000cbc   0x0000000c   Code   RO         9634    i.AppTask2CallBack  timer.o
    0x08000cc8   0x08000cc8   0x0000000c   Code   RO         9635    i.AppTask3CallBack  timer.o
    0x08000cd4   0x08000cd4   0x0000000c   Code   RO         9636    i.AppTask4CallBack  timer.o
    0x08000ce0   0x08000ce0   0x00000002   Code   RO          662    i.BusFault_Handler  stm32g4xx_it.o
    0x08000ce2   0x08000ce2   0x00000004   Code   RO         1171    i.CDC_Control_FS    usbd_cdc_if.o
    0x08000ce6   0x08000ce6   0x00000004   Code   RO         1172    i.CDC_DeInit_FS     usbd_cdc_if.o
    0x08000cea   0x08000cea   0x00000002   PAD
    0x08000cec   0x08000cec   0x00000024   Code   RO         1173    i.CDC_Init_FS       usbd_cdc_if.o
    0x08000d10   0x08000d10   0x00000028   Code   RO         1174    i.CDC_Receive_FS    usbd_cdc_if.o
    0x08000d38   0x08000d38   0x00000004   Code   RO         1175    i.CDC_TransmitCplt_FS  usbd_cdc_if.o
    0x08000d3c   0x08000d3c   0x0000002c   Code   RO         1176    i.CDC_Transmit_FS   usbd_cdc_if.o
    0x08000d68   0x08000d68   0x00000018   Code   RO         9835    i.CalculateCrc      eeprom_emul.o
    0x08000d80   0x08000d80   0x00000034   Code   RO         9836    i.ConfigureCrc      eeprom_emul.o
    0x08000db4   0x08000db4   0x0000000c   Code   RO          663    i.DMA1_Channel1_IRQHandler  stm32g4xx_it.o
    0x08000dc0   0x08000dc0   0x0000000c   Code   RO          664    i.DMA1_Channel2_IRQHandler  stm32g4xx_it.o
    0x08000dcc   0x08000dcc   0x00000018   Code   RO          665    i.DMA1_Channel3_IRQHandler  stm32g4xx_it.o
    0x08000de4   0x08000de4   0x00000040   Code   RO         2730    i.DMA_CalcDMAMUXChannelBaseAndMask  stm32g4xx_hal_dma.o
    0x08000e24   0x08000e24   0x00000024   Code   RO         2731    i.DMA_CalcDMAMUXRequestGenBaseAndMask  stm32g4xx_hal_dma.o
    0x08000e48   0x08000e48   0x0000003e   Code   RO         2732    i.DMA_SetConfig     stm32g4xx_hal_dma.o
    0x08000e86   0x08000e86   0x00000002   Code   RO          666    i.DebugMon_Handler  stm32g4xx_it.o
    0x08000e88   0x08000e88   0x0000010c   Code   RO         9837    i.EE_CleanUp        eeprom_emul.o
    0x08000f94   0x08000f94   0x00000004   Code   RO         9839    i.EE_DeleteCorruptedFlashAddress  eeprom_emul.o
    0x08000f98   0x08000f98   0x0000011c   Code   RO         9841    i.EE_Format         eeprom_emul.o
    0x080010b4   0x080010b4   0x00000990   Code   RO         9842    i.EE_Init           eeprom_emul.o
    0x08001a44   0x08001a44   0x00000022   Code   RO         9843    i.EE_ReadVariable16bits  eeprom_emul.o
    0x08001a66   0x08001a66   0x00000012   Code   RO         9846    i.EE_WriteVariable16bits  eeprom_emul.o
    0x08001a78   0x08001a78   0x00000022   Code   RO          667    i.EXTI9_5_IRQHandler  stm32g4xx_it.o
    0x08001a9a   0x08001a9a   0x00000004   Code   RO           13    i.Error_Handler     main.o
    0x08001a9e   0x08001a9e   0x00000002   PAD
    0x08001aa0   0x08001aa0   0x00000028   Code   RO         9986    i.FI_CacheFlush     flash_interface.o
    0x08001ac8   0x08001ac8   0x00000020   Code   RO         9987    i.FI_CheckBankConfig  flash_interface.o
    0x08001ae8   0x08001ae8   0x00000090   Code   RO         9988    i.FI_DeleteCorruptedFlashAddress  flash_interface.o
    0x08001b78   0x08001b78   0x00000074   Code   RO         9989    i.FI_PageErase      flash_interface.o
    0x08001bec   0x08001bec   0x00000008   Code   RO         9991    i.FI_WriteDoubleWord  flash_interface.o
    0x08001bf4   0x08001bf4   0x0000005c   Code   RO         2464    i.FLASH_FlushCaches  stm32g4xx_hal_flash_ex.o
    0x08001c50   0x08001c50   0x00000038   Code   RO         2465    i.FLASH_MassErase   stm32g4xx_hal_flash_ex.o
    0x08001c88   0x08001c88   0x000000d0   Code   RO         2466    i.FLASH_OB_GetPCROP  stm32g4xx_hal_flash_ex.o
    0x08001d58   0x08001d58   0x00000040   Code   RO         2469    i.FLASH_PageErase   stm32g4xx_hal_flash_ex.o
    0x08001d98   0x08001d98   0x0000001c   Code   RO         2355    i.FLASH_Program_DoubleWord  stm32g4xx_hal_flash.o
    0x08001db4   0x08001db4   0x0000002c   Code   RO         2356    i.FLASH_Program_Fast  stm32g4xx_hal_flash.o
    0x08001de0   0x08001de0   0x00000060   Code   RO         2357    i.FLASH_WaitForLastOperation  stm32g4xx_hal_flash.o
    0x08001e40   0x08001e40   0x000001d0   Code   RO         9849    i.FindPage          eeprom_emul.o
    0x08002010   0x08002010   0x0000004c   Code   RO         9992    i.GetBankNumber     flash_interface.o
    0x0800205c   0x0800205c   0x00000046   Code   RO         9850    i.GetPageState      eeprom_emul.o
    0x080020a2   0x080020a2   0x00000002   PAD
    0x080020a4   0x080020a4   0x00000094   Code   RO         3652    i.HAL_ADCEx_Calibration_Start  stm32g4xx_hal_adc_ex.o
    0x08002138   0x08002138   0x00000160   Code   RO         3669    i.HAL_ADCEx_MultiModeConfigChannel  stm32g4xx_hal_adc_ex.o
    0x08002298   0x08002298   0x000000f8   Code   RO         3671    i.HAL_ADCEx_MultiModeStart_DMA  stm32g4xx_hal_adc_ex.o
    0x08002390   0x08002390   0x0000046c   Code   RO         3421    i.HAL_ADC_ConfigChannel  stm32g4xx_hal_adc.o
    0x080027fc   0x080027fc   0x00000002   Code   RO         3422    i.HAL_ADC_ConvCpltCallback  stm32g4xx_hal_adc.o
    0x080027fe   0x080027fe   0x00000002   Code   RO         8502    i.HAL_ADC_ConvHalfCpltCallback  hw_custom.o
    0x08002800   0x08002800   0x00000002   Code   RO         3425    i.HAL_ADC_ErrorCallback  stm32g4xx_hal_adc.o
    0x08002802   0x08002802   0x00000002   PAD
    0x08002804   0x08002804   0x00000230   Code   RO         3430    i.HAL_ADC_Init      stm32g4xx_hal_adc.o
    0x08002a34   0x08002a34   0x000001b8   Code   RO          451    i.HAL_ADC_MspInit   adc.o
    0x08002bec   0x08002bec   0x0000006a   Code   RO         2733    i.HAL_DMA_Abort     stm32g4xx_hal_dma.o
    0x08002c56   0x08002c56   0x00000078   Code   RO         2734    i.HAL_DMA_Abort_IT  stm32g4xx_hal_dma.o
    0x08002cce   0x08002cce   0x000000ba   Code   RO         2738    i.HAL_DMA_IRQHandler  stm32g4xx_hal_dma.o
    0x08002d88   0x08002d88   0x000000c0   Code   RO         2739    i.HAL_DMA_Init      stm32g4xx_hal_dma.o
    0x08002e48   0x08002e48   0x0000008c   Code   RO         2743    i.HAL_DMA_Start_IT  stm32g4xx_hal_dma.o
    0x08002ed4   0x08002ed4   0x000000dc   Code   RO         2473    i.HAL_FLASHEx_Erase  stm32g4xx_hal_flash_ex.o
    0x08002fb0   0x08002fb0   0x000000d4   Code   RO         2475    i.HAL_FLASHEx_OBGetConfig  stm32g4xx_hal_flash_ex.o
    0x08003084   0x08003084   0x0000001c   Code   RO         2361    i.HAL_FLASH_Lock    stm32g4xx_hal_flash.o
    0x080030a0   0x080030a0   0x000000a4   Code   RO         2366    i.HAL_FLASH_Program  stm32g4xx_hal_flash.o
    0x08003144   0x08003144   0x00000028   Code   RO         2368    i.HAL_FLASH_Unlock  stm32g4xx_hal_flash.o
    0x0800316c   0x0800316c   0x0000005c   Code   RO         8503    i.HAL_GPIO_EXTI_Callback  hw_custom.o
    0x080031c8   0x080031c8   0x00000018   Code   RO         2594    i.HAL_GPIO_EXTI_IRQHandler  stm32g4xx_hal_gpio.o
    0x080031e0   0x080031e0   0x00000248   Code   RO         2595    i.HAL_GPIO_Init     stm32g4xx_hal_gpio.o
    0x08003428   0x08003428   0x0000000a   Code   RO         2597    i.HAL_GPIO_ReadPin  stm32g4xx_hal_gpio.o
    0x08003432   0x08003432   0x0000000a   Code   RO         2599    i.HAL_GPIO_WritePin  stm32g4xx_hal_gpio.o
    0x0800343c   0x0800343c   0x0000000c   Code   RO         1874    i.HAL_GetTick       stm32g4xx_hal.o
    0x08003448   0x08003448   0x00000010   Code   RO         1880    i.HAL_IncTick       stm32g4xx_hal.o
    0x08003458   0x08003458   0x0000001e   Code   RO         1881    i.HAL_Init          stm32g4xx_hal.o
    0x08003476   0x08003476   0x00000002   PAD
    0x08003478   0x08003478   0x00000088   Code   RO          786    i.HAL_InitTick      stm32g4xx_hal_timebase_tim.o
    0x08003500   0x08003500   0x0000003c   Code   RO          762    i.HAL_MspInit       stm32g4xx_hal_msp.o
    0x0800353c   0x0800353c   0x0000001a   Code   RO         3244    i.HAL_NVIC_EnableIRQ  stm32g4xx_hal_cortex.o
    0x08003556   0x08003556   0x00000002   PAD
    0x08003558   0x08003558   0x00000040   Code   RO         3250    i.HAL_NVIC_SetPriority  stm32g4xx_hal_cortex.o
    0x08003598   0x08003598   0x00000024   Code   RO         3251    i.HAL_NVIC_SetPriorityGrouping  stm32g4xx_hal_cortex.o
    0x080035bc   0x080035bc   0x00000024   Code   RO         1648    i.HAL_PCDEx_ActivateLPM  stm32g4xx_hal_pcd_ex.o
    0x080035e0   0x080035e0   0x00000044   Code   RO          825    i.HAL_PCDEx_LPM_Callback  usbd_conf.o
    0x08003624   0x08003624   0x0000003c   Code   RO         1654    i.HAL_PCDEx_PMAConfig  stm32g4xx_hal_pcd_ex.o
    0x08003660   0x08003660   0x00000012   Code   RO          827    i.HAL_PCD_DataInStageCallback  usbd_conf.o
    0x08003672   0x08003672   0x00000014   Code   RO          828    i.HAL_PCD_DataOutStageCallback  usbd_conf.o
    0x08003686   0x08003686   0x0000004a   Code   RO         1426    i.HAL_PCD_EP_Close  stm32g4xx_hal_pcd.o
    0x080036d0   0x080036d0   0x0000005a   Code   RO         1427    i.HAL_PCD_EP_ClrStall  stm32g4xx_hal_pcd.o
    0x0800372a   0x0800372a   0x000000dc   Code   RO         1428    i.HAL_PCD_EP_DB_Receive  stm32g4xx_hal_pcd.o
    0x08003806   0x08003806   0x00000380   Code   RO         1429    i.HAL_PCD_EP_DB_Transmit  stm32g4xx_hal_pcd.o
    0x08003b86   0x08003b86   0x00000012   Code   RO         1431    i.HAL_PCD_EP_GetRxCount  stm32g4xx_hal_pcd.o
    0x08003b98   0x08003b98   0x0000005c   Code   RO         1432    i.HAL_PCD_EP_Open   stm32g4xx_hal_pcd.o
    0x08003bf4   0x08003bf4   0x0000002e   Code   RO         1433    i.HAL_PCD_EP_Receive  stm32g4xx_hal_pcd.o
    0x08003c22   0x08003c22   0x0000005e   Code   RO         1434    i.HAL_PCD_EP_SetStall  stm32g4xx_hal_pcd.o
    0x08003c80   0x08003c80   0x0000002e   Code   RO         1435    i.HAL_PCD_EP_Transmit  stm32g4xx_hal_pcd.o
    0x08003cae   0x08003cae   0x0000014a   Code   RO         1437    i.HAL_PCD_IRQHandler  stm32g4xx_hal_pcd.o
    0x08003df8   0x08003df8   0x0000009c   Code   RO         1440    i.HAL_PCD_Init      stm32g4xx_hal_pcd.o
    0x08003e94   0x08003e94   0x00000058   Code   RO          833    i.HAL_PCD_MspInit   usbd_conf.o
    0x08003eec   0x08003eec   0x00000026   Code   RO          834    i.HAL_PCD_ResetCallback  usbd_conf.o
    0x08003f12   0x08003f12   0x00000002   PAD
    0x08003f14   0x08003f14   0x00000028   Code   RO          835    i.HAL_PCD_ResumeCallback  usbd_conf.o
    0x08003f3c   0x08003f3c   0x00000008   Code   RO          836    i.HAL_PCD_SOFCallback  usbd_conf.o
    0x08003f44   0x08003f44   0x00000026   Code   RO         1446    i.HAL_PCD_SetAddress  stm32g4xx_hal_pcd.o
    0x08003f6a   0x08003f6a   0x0000000e   Code   RO          837    i.HAL_PCD_SetupStageCallback  usbd_conf.o
    0x08003f78   0x08003f78   0x0000002a   Code   RO         1448    i.HAL_PCD_Start     stm32g4xx_hal_pcd.o
    0x08003fa2   0x08003fa2   0x00000002   PAD
    0x08003fa4   0x08003fa4   0x00000024   Code   RO          838    i.HAL_PCD_SuspendCallback  usbd_conf.o
    0x08003fc8   0x08003fc8   0x000000bc   Code   RO         2998    i.HAL_PWREx_ControlVoltageScaling  stm32g4xx_hal_pwr_ex.o
    0x08004084   0x08004084   0x00000010   Code   RO         3010    i.HAL_PWREx_DisableUCPDDeadBattery  stm32g4xx_hal_pwr_ex.o
    0x08004094   0x08004094   0x00000300   Code   RO         2241    i.HAL_RCCEx_PeriphCLKConfig  stm32g4xx_hal_rcc_ex.o
    0x08004394   0x08004394   0x000001dc   Code   RO         2116    i.HAL_RCC_ClockConfig  stm32g4xx_hal_rcc.o
    0x08004570   0x08004570   0x00000040   Code   RO         2121    i.HAL_RCC_GetClockConfig  stm32g4xx_hal_rcc.o
    0x080045b0   0x080045b0   0x00000024   Code   RO         2124    i.HAL_RCC_GetPCLK1Freq  stm32g4xx_hal_rcc.o
    0x080045d4   0x080045d4   0x00000024   Code   RO         2125    i.HAL_RCC_GetPCLK2Freq  stm32g4xx_hal_rcc.o
    0x080045f8   0x080045f8   0x0000006c   Code   RO         2126    i.HAL_RCC_GetSysClockFreq  stm32g4xx_hal_rcc.o
    0x08004664   0x08004664   0x00000404   Code   RO         2129    i.HAL_RCC_OscConfig  stm32g4xx_hal_rcc.o
    0x08004a68   0x08004a68   0x000000ea   Code   RO         3950    i.HAL_SPI_Init      stm32g4xx_hal_spi.o
    0x08004b52   0x08004b52   0x00000002   PAD
    0x08004b54   0x08004b54   0x00000064   Code   RO          524    i.HAL_SPI_MspInit   spi.o
    0x08004bb8   0x08004bb8   0x00000272   Code   RO         3959    i.HAL_SPI_TransmitReceive  stm32g4xx_hal_spi.o
    0x08004e2a   0x08004e2a   0x00000002   Code   RO         5006    i.HAL_TIMEx_Break2Callback  stm32g4xx_hal_tim_ex.o
    0x08004e2c   0x08004e2c   0x00000002   Code   RO         5007    i.HAL_TIMEx_BreakCallback  stm32g4xx_hal_tim_ex.o
    0x08004e2e   0x08004e2e   0x00000002   Code   RO         5008    i.HAL_TIMEx_CommutCallback  stm32g4xx_hal_tim_ex.o
    0x08004e30   0x08004e30   0x000000a8   Code   RO         5011    i.HAL_TIMEx_ConfigBreakDeadTime  stm32g4xx_hal_tim_ex.o
    0x08004ed8   0x08004ed8   0x00000002   Code   RO         5019    i.HAL_TIMEx_DirectionChangeCallback  stm32g4xx_hal_tim_ex.o
    0x08004eda   0x08004eda   0x00000002   Code   RO         5033    i.HAL_TIMEx_EncoderIndexCallback  stm32g4xx_hal_tim_ex.o
    0x08004edc   0x08004edc   0x00000002   Code   RO         5047    i.HAL_TIMEx_IndexErrorCallback  stm32g4xx_hal_tim_ex.o
    0x08004ede   0x08004ede   0x00000002   PAD
    0x08004ee0   0x08004ee0   0x000000b8   Code   RO         5048    i.HAL_TIMEx_MasterConfigSynchronization  stm32g4xx_hal_tim_ex.o
    0x08004f98   0x08004f98   0x000000cc   Code   RO         5049    i.HAL_TIMEx_OCN_Start  stm32g4xx_hal_tim_ex.o
    0x08005064   0x08005064   0x00000068   Code   RO         5052    i.HAL_TIMEx_OCN_Stop  stm32g4xx_hal_tim_ex.o
    0x080050cc   0x080050cc   0x000000cc   Code   RO         5060    i.HAL_TIMEx_PWMN_Start  stm32g4xx_hal_tim_ex.o
    0x08005198   0x08005198   0x00000002   Code   RO         5069    i.HAL_TIMEx_TransitionErrorCallback  stm32g4xx_hal_tim_ex.o
    0x0800519a   0x0800519a   0x00000064   Code   RO         4290    i.HAL_TIM_Base_DeInit  stm32g4xx_hal_tim.o
    0x080051fe   0x080051fe   0x00000062   Code   RO         4292    i.HAL_TIM_Base_Init  stm32g4xx_hal_tim.o
    0x08005260   0x08005260   0x0000002c   Code   RO          565    i.HAL_TIM_Base_MspDeInit  tim.o
    0x0800528c   0x0800528c   0x0000003c   Code   RO          566    i.HAL_TIM_Base_MspInit  tim.o
    0x080052c8   0x080052c8   0x00000080   Code   RO         4295    i.HAL_TIM_Base_Start  stm32g4xx_hal_tim.o
    0x08005348   0x08005348   0x0000008c   Code   RO         4297    i.HAL_TIM_Base_Start_IT  stm32g4xx_hal_tim.o
    0x080053d4   0x080053d4   0x000000f0   Code   RO         4301    i.HAL_TIM_ConfigClockSource  stm32g4xx_hal_tim.o
    0x080054c4   0x080054c4   0x00000026   Code   RO         4323    i.HAL_TIM_GenerateEvent  stm32g4xx_hal_tim.o
    0x080054ea   0x080054ea   0x00000002   Code   RO         4326    i.HAL_TIM_IC_CaptureCallback  stm32g4xx_hal_tim.o
    0x080054ec   0x080054ec   0x000001a2   Code   RO         4340    i.HAL_TIM_IRQHandler  stm32g4xx_hal_tim.o
    0x0800568e   0x0800568e   0x00000002   PAD
    0x08005690   0x08005690   0x00000094   Code   RO          567    i.HAL_TIM_MspPostInit  tim.o
    0x08005724   0x08005724   0x0000006e   Code   RO         4341    i.HAL_TIM_OC_ConfigChannel  stm32g4xx_hal_tim.o
    0x08005792   0x08005792   0x00000002   Code   RO         4343    i.HAL_TIM_OC_DelayElapsedCallback  stm32g4xx_hal_tim.o
    0x08005794   0x08005794   0x00000114   Code   RO         4348    i.HAL_TIM_OC_Start  stm32g4xx_hal_tim.o
    0x080058a8   0x080058a8   0x00000124   Code   RO         4364    i.HAL_TIM_PWM_ConfigChannel  stm32g4xx_hal_tim.o
    0x080059cc   0x080059cc   0x00000062   Code   RO         4367    i.HAL_TIM_PWM_Init  stm32g4xx_hal_tim.o
    0x08005a2e   0x08005a2e   0x00000002   Code   RO         4369    i.HAL_TIM_PWM_MspInit  stm32g4xx_hal_tim.o
    0x08005a30   0x08005a30   0x00000002   Code   RO         4370    i.HAL_TIM_PWM_PulseFinishedCallback  stm32g4xx_hal_tim.o
    0x08005a32   0x08005a32   0x00000002   PAD
    0x08005a34   0x08005a34   0x00000114   Code   RO         4372    i.HAL_TIM_PWM_Start  stm32g4xx_hal_tim.o
    0x08005b48   0x08005b48   0x000000b8   Code   RO         4375    i.HAL_TIM_PWM_Stop  stm32g4xx_hal_tim.o
    0x08005c00   0x08005c00   0x00000014   Code   RO           14    i.HAL_TIM_PeriodElapsedCallback  main.o
    0x08005c14   0x08005c14   0x00000056   Code   RO         4381    i.HAL_TIM_SlaveConfigSynchro  stm32g4xx_hal_tim.o
    0x08005c6a   0x08005c6a   0x00000002   Code   RO         4383    i.HAL_TIM_TriggerCallback  stm32g4xx_hal_tim.o
    0x08005c6c   0x08005c6c   0x0000003e   Code   RO         5855    i.HAL_UARTEx_DisableFifoMode  stm32g4xx_hal_uart_ex.o
    0x08005caa   0x08005caa   0x00000002   Code   RO         5444    i.HAL_UARTEx_RxEventCallback  stm32g4xx_hal_uart.o
    0x08005cac   0x08005cac   0x00000002   Code   RO         5863    i.HAL_UARTEx_RxFifoFullCallback  stm32g4xx_hal_uart_ex.o
    0x08005cae   0x08005cae   0x0000004c   Code   RO         5864    i.HAL_UARTEx_SetRxFifoThreshold  stm32g4xx_hal_uart_ex.o
    0x08005cfa   0x08005cfa   0x0000004c   Code   RO         5865    i.HAL_UARTEx_SetTxFifoThreshold  stm32g4xx_hal_uart_ex.o
    0x08005d46   0x08005d46   0x00000002   Code   RO         5867    i.HAL_UARTEx_TxFifoEmptyCallback  stm32g4xx_hal_uart_ex.o
    0x08005d48   0x08005d48   0x00000002   Code   RO         5868    i.HAL_UARTEx_WakeupCallback  stm32g4xx_hal_uart_ex.o
    0x08005d4a   0x08005d4a   0x00000002   Code   RO         5460    i.HAL_UART_ErrorCallback  stm32g4xx_hal_uart.o
    0x08005d4c   0x08005d4c   0x0000031c   Code   RO         5463    i.HAL_UART_IRQHandler  stm32g4xx_hal_uart.o
    0x08006068   0x08006068   0x0000006a   Code   RO         5464    i.HAL_UART_Init     stm32g4xx_hal_uart.o
    0x080060d2   0x080060d2   0x00000002   PAD
    0x080060d4   0x080060d4   0x000000f4   Code   RO          621    i.HAL_UART_MspInit  usart.o
    0x080061c8   0x080061c8   0x00000002   Code   RO         5476    i.HAL_UART_TxCpltCallback  stm32g4xx_hal_uart.o
    0x080061ca   0x080061ca   0x00000002   Code   RO          668    i.HardFault_Handler  stm32g4xx_it.o
    0x080061cc   0x080061cc   0x00000038   Code   RO         1085    i.IntToUnicode      usbd_desc.o
    0x08006204   0x08006204   0x0000000c   Code   RO         3444    i.LL_ADC_GetOffsetChannel  stm32g4xx_hal_adc.o
    0x08006210   0x08006210   0x00000008   Code   RO         3445    i.LL_ADC_INJ_IsConversionOngoing  stm32g4xx_hal_adc.o
    0x08006218   0x08006218   0x00000008   Code   RO         3446    i.LL_ADC_REG_IsConversionOngoing  stm32g4xx_hal_adc.o
    0x08006220   0x08006220   0x00000008   Code   RO         3679    i.LL_ADC_REG_IsConversionOngoing  stm32g4xx_hal_adc_ex.o
    0x08006228   0x08006228   0x00000010   Code   RO         3447    i.LL_ADC_REG_IsTriggerSourceSWStart  stm32g4xx_hal_adc.o
    0x08006238   0x08006238   0x0000001e   Code   RO         3449    i.LL_ADC_SetChannelSamplingTime  stm32g4xx_hal_adc.o
    0x08006256   0x08006256   0x00000010   Code   RO         3450    i.LL_ADC_SetOffsetState  stm32g4xx_hal_adc.o
    0x08006266   0x08006266   0x00000002   PAD
    0x08006268   0x08006268   0x00000124   Code   RO          452    i.MX_ADC1_Init      adc.o
    0x0800638c   0x0800638c   0x000000fc   Code   RO          453    i.MX_ADC2_Init      adc.o
    0x08006488   0x08006488   0x0000005c   Code   RO          499    i.MX_DMA_Init       dma.o
    0x080064e4   0x080064e4   0x0000005c   Code   RO          361    i.MX_FREERTOS_Init  app_freertos.o
    0x08006540   0x08006540   0x000000b8   Code   RO          337    i.MX_GPIO_Init      gpio.o
    0x080065f8   0x080065f8   0x00000050   Code   RO          525    i.MX_SPI1_Init      spi.o
    0x08006648   0x08006648   0x0000011c   Code   RO          568    i.MX_TIM1_Init      tim.o
    0x08006764   0x08006764   0x000000b4   Code   RO          569    i.MX_TIM2_Init      tim.o
    0x08006818   0x08006818   0x00000068   Code   RO          622    i.MX_USART3_UART_Init  usart.o
    0x08006880   0x08006880   0x00000054   Code   RO         1050    i.MX_USB_Device_Init  usb_device.o
    0x080068d4   0x080068d4   0x00000002   Code   RO          669    i.MemManage_Handler  stm32g4xx_it.o
    0x080068d6   0x080068d6   0x00000002   PAD
    0x080068d8   0x080068d8   0x00000070   Code   RO          670    i.NMI_Handler       stm32g4xx_it.o
    0x08006948   0x08006948   0x00000342   Code   RO         1451    i.PCD_EP_ISR_Handler  stm32g4xx_hal_pcd.o
    0x08006c8a   0x08006c8a   0x00000002   PAD
    0x08006c8c   0x08006c8c   0x000003c4   Code   RO         9851    i.PagesTransfer     eeprom_emul.o
    0x08007050   0x08007050   0x0000014c   Code   RO         9852    i.ReadVariable      eeprom_emul.o
    0x0800719c   0x0800719c   0x00000048   Code   RO         3988    i.SPI_EndRxTxTransaction  stm32g4xx_hal_spi.o
    0x080071e4   0x080071e4   0x000000e0   Code   RO         3993    i.SPI_WaitFifoStateUntilTimeout  stm32g4xx_hal_spi.o
    0x080072c4   0x080072c4   0x000000b8   Code   RO         3994    i.SPI_WaitFlagStateUntilTimeout  stm32g4xx_hal_spi.o
    0x0800737c   0x0800737c   0x0000000a   Code   RO         6149    i.SWAPBYTE          usbd_ctlreq.o
    0x08007386   0x08007386   0x00000002   PAD
    0x08007388   0x08007388   0x00000150   Code   RO         9853    i.SetPageState      eeprom_emul.o
    0x080074d8   0x080074d8   0x0000013c   Code   RO          362    i.StartDefaultTask  app_freertos.o
    0x08007614   0x08007614   0x0000001a   Code   RO        11512    i.SysTick_Handler   cmsis_os2.o
    0x0800762e   0x0800762e   0x0000006c   Code   RO           15    i.SystemClock_Config  main.o
    0x0800769a   0x0800769a   0x00000002   PAD
    0x0800769c   0x0800769c   0x00000010   Code   RO         5974    i.SystemInit        system_stm32g4xx.o
    0x080076ac   0x080076ac   0x00000098   Code   RO         9637    i.TIM5_IRQHandler   timer.o
    0x08007744   0x08007744   0x0000000c   Code   RO          671    i.TIM6_DAC_IRQHandler  stm32g4xx_it.o
    0x08007750   0x08007750   0x000000e4   Code   RO         4385    i.TIM_Base_SetConfig  stm32g4xx_hal_tim.o
    0x08007834   0x08007834   0x0000001a   Code   RO         4386    i.TIM_CCxChannelCmd  stm32g4xx_hal_tim.o
    0x0800784e   0x0800784e   0x0000001a   Code   RO         5072    i.TIM_CCxNChannelCmd  stm32g4xx_hal_tim_ex.o
    0x08007868   0x08007868   0x00000014   Code   RO         4396    i.TIM_ETR_SetConfig  stm32g4xx_hal_tim.o
    0x0800787c   0x0800787c   0x00000014   Code   RO         4397    i.TIM_ITRx_SetConfig  stm32g4xx_hal_tim.o
    0x08007890   0x08007890   0x000000ac   Code   RO         4398    i.TIM_OC1_SetConfig  stm32g4xx_hal_tim.o
    0x0800793c   0x0800793c   0x000000a0   Code   RO         4399    i.TIM_OC2_SetConfig  stm32g4xx_hal_tim.o
    0x080079dc   0x080079dc   0x000000a0   Code   RO         4400    i.TIM_OC3_SetConfig  stm32g4xx_hal_tim.o
    0x08007a7c   0x08007a7c   0x000000a0   Code   RO         4401    i.TIM_OC4_SetConfig  stm32g4xx_hal_tim.o
    0x08007b1c   0x08007b1c   0x00000078   Code   RO         4402    i.TIM_OC5_SetConfig  stm32g4xx_hal_tim.o
    0x08007b94   0x08007b94   0x0000007c   Code   RO         4403    i.TIM_OC6_SetConfig  stm32g4xx_hal_tim.o
    0x08007c10   0x08007c10   0x000000d4   Code   RO         4404    i.TIM_SlaveTimer_SetConfig  stm32g4xx_hal_tim.o
    0x08007ce4   0x08007ce4   0x00000022   Code   RO         4405    i.TIM_TI1_ConfigInputStage  stm32g4xx_hal_tim.o
    0x08007d06   0x08007d06   0x00000024   Code   RO         4407    i.TIM_TI2_ConfigInputStage  stm32g4xx_hal_tim.o
    0x08007d2a   0x08007d2a   0x00000002   PAD
    0x08007d2c   0x08007d2c   0x00000044   Code   RO         5869    i.UARTEx_SetNbDataToProcess  stm32g4xx_hal_uart_ex.o
    0x08007d70   0x08007d70   0x000000c8   Code   RO         5478    i.UART_AdvFeatureConfig  stm32g4xx_hal_uart.o
    0x08007e38   0x08007e38   0x000000ac   Code   RO         5479    i.UART_CheckIdleState  stm32g4xx_hal_uart.o
    0x08007ee4   0x08007ee4   0x00000010   Code   RO         5480    i.UART_DMAAbortOnError  stm32g4xx_hal_uart.o
    0x08007ef4   0x08007ef4   0x00000054   Code   RO         5490    i.UART_EndRxTransfer  stm32g4xx_hal_uart.o
    0x08007f48   0x08007f48   0x00000298   Code   RO         5496    i.UART_SetConfig    stm32g4xx_hal_uart.o
    0x080081e0   0x080081e0   0x00000094   Code   RO         5503    i.UART_WaitOnFlagUntilTimeout  stm32g4xx_hal_uart.o
    0x08008274   0x08008274   0x0000000c   Code   RO          672    i.USART3_IRQHandler  stm32g4xx_it.o
    0x08008280   0x08008280   0x00000020   Code   RO         1086    i.USBD_CDC_ConfigStrDescriptor  usbd_desc.o
    0x080082a0   0x080082a0   0x0000005e   Code   RO         6282    i.USBD_CDC_DataIn   usbd_cdc.o
    0x080082fe   0x080082fe   0x0000002a   Code   RO         6283    i.USBD_CDC_DataOut  usbd_cdc.o
    0x08008328   0x08008328   0x00000048   Code   RO         6284    i.USBD_CDC_DeInit   usbd_cdc.o
    0x08008370   0x08008370   0x0000000c   Code   RO         1087    i.USBD_CDC_DeviceDescriptor  usbd_desc.o
    0x0800837c   0x0800837c   0x0000002e   Code   RO         6285    i.USBD_CDC_EP0_RxReady  usbd_cdc.o
    0x080083aa   0x080083aa   0x00000002   PAD
    0x080083ac   0x080083ac   0x0000000c   Code   RO         6286    i.USBD_CDC_GetDeviceQualifierDescriptor  usbd_cdc.o
    0x080083b8   0x080083b8   0x0000000c   Code   RO         6287    i.USBD_CDC_GetFSCfgDesc  usbd_cdc.o
    0x080083c4   0x080083c4   0x0000000c   Code   RO         6288    i.USBD_CDC_GetHSCfgDesc  usbd_cdc.o
    0x080083d0   0x080083d0   0x0000000c   Code   RO         6289    i.USBD_CDC_GetOtherSpeedCfgDesc  usbd_cdc.o
    0x080083dc   0x080083dc   0x000000a2   Code   RO         6290    i.USBD_CDC_Init     usbd_cdc.o
    0x0800847e   0x0800847e   0x00000002   PAD
    0x08008480   0x08008480   0x00000024   Code   RO         1088    i.USBD_CDC_InterfaceStrDescriptor  usbd_desc.o
    0x080084a4   0x080084a4   0x0000000c   Code   RO         1089    i.USBD_CDC_LangIDStrDescriptor  usbd_desc.o
    0x080084b0   0x080084b0   0x00000028   Code   RO         1090    i.USBD_CDC_ManufacturerStrDescriptor  usbd_desc.o
    0x080084d8   0x080084d8   0x0000002c   Code   RO         1091    i.USBD_CDC_ProductStrDescriptor  usbd_desc.o
    0x08008504   0x08008504   0x00000028   Code   RO         6291    i.USBD_CDC_ReceivePacket  usbd_cdc.o
    0x0800852c   0x0800852c   0x0000000e   Code   RO         6292    i.USBD_CDC_RegisterInterface  usbd_cdc.o
    0x0800853a   0x0800853a   0x00000002   PAD
    0x0800853c   0x0800853c   0x00000038   Code   RO         1092    i.USBD_CDC_SerialStrDescriptor  usbd_desc.o
    0x08008574   0x08008574   0x00000012   Code   RO         6293    i.USBD_CDC_SetRxBuffer  usbd_cdc.o
    0x08008586   0x08008586   0x00000016   Code   RO         6294    i.USBD_CDC_SetTxBuffer  usbd_cdc.o
    0x0800859c   0x0800859c   0x000000be   Code   RO         6295    i.USBD_CDC_Setup    usbd_cdc.o
    0x0800865a   0x0800865a   0x00000036   Code   RO         6296    i.USBD_CDC_TransmitPacket  usbd_cdc.o
    0x08008690   0x08008690   0x00000010   Code   RO         6011    i.USBD_ClrClassConfig  usbd_core.o
    0x080086a0   0x080086a0   0x00000010   Code   RO         6222    i.USBD_CtlContinueRx  usbd_ioreq.o
    0x080086b0   0x080086b0   0x00000010   Code   RO         6223    i.USBD_CtlContinueSendData  usbd_ioreq.o
    0x080086c0   0x080086c0   0x00000016   Code   RO         6150    i.USBD_CtlError     usbd_ctlreq.o
    0x080086d6   0x080086d6   0x0000001e   Code   RO         6224    i.USBD_CtlPrepareRx  usbd_ioreq.o
    0x080086f4   0x080086f4   0x00000016   Code   RO         6225    i.USBD_CtlReceiveStatus  usbd_ioreq.o
    0x0800870a   0x0800870a   0x0000001a   Code   RO         6226    i.USBD_CtlSendData  usbd_ioreq.o
    0x08008724   0x08008724   0x00000016   Code   RO         6227    i.USBD_CtlSendStatus  usbd_ioreq.o
    0x0800873a   0x0800873a   0x000000fa   Code   RO         6151    i.USBD_GetDescriptor  usbd_ctlreq.o
    0x08008834   0x08008834   0x00000048   Code   RO         6152    i.USBD_GetString    usbd_ctlreq.o
    0x0800887c   0x0800887c   0x00000018   Code   RO          839    i.USBD_Get_USB_Status  usbd_conf.o
    0x08008894   0x08008894   0x00000026   Code   RO         6013    i.USBD_Init         usbd_core.o
    0x080088ba   0x080088ba   0x00000012   Code   RO          840    i.USBD_LL_ClearStallEP  usbd_conf.o
    0x080088cc   0x080088cc   0x00000012   Code   RO          841    i.USBD_LL_CloseEP   usbd_conf.o
    0x080088de   0x080088de   0x000000a8   Code   RO         6014    i.USBD_LL_DataInStage  usbd_core.o
    0x08008986   0x08008986   0x0000006c   Code   RO         6015    i.USBD_LL_DataOutStage  usbd_core.o
    0x080089f2   0x080089f2   0x00000008   Code   RO          845    i.USBD_LL_GetRxDataSize  usbd_conf.o
    0x080089fa   0x080089fa   0x00000002   PAD
    0x080089fc   0x080089fc   0x00000084   Code   RO          846    i.USBD_LL_Init      usbd_conf.o
    0x08008a80   0x08008a80   0x0000001e   Code   RO          847    i.USBD_LL_IsStallEP  usbd_conf.o
    0x08008a9e   0x08008a9e   0x00000018   Code   RO          848    i.USBD_LL_OpenEP    usbd_conf.o
    0x08008ab6   0x08008ab6   0x00000012   Code   RO          849    i.USBD_LL_PrepareReceive  usbd_conf.o
    0x08008ac8   0x08008ac8   0x0000005a   Code   RO         6020    i.USBD_LL_Reset     usbd_core.o
    0x08008b22   0x08008b22   0x00000014   Code   RO         6021    i.USBD_LL_Resume    usbd_core.o
    0x08008b36   0x08008b36   0x00000020   Code   RO         6022    i.USBD_LL_SOF       usbd_core.o
    0x08008b56   0x08008b56   0x00000006   Code   RO         6023    i.USBD_LL_SetSpeed  usbd_core.o
    0x08008b5c   0x08008b5c   0x00000012   Code   RO          850    i.USBD_LL_SetUSBAddress  usbd_conf.o
    0x08008b6e   0x08008b6e   0x00000060   Code   RO         6024    i.USBD_LL_SetupStage  usbd_core.o
    0x08008bce   0x08008bce   0x00000012   Code   RO          851    i.USBD_LL_StallEP   usbd_conf.o
    0x08008be0   0x08008be0   0x00000012   Code   RO          852    i.USBD_LL_Start     usbd_conf.o
    0x08008bf2   0x08008bf2   0x00000012   Code   RO         6025    i.USBD_LL_Suspend   usbd_core.o
    0x08008c04   0x08008c04   0x00000012   Code   RO          854    i.USBD_LL_Transmit  usbd_conf.o
    0x08008c16   0x08008c16   0x0000002c   Code   RO         6153    i.USBD_ParseSetupRequest  usbd_ctlreq.o
    0x08008c42   0x08008c42   0x00000024   Code   RO         6026    i.USBD_RegisterClass  usbd_core.o
    0x08008c66   0x08008c66   0x00000014   Code   RO         6028    i.USBD_SetClassConfig  usbd_core.o
    0x08008c7a   0x08008c7a   0x00000002   PAD
    0x08008c7c   0x08008c7c   0x000000bc   Code   RO         6154    i.USBD_SetConfig    usbd_ctlreq.o
    0x08008d38   0x08008d38   0x00000004   Code   RO         6029    i.USBD_Start        usbd_core.o
    0x08008d3c   0x08008d3c   0x00000114   Code   RO         6155    i.USBD_StdDevReq    usbd_ctlreq.o
    0x08008e50   0x08008e50   0x00000140   Code   RO         6156    i.USBD_StdEPReq     usbd_ctlreq.o
    0x08008f90   0x08008f90   0x00000052   Code   RO         6157    i.USBD_StdItfReq    usbd_ctlreq.o
    0x08008fe2   0x08008fe2   0x00000002   Code   RO          855    i.USBD_static_free  usbd_conf.o
    0x08008fe4   0x08008fe4   0x00000008   Code   RO          856    i.USBD_static_malloc  usbd_conf.o
    0x08008fec   0x08008fec   0x0000036a   Code   RO         1713    i.USB_ActivateEndpoint  stm32g4xx_ll_usb.o
    0x08009356   0x08009356   0x0000010e   Code   RO         1717    i.USB_DeactivateEndpoint  stm32g4xx_ll_usb.o
    0x08009464   0x08009464   0x0000000e   Code   RO         1718    i.USB_DevConnect    stm32g4xx_ll_usb.o
    0x08009472   0x08009472   0x00000012   Code   RO         1720    i.USB_DevInit       stm32g4xx_ll_usb.o
    0x08009484   0x08009484   0x00000010   Code   RO         1721    i.USB_DisableGlobalInt  stm32g4xx_ll_usb.o
    0x08009494   0x08009494   0x00000070   Code   RO         1722    i.USB_EPClearStall  stm32g4xx_ll_usb.o
    0x08009504   0x08009504   0x00000032   Code   RO         1723    i.USB_EPSetStall    stm32g4xx_ll_usb.o
    0x08009536   0x08009536   0x00000002   PAD
    0x08009538   0x08009538   0x0000036e   Code   RO         1724    i.USB_EPStartXfer   stm32g4xx_ll_usb.o
    0x080098a6   0x080098a6   0x00000012   Code   RO         1726    i.USB_EnableGlobalInt  stm32g4xx_ll_usb.o
    0x080098b8   0x080098b8   0x0000000c   Code   RO          673    i.USB_LP_IRQHandler  stm32g4xx_it.o
    0x080098c4   0x080098c4   0x00000006   Code   RO         1729    i.USB_ReadInterrupts  stm32g4xx_ll_usb.o
    0x080098ca   0x080098ca   0x00000028   Code   RO         1730    i.USB_ReadPMA       stm32g4xx_ll_usb.o
    0x080098f2   0x080098f2   0x0000000c   Code   RO         1732    i.USB_SetDevAddress  stm32g4xx_ll_usb.o
    0x080098fe   0x080098fe   0x00000002   PAD
    0x08009900   0x08009900   0x00000026   Code   RO         1734    i.USB_WritePMA      stm32g4xx_ll_usb.o
    0x08009926   0x08009926   0x00000002   Code   RO          674    i.UsageFault_Handler  stm32g4xx_it.o
    0x08009928   0x08009928   0x00000022   Code   RO         9854    i.VerifyPageFullyErased  eeprom_emul.o
    0x0800994a   0x0800994a   0x00000002   PAD
    0x0800994c   0x0800994c   0x000000b4   Code   RO         9855    i.VerifyPagesFullWriteVariable  eeprom_emul.o
    0x08009a00   0x08009a00   0x0000001e   Code   RO         9856    i.WriteVariable     eeprom_emul.o
    0x08009a1e   0x08009a1e   0x00000002   PAD
    0x08009a20   0x08009a20   0x00000028   Code   RO        12580    i.__0sprintf        mc_w.l(printfa.o)
    0x08009a48   0x08009a48   0x00000034   Code   RO        12583    i.__0vsnprintf      mc_w.l(printfa.o)
    0x08009a7c   0x08009a7c   0x00000026   Code   RO        12664    i.__ARM_fpclassifyf  m_wm.l(fpclassifyf.o)
    0x08009aa2   0x08009aa2   0x0000000c   Code   RO         6388    i.__ARM_isnanf      mcpwm_foc.o
    0x08009aae   0x08009aae   0x0000000c   Code   RO         7126    i.__ARM_isnanf      foc_math.o
    0x08009aba   0x08009aba   0x00000020   Code   RO         3257    i.__NVIC_SetPriority  stm32g4xx_hal_cortex.o
    0x08009ada   0x08009ada   0x00000002   PAD
    0x08009adc   0x08009adc   0x00000070   Code   RO        12198    i.__hardfp_floorf   m_wm.l(floorf.o)
    0x08009b4c   0x08009b4c   0x00000048   Code   RO        12298    i.__hardfp_fmaxf    m_wm.l(fmaxf.o)
    0x08009b94   0x08009b94   0x000000b0   Code   RO        12204    i.__hardfp_fmodf    m_wm.l(fmodf.o)
    0x08009c44   0x08009c44   0x00000054   Code   RO        12216    i.__hardfp_frexpf   m_wm.l(frexpf.o)
    0x08009c98   0x08009c98   0x0000016c   Code   RO        12234    i.__hardfp_logf     m_wm.l(logf.o)
    0x08009e04   0x08009e04   0x00000664   Code   RO        12248    i.__hardfp_powf     m_wm.l(powf.o)
    0x0800a468   0x0800a468   0x0000003a   Code   RO        12274    i.__hardfp_sqrtf    m_wm.l(sqrtf.o)
    0x0800a4a2   0x0800a4a2   0x00000002   PAD
    0x0800a4a4   0x0800a4a4   0x00000014   Code   RO        12666    i.__mathlib_flt_divzero  m_wm.l(funder.o)
    0x0800a4b8   0x0800a4b8   0x00000006   Code   RO        12667    i.__mathlib_flt_infnan  m_wm.l(funder.o)
    0x0800a4be   0x0800a4be   0x00000006   Code   RO        12668    i.__mathlib_flt_infnan2  m_wm.l(funder.o)
    0x0800a4c4   0x0800a4c4   0x00000010   Code   RO        12669    i.__mathlib_flt_invalid  m_wm.l(funder.o)
    0x0800a4d4   0x0800a4d4   0x00000010   Code   RO        12670    i.__mathlib_flt_overflow  m_wm.l(funder.o)
    0x0800a4e4   0x0800a4e4   0x00000010   Code   RO        12672    i.__mathlib_flt_underflow  m_wm.l(funder.o)
    0x0800a4f4   0x0800a4f4   0x0000000e   Code   RO        12751    i.__scatterload_copy  mc_w.l(handlers.o)
    0x0800a502   0x0800a502   0x00000002   Code   RO        12752    i.__scatterload_null  mc_w.l(handlers.o)
    0x0800a504   0x0800a504   0x0000000e   Code   RO        12753    i.__scatterload_zeroinit  mc_w.l(handlers.o)
    0x0800a512   0x0800a512   0x00000002   PAD
    0x0800a514   0x0800a514   0x0000000c   Code   RO        12708    i.__set_errno       mc_w.l(errno.o)
    0x0800a520   0x0800a520   0x00000184   Code   RO        12585    i._fp_digits        mc_w.l(printfa.o)
    0x0800a6a4   0x0800a6a4   0x000006b4   Code   RO        12586    i._printf_core      mc_w.l(printfa.o)
    0x0800ad58   0x0800ad58   0x00000024   Code   RO        12587    i._printf_post_padding  mc_w.l(printfa.o)
    0x0800ad7c   0x0800ad7c   0x0000002e   Code   RO        12588    i._printf_pre_padding  mc_w.l(printfa.o)
    0x0800adaa   0x0800adaa   0x00000016   Code   RO        12589    i._snputc           mc_w.l(printfa.o)
    0x0800adc0   0x0800adc0   0x0000000a   Code   RO        12590    i._sputc            mc_w.l(printfa.o)
    0x0800adca   0x0800adca   0x00000002   PAD
    0x0800adcc   0x0800adcc   0x000000bc   Code   RO        10046    i.bms_init          bms.o
    0x0800ae88   0x0800ae88   0x0000006c   Code   RO         9638    i.bsp_StartHardTimer  timer.o
    0x0800aef4   0x0800aef4   0x00000088   Code   RO         8550    i.buffer_append_float32_auto  buffer.o
    0x0800af7c   0x0800af7c   0x00000016   Code   RO         8552    i.buffer_append_int16  buffer.o
    0x0800af92   0x0800af92   0x0000002a   Code   RO         8553    i.buffer_append_int32  buffer.o
    0x0800afbc   0x0800afbc   0x0000002a   Code   RO         8556    i.buffer_append_uint32  buffer.o
    0x0800afe6   0x0800afe6   0x00000002   PAD
    0x0800afe8   0x0800afe8   0x00000054   Code   RO        10239    i.conf_general_calc_apply_foc_cc_kp_ki_gain  conf_general.o
    0x0800b03c   0x0800b03c   0x00000910   Code   RO        10241    i.conf_general_detect_apply_all_foc  conf_general.o
    0x0800b94c   0x0800b94c   0x0000051c   Code   RO        10243    i.conf_general_init  conf_general.o
    0x0800be68   0x0800be68   0x00000ae8   Code   RO        10245    i.conf_general_measure_flux_linkage_openloop  conf_general.o
    0x0800c950   0x0800c950   0x00000076   Code   RO        10249    i.conf_general_read_mc_configuration  conf_general.o
    0x0800c9c6   0x0800c9c6   0x00000002   PAD
    0x0800c9c8   0x0800c9c8   0x000000cc   Code   RO        10251    i.conf_general_store_backup_data  conf_general.o
    0x0800ca94   0x0800ca94   0x000000f0   Code   RO        10254    i.conf_general_store_mc_configuration  conf_general.o
    0x0800cb84   0x0800cb84   0x00000022   Code   RO          363    i.confgeneralTask   app_freertos.o
    0x0800cba6   0x0800cba6   0x00000002   PAD
    0x0800cba8   0x0800cba8   0x000005cc   Code   RO        10179    i.confgenerator_set_defaults_mcconf  confgenerator.o
    0x0800d174   0x0800d174   0x00000d10   Code   RO         6389    i.control_current   mcpwm_foc.o
    0x0800de84   0x0800de84   0x0000002c   Code   RO         8989    i.crc16             crc.o
    0x0800deb0   0x0800deb0   0x00000074   Code   RO        10961    i.eTaskGetState     tasks.o
    0x0800df24   0x0800df24   0x00000134   Code   RO         8307    i.enc_mt6816_routine  enc_mt6816.o
    0x0800e058   0x0800e058   0x00000068   Code   RO         8337    i.encoder_check_faults  encoder.o
    0x0800e0c0   0x0800e0c0   0x0000000c   Code   RO         8338    i.encoder_deinit    encoder.o
    0x0800e0cc   0x0800e0cc   0x0000001c   Code   RO         8340    i.encoder_index_found  encoder.o
    0x0800e0e8   0x0800e0e8   0x00000040   Code   RO         8341    i.encoder_init      encoder.o
    0x0800e128   0x0800e128   0x0000000c   Code   RO         8342    i.encoder_is_configured  encoder.o
    0x0800e134   0x0800e134   0x00000034   Code   RO         8344    i.encoder_read_deg  encoder.o
    0x0800e168   0x0800e168   0x00000004   Code   RO         8345    i.encoder_read_deg_multiturn  encoder.o
    0x0800e16c   0x0800e16c   0x00000058   Code   RO         8351    i.encoder_update_config  encoder.o
    0x0800e1c4   0x0800e1c4   0x00000158   Code   RO         7235    i.fault_stop_thread  mc_interface.o
    0x0800e31c   0x0800e31c   0x00000054   Code   RO         7127    i.foc_correct_encoder  foc_math.o
    0x0800e370   0x0800e370   0x00000080   Code   RO         7129    i.foc_hfi_adjust_angle  foc_math.o
    0x0800e3f0   0x0800e3f0   0x000004b4   Code   RO         7130    i.foc_observer_update  foc_math.o
    0x0800e8a4   0x0800e8a4   0x00000090   Code   RO         7131    i.foc_pll_run       foc_math.o
    0x0800e934   0x0800e934   0x00000074   Code   RO         7132    i.foc_precalc_values  foc_math.o
    0x0800e9a8   0x0800e9a8   0x000000cc   Code   RO         7133    i.foc_run_fw        foc_math.o
    0x0800ea74   0x0800ea74   0x000001dc   Code   RO         7134    i.foc_run_pid_control_pos  foc_math.o
    0x0800ec50   0x0800ec50   0x000001bc   Code   RO         7135    i.foc_run_pid_control_speed  foc_math.o
    0x0800ee0c   0x0800ee0c   0x00000294   Code   RO         7136    i.foc_svm           foc_math.o
    0x0800f0a0   0x0800f0a0   0x000000e8   Code   RO         6390    i.full_brake_hw     mcpwm_foc.o
    0x0800f188   0x0800f188   0x000000f0   Code   RO         8504    i.hw_custom_get_temp  hw_custom.o
    0x0800f278   0x0800f278   0x00000044   Code   RO         6392    i.init_audio_state  mcpwm_foc.o
    0x0800f2bc   0x0800f2bc   0x0000007c   Code   RO           16    i.main              main.o
    0x0800f338   0x0800f338   0x00000038   Code   RO          364    i.managerTask       app_freertos.o
    0x0800f370   0x0800f370   0x0000002c   Code   RO         7238    i.mc_interface_calc_crc  mc_interface.o
    0x0800f39c   0x0800f39c   0x00000020   Code   RO         7239    i.mc_interface_dccal_done  mc_interface.o
    0x0800f3bc   0x0800f3bc   0x00000028   Code   RO         7240    i.mc_interface_fault_stop  mc_interface.o
    0x0800f3e4   0x0800f3e4   0x00000024   Code   RO         7242    i.mc_interface_get_abs_motor_current_unbalance  mc_interface.o
    0x0800f408   0x0800f408   0x00000008   Code   RO         7246    i.mc_interface_get_configuration  mc_interface.o
    0x0800f410   0x0800f410   0x00000054   Code   RO         7249    i.mc_interface_get_distance_abs  mc_interface.o
    0x0800f464   0x0800f464   0x0000006c   Code   RO         7250    i.mc_interface_get_duty_cycle_now  mc_interface.o
    0x0800f4d0   0x0800f4d0   0x0000000c   Code   RO         7252    i.mc_interface_get_fault  mc_interface.o
    0x0800f4dc   0x0800f4dc   0x0000000c   Code   RO         7253    i.mc_interface_get_input_voltage_filtered  mc_interface.o
    0x0800f4e8   0x0800f4e8   0x00000028   Code   RO         7254    i.mc_interface_get_last_inj_adc_isr_duration  mc_interface.o
    0x0800f510   0x0800f510   0x00000004   Code   RO         7256    i.mc_interface_get_motor_thread  mc_interface.o
    0x0800f514   0x0800f514   0x0000006c   Code   RO         7260    i.mc_interface_get_rpm  mc_interface.o
    0x0800f580   0x0800f580   0x00000028   Code   RO         7261    i.mc_interface_get_sampling_frequency_now  mc_interface.o
    0x0800f5a8   0x0800f5a8   0x00000020   Code   RO         7264    i.mc_interface_get_state  mc_interface.o
    0x0800f5c8   0x0800f5c8   0x00000028   Code   RO         7265    i.mc_interface_get_tachometer_abs_value  mc_interface.o
    0x0800f5f0   0x0800f5f0   0x00000068   Code   RO         7266    i.mc_interface_get_tachometer_value  mc_interface.o
    0x0800f658   0x0800f658   0x00000028   Code   RO         7267    i.mc_interface_get_tot_current  mc_interface.o
    0x0800f680   0x0800f680   0x00000028   Code   RO         7270    i.mc_interface_get_tot_current_filtered  mc_interface.o
    0x0800f6a8   0x0800f6a8   0x000000c8   Code   RO         7278    i.mc_interface_init  mc_interface.o
    0x0800f770   0x0800f770   0x00000010   Code   RO         7279    i.mc_interface_lock  mc_interface.o
    0x0800f780   0x0800f780   0x00000010   Code   RO         7280    i.mc_interface_lock_override_once  mc_interface.o
    0x0800f790   0x0800f790   0x000006dc   Code   RO         7281    i.mc_interface_mc_timer_isr  mc_interface.o
    0x0800fe6c   0x0800fe6c   0x00000030   Code   RO         7290    i.mc_interface_release_motor  mc_interface.o
    0x0800fe9c   0x0800fe9c   0x00000002   Code   RO         7294    i.mc_interface_select_motor_thread  mc_interface.o
    0x0800fe9e   0x0800fe9e   0x00000002   PAD
    0x0800fea0   0x0800fea0   0x00000d60   Code   RO         7297    i.mc_interface_set_configuration  mc_interface.o
    0x08010c00   0x08010c00   0x00000014   Code   RO         7303    i.mc_interface_set_fault_info  mc_interface.o
    0x08010c14   0x08010c14   0x0000007c   Code   RO         7307    i.mc_interface_set_openloop_current  mc_interface.o
    0x08010c90   0x08010c90   0x00000028   Code   RO         7320    i.mc_interface_stat_reset  mc_interface.o
    0x08010cb8   0x08010cb8   0x0000000c   Code   RO         7328    i.mc_interface_temp_motor_filtered  mc_interface.o
    0x08010cc4   0x08010cc4   0x00000060   Code   RO         7329    i.mc_interface_try_input  mc_interface.o
    0x08010d24   0x08010d24   0x00000010   Code   RO         7330    i.mc_interface_unlock  mc_interface.o
    0x08010d34   0x08010d34   0x00000080   Code   RO         7332    i.mc_interface_wait_for_motor_release  mc_interface.o
    0x08010db4   0x08010db4   0x00000014   Code   RO         7911    i.mcpwm_deinit      mcpwm.o
    0x08010dc8   0x08010dc8   0x00001094   Code   RO         6393    i.mcpwm_foc_adc_int_handler  mcpwm_foc.o
    0x08011e5c   0x08011e5c   0x0000035c   Code   RO         6396    i.mcpwm_foc_dc_cal  mcpwm_foc.o
    0x080121b8   0x080121b8   0x00000014   Code   RO         6397    i.mcpwm_foc_deinit  mcpwm_foc.o
    0x080121cc   0x080121cc   0x0000000c   Code   RO         6401    i.mcpwm_foc_get_abs_motor_current_filtered_motor  mcpwm_foc.o
    0x080121d8   0x080121d8   0x0000000c   Code   RO         6402    i.mcpwm_foc_get_abs_motor_current_motor  mcpwm_foc.o
    0x080121e4   0x080121e4   0x00000018   Code   RO         6403    i.mcpwm_foc_get_abs_motor_current_unbalance  mcpwm_foc.o
    0x080121fc   0x080121fc   0x00000028   Code   RO         6406    i.mcpwm_foc_get_current_offsets  mcpwm_foc.o
    0x08012224   0x08012224   0x0000000c   Code   RO         6408    i.mcpwm_foc_get_duty_cycle_now  mcpwm_foc.o
    0x08012230   0x08012230   0x0000000c   Code   RO         6414    i.mcpwm_foc_get_id  mcpwm_foc.o
    0x0801223c   0x0801223c   0x0000000c   Code   RO         6417    i.mcpwm_foc_get_iq  mcpwm_foc.o
    0x08012248   0x08012248   0x0000000c   Code   RO         6420    i.mcpwm_foc_get_last_adc_isr_duration  mcpwm_foc.o
    0x08012254   0x08012254   0x00000028   Code   RO         6426    i.mcpwm_foc_get_phase  mcpwm_foc.o
    0x0801227c   0x0801227c   0x00000028   Code   RO         6427    i.mcpwm_foc_get_phase_encoder  mcpwm_foc.o
    0x080122a4   0x080122a4   0x00000028   Code   RO         6429    i.mcpwm_foc_get_phase_observer  mcpwm_foc.o
    0x080122cc   0x080122cc   0x00000018   Code   RO         6433    i.mcpwm_foc_get_rpm  mcpwm_foc.o
    0x080122e4   0x080122e4   0x00000018   Code   RO         6434    i.mcpwm_foc_get_rpm_fast  mcpwm_foc.o
    0x080122fc   0x080122fc   0x00000018   Code   RO         6435    i.mcpwm_foc_get_rpm_faster  mcpwm_foc.o
    0x08012314   0x08012314   0x00000020   Code   RO         6436    i.mcpwm_foc_get_sampling_frequency_now  mcpwm_foc.o
    0x08012334   0x08012334   0x0000000c   Code   RO         6437    i.mcpwm_foc_get_state  mcpwm_foc.o
    0x08012340   0x08012340   0x0000000c   Code   RO         6438    i.mcpwm_foc_get_state_motor  mcpwm_foc.o
    0x0801234c   0x0801234c   0x00000018   Code   RO         6440    i.mcpwm_foc_get_tachometer_abs_value  mcpwm_foc.o
    0x08012364   0x08012364   0x00000018   Code   RO         6441    i.mcpwm_foc_get_tachometer_value  mcpwm_foc.o
    0x0801237c   0x0801237c   0x00000030   Code   RO         6442    i.mcpwm_foc_get_tot_current  mcpwm_foc.o
    0x080123ac   0x080123ac   0x00000030   Code   RO         6445    i.mcpwm_foc_get_tot_current_filtered  mcpwm_foc.o
    0x080123dc   0x080123dc   0x00000030   Code   RO         6446    i.mcpwm_foc_get_tot_current_filtered_motor  mcpwm_foc.o
    0x0801240c   0x0801240c   0x0000000c   Code   RO         6449    i.mcpwm_foc_get_tot_current_in_filtered_motor  mcpwm_foc.o
    0x08012418   0x08012418   0x00000030   Code   RO         6451    i.mcpwm_foc_get_tot_current_motor  mcpwm_foc.o
    0x08012448   0x08012448   0x0000000c   Code   RO         6453    i.mcpwm_foc_get_vd  mcpwm_foc.o
    0x08012454   0x08012454   0x0000000c   Code   RO         6456    i.mcpwm_foc_get_vq  mcpwm_foc.o
    0x08012460   0x08012460   0x000000a8   Code   RO         6458    i.mcpwm_foc_init    mcpwm_foc.o
    0x08012508   0x08012508   0x0000000c   Code   RO         6459    i.mcpwm_foc_init_done  mcpwm_foc.o
    0x08012514   0x08012514   0x0000000c   Code   RO         6460    i.mcpwm_foc_is_dccal_done  mcpwm_foc.o
    0x08012520   0x08012520   0x0000000c   Code   RO         6461    i.mcpwm_foc_is_using_encoder  mcpwm_foc.o
    0x0801252c   0x0801252c   0x00000340   Code   RO         6463    i.mcpwm_foc_measure_inductance  mcpwm_foc.o
    0x0801286c   0x0801286c   0x0000009c   Code   RO         6464    i.mcpwm_foc_measure_inductance_current  mcpwm_foc.o
    0x08012908   0x08012908   0x00000148   Code   RO         6466    i.mcpwm_foc_measure_resistance  mcpwm_foc.o
    0x08012a50   0x08012a50   0x00000024   Code   RO         6470    i.mcpwm_foc_release_motor  mcpwm_foc.o
    0x08012a74   0x08012a74   0x000000a8   Code   RO         6473    i.mcpwm_foc_set_configuration  mcpwm_foc.o
    0x08012b1c   0x08012b1c   0x00000040   Code   RO         6474    i.mcpwm_foc_set_current  mcpwm_foc.o
    0x08012b5c   0x08012b5c   0x00000020   Code   RO         6477    i.mcpwm_foc_set_duty  mcpwm_foc.o
    0x08012b7c   0x08012b7c   0x00000080   Code   RO         6480    i.mcpwm_foc_set_openloop_current  mcpwm_foc.o
    0x08012bfc   0x08012bfc   0x00000014   Code   RO         6488    i.mcpwm_foc_stop_pwm  mcpwm_foc.o
    0x08012c10   0x08012c10   0x0000000c   Code   RO         7913    i.mcpwm_get_comm_step  mcpwm.o
    0x08012c1c   0x08012c1c   0x0000000c   Code   RO         7915    i.mcpwm_get_duty_cycle_now  mcpwm.o
    0x08012c28   0x08012c28   0x0000000c   Code   RO         7921    i.mcpwm_get_last_inj_adc_isr_duration  mcpwm.o
    0x08012c34   0x08012c34   0x00000034   Code   RO         7922    i.mcpwm_get_rpm     mcpwm.o
    0x08012c68   0x08012c68   0x0000000c   Code   RO         7924    i.mcpwm_get_state   mcpwm.o
    0x08012c74   0x08012c74   0x0000000c   Code   RO         7925    i.mcpwm_get_switching_frequency_now  mcpwm.o
    0x08012c80   0x08012c80   0x00000014   Code   RO         7926    i.mcpwm_get_tachometer_abs_value  mcpwm.o
    0x08012c94   0x08012c94   0x00000014   Code   RO         7927    i.mcpwm_get_tachometer_value  mcpwm.o
    0x08012ca8   0x08012ca8   0x0000000c   Code   RO         7928    i.mcpwm_get_tot_current  mcpwm.o
    0x08012cb4   0x08012cb4   0x0000000c   Code   RO         7931    i.mcpwm_get_tot_current_filtered  mcpwm.o
    0x08012cc0   0x08012cc0   0x0000001c   Code   RO         7933    i.mcpwm_get_tot_current_in_filtered  mcpwm.o
    0x08012cdc   0x08012cdc   0x00000010   Code   RO         7934    i.mcpwm_init        mcpwm.o
    0x08012cec   0x08012cec   0x0000000c   Code   RO         7935    i.mcpwm_init_done   mcpwm.o
    0x08012cf8   0x08012cf8   0x0000003c   Code   RO         7936    i.mcpwm_init_hall_table  mcpwm.o
    0x08012d34   0x08012d34   0x0000000c   Code   RO         7937    i.mcpwm_is_dccal_done  mcpwm.o
    0x08012d40   0x08012d40   0x00000020   Code   RO         7938    i.mcpwm_read_hall_phase  mcpwm.o
    0x08012d60   0x08012d60   0x0000001c   Code   RO         7940    i.mcpwm_release_motor  mcpwm.o
    0x08012d7c   0x08012d7c   0x00000038   Code   RO         7944    i.mcpwm_set_configuration  mcpwm.o
    0x08012db4   0x08012db4   0x00000010   Code   RO         7952    i.mcpwm_stop_pwm    mcpwm.o
    0x08012dc4   0x08012dc4   0x000007a4   Code   RO        10255    i.measure_r_l_imax  conf_general.o
    0x08013568   0x08013568   0x0000004c   Code   RO         8897    i.mempools_alloc_mcconf  mempools.o
    0x080135b4   0x080135b4   0x00000034   Code   RO         8901    i.mempools_free_mcconf  mempools.o
    0x080135e8   0x080135e8   0x0000001a   Code   RO        11514    i.osDelay           cmsis_os2.o
    0x08013602   0x08013602   0x00000002   PAD
    0x08013604   0x08013604   0x00000030   Code   RO         9639    i.osDelayUs         timer.o
    0x08013634   0x08013634   0x0000000e   Code   RO        11526    i.osKernelGetTickCount  cmsis_os2.o
    0x08013642   0x08013642   0x00000006   Code   RO        11527    i.osKernelGetTickFreq  cmsis_os2.o
    0x08013648   0x08013648   0x00000024   Code   RO        11528    i.osKernelInitialize  cmsis_os2.o
    0x0801366c   0x0801366c   0x0000002a   Code   RO        11529    i.osKernelLock      cmsis_os2.o
    0x08013696   0x08013696   0x00000002   PAD
    0x08013698   0x08013698   0x00000038   Code   RO        11531    i.osKernelStart     cmsis_os2.o
    0x080136d0   0x080136d0   0x0000003a   Code   RO        11532    i.osKernelUnlock    cmsis_os2.o
    0x0801370a   0x0801370a   0x00000002   PAD
    0x0801370c   0x0801370c   0x0000005c   Code   RO        11556    i.osSemaphoreAcquire  cmsis_os2.o
    0x08013768   0x08013768   0x00000098   Code   RO        11559    i.osSemaphoreNew    cmsis_os2.o
    0x08013800   0x08013800   0x00000058   Code   RO        11560    i.osSemaphoreRelease  cmsis_os2.o
    0x08013858   0x08013858   0x0000004e   Code   RO        11563    i.osThreadFlagsClear  cmsis_os2.o
    0x080138a6   0x080138a6   0x0000002c   Code   RO        11564    i.osThreadFlagsGet  cmsis_os2.o
    0x080138d2   0x080138d2   0x00000002   PAD
    0x080138d4   0x080138d4   0x00000074   Code   RO        11565    i.osThreadFlagsSet  cmsis_os2.o
    0x08013948   0x08013948   0x00000096   Code   RO        11566    i.osThreadFlagsWait  cmsis_os2.o
    0x080139de   0x080139de   0x00000002   PAD
    0x080139e0   0x080139e0   0x0000008a   Code   RO        11573    i.osThreadNew       cmsis_os2.o
    0x08013a6a   0x08013a6a   0x00000020   Code   RO        11574    i.osThreadResume    cmsis_os2.o
    0x08013a8a   0x08013a8a   0x00000020   Code   RO        11576    i.osThreadSuspend   cmsis_os2.o
    0x08013aaa   0x08013aaa   0x00000002   PAD
    0x08013aac   0x08013aac   0x00000044   Code   RO         6490    i.pid_thread        mcpwm_foc.o
    0x08013af0   0x08013af0   0x0000008c   Code   RO          365    i.printTaskInfo     app_freertos.o
    0x08013b7c   0x08013b7c   0x0000005c   Code   RO        10963    i.prvAddCurrentTaskToDelayedList  tasks.o
    0x08013bd8   0x08013bd8   0x000000d0   Code   RO        10964    i.prvAddNewTaskToReadyList  tasks.o
    0x08013ca8   0x08013ca8   0x00000058   Code   RO        11338    i.prvCheckForValidListAndQueue  timers.o
    0x08013d00   0x08013d00   0x00000026   Code   RO        10569    i.prvCopyDataFromQueue  queue.o
    0x08013d26   0x08013d26   0x0000006c   Code   RO        10570    i.prvCopyDataToQueue  queue.o
    0x08013d92   0x08013d92   0x00000034   Code   RO        10965    i.prvDeleteTCB      tasks.o
    0x08013dc6   0x08013dc6   0x00000002   PAD
    0x08013dc8   0x08013dc8   0x0000004c   Code   RO        12016    i.prvHeapInit       heap_4.o
    0x08013e14   0x08013e14   0x00000060   Code   RO        10966    i.prvIdleTask       tasks.o
    0x08013e74   0x08013e74   0x00000022   Code   RO        10572    i.prvInitialiseNewQueue  queue.o
    0x08013e96   0x08013e96   0x00000002   PAD
    0x08013e98   0x08013e98   0x000000b0   Code   RO        10967    i.prvInitialiseNewTask  tasks.o
    0x08013f48   0x08013f48   0x0000004c   Code   RO        12017    i.prvInsertBlockIntoFreeList  heap_4.o
    0x08013f94   0x08013f94   0x00000038   Code   RO        11340    i.prvInsertTimerInActiveList  timers.o
    0x08013fcc   0x08013fcc   0x0000001c   Code   RO        10573    i.prvIsQueueEmpty   queue.o
    0x08013fe8   0x08013fe8   0x00000058   Code   RO        10968    i.prvListTasksWithinSingleList  tasks.o
    0x08014040   0x08014040   0x000000fc   Code   RO        11341    i.prvProcessReceivedCommands  timers.o
    0x0801413c   0x0801413c   0x000000c0   Code   RO        11342    i.prvProcessTimerOrBlockTask  timers.o
    0x080141fc   0x080141fc   0x00000020   Code   RO        10969    i.prvResetNextTaskUnblockTime  tasks.o
    0x0801421c   0x0801421c   0x00000028   Code   RO        11343    i.prvSampleTimeNow  timers.o
    0x08014244   0x08014244   0x0000006c   Code   RO        11344    i.prvSwitchTimerLists  timers.o
    0x080142b0   0x080142b0   0x00000014   Code   RO        10970    i.prvTaskCheckFreeStackSpace  tasks.o
    0x080142c4   0x080142c4   0x00000028   Code   RO        12072    i.prvTaskExitError  port.o
    0x080142ec   0x080142ec   0x00000034   Code   RO        10971    i.prvTaskIsTaskSuspended  tasks.o
    0x08014320   0x08014320   0x00000024   Code   RO        11345    i.prvTimerTask      timers.o
    0x08014344   0x08014344   0x0000006a   Code   RO        10574    i.prvUnlockQueue    queue.o
    0x080143ae   0x080143ae   0x00000002   PAD
    0x080143b0   0x080143b0   0x000000dc   Code   RO        12018    i.pvPortMalloc      heap_4.o
    0x0801448c   0x0801448c   0x00000018   Code   RO        10972    i.pvTaskIncrementMutexHeldCount  tasks.o
    0x080144a4   0x080144a4   0x0000002c   Code   RO        12073    i.pxPortInitialiseStack  port.o
    0x080144d0   0x080144d0   0x0000002c   Code   RO         7955    i.read_hall         mcpwm.o
    0x080144fc   0x080144fc   0x0000005c   Code   RO         8352    i.routine_thread    encoder.o
    0x08014558   0x08014558   0x0000028c   Code   RO         7334    i.run_timer_tasks   mc_interface.o
    0x080147e4   0x080147e4   0x00000054   Code   RO         7335    i.sample_send_thread  mc_interface.o
    0x08014838   0x08014838   0x0000026c   Code   RO         7336    i.send_sample_block  mc_interface.o
    0x08014aa4   0x08014aa4   0x0000003c   Code   RO         7960    i.set_next_timer_settings  mcpwm.o
    0x08014ae0   0x08014ae0   0x00000064   Code   RO         7961    i.set_switching_frequency  mcpwm.o
    0x08014b44   0x08014b44   0x000000f4   Code   RO         6491    i.start_pwm_hw      mcpwm_foc.o
    0x08014c38   0x08014c38   0x00000008   Code   RO         7337    i.stat_thread       mc_interface.o
    0x08014c40   0x08014c40   0x0000010c   Code   RO         6492    i.stop_pwm_hw       mcpwm_foc.o
    0x08014d4c   0x08014d4c   0x00000010   Code   RO         7962    i.stop_pwm_hw       mcpwm.o
    0x08014d5c   0x08014d5c   0x00000014   Code   RO         7963    i.stop_pwm_ll       mcpwm.o
    0x08014d70   0x08014d70   0x000000a0   Code   RO         9291    i.terminal_add_fault_data  terminal.o
    0x08014e10   0x08014e10   0x000000c4   Code   RO         9640    i.timer_init        timer.o
    0x08014ed4   0x08014ed4   0x000001dc   Code   RO         8505    i.timer_reinit      hw_custom.o
    0x080150b0   0x080150b0   0x00000020   Code   RO         9641    i.timer_seconds_elapsed_since  timer.o
    0x080150d0   0x080150d0   0x0000002c   Code   RO         8353    i.timer_start       encoder.o
    0x080150fc   0x080150fc   0x00000024   Code   RO         6493    i.timer_thread      mcpwm_foc.o
    0x08015120   0x08015120   0x00000014   Code   RO         7338    i.timer_thread      mc_interface.o
    0x08015134   0x08015134   0x0000000c   Code   RO         9643    i.timer_time_now    timer.o
    0x08015140   0x08015140   0x00000538   Code   RO         6494    i.timer_update      mcpwm_foc.o
    0x08015678   0x08015678   0x0000019c   Code   RO         7964    i.update_adc_sample_pos  mcpwm.o
    0x08015814   0x08015814   0x000000a4   Code   RO         6495    i.update_hfi_samples  mcpwm_foc.o
    0x080158b8   0x080158b8   0x000008f0   Code   RO         7339    i.update_override_limits  mc_interface.o
    0x080161a8   0x080161a8   0x00000040   Code   RO         7966    i.update_sensor_mode  mcpwm.o
    0x080161e8   0x080161e8   0x00000098   Code   RO         7967    i.update_timer_attempt  mcpwm.o
    0x08016280   0x08016280   0x000003b4   Code   RO         6496    i.update_valpha_vbeta  mcpwm_foc.o
    0x08016634   0x08016634   0x00000028   Code   RO         9175    i.usb_printf        usart_vofa.o
    0x0801665c   0x0801665c   0x00000028   Code   RO         9034    i.utils_age_s       utils_sys.o
    0x08016684   0x08016684   0x00000038   Code   RO         8691    i.utils_angle_difference  utils_math.o
    0x080166bc   0x080166bc   0x00000038   Code   RO         8692    i.utils_angle_difference_rad  utils_math.o
    0x080166f4   0x080166f4   0x0000009c   Code   RO         8698    i.utils_fast_atan2  utils_math.o
    0x08016790   0x08016790   0x000000f4   Code   RO         8700    i.utils_fast_sincos_better  utils_math.o
    0x08016884   0x08016884   0x00000040   Code   RO         8701    i.utils_fft16_bin0  utils_math.o
    0x080168c4   0x080168c4   0x0000007c   Code   RO         8702    i.utils_fft16_bin1  utils_math.o
    0x08016940   0x08016940   0x0000007c   Code   RO         8703    i.utils_fft16_bin2  utils_math.o
    0x080169bc   0x080169bc   0x00000040   Code   RO         8704    i.utils_fft32_bin0  utils_math.o
    0x080169fc   0x080169fc   0x0000007c   Code   RO         8705    i.utils_fft32_bin1  utils_math.o
    0x08016a78   0x08016a78   0x0000007c   Code   RO         8706    i.utils_fft32_bin2  utils_math.o
    0x08016af4   0x08016af4   0x0000003c   Code   RO         8707    i.utils_fft8_bin0   utils_math.o
    0x08016b30   0x08016b30   0x00000078   Code   RO         8708    i.utils_fft8_bin1   utils_math.o
    0x08016ba8   0x08016ba8   0x00000078   Code   RO         8709    i.utils_fft8_bin2   utils_math.o
    0x08016c20   0x08016c20   0x0000001a   Code   RO         6497    i.utils_map         mcpwm_foc.o
    0x08016c3a   0x08016c3a   0x0000001a   Code   RO         7137    i.utils_map         foc_math.o
    0x08016c54   0x08016c54   0x0000001a   Code   RO         7340    i.utils_map         mc_interface.o
    0x08016c6e   0x08016c6e   0x00000018   Code   RO         8712    i.utils_max_abs     utils_math.o
    0x08016c86   0x08016c86   0x00000018   Code   RO         8716    i.utils_min_abs     utils_math.o
    0x08016c9e   0x08016c9e   0x00000002   PAD
    0x08016ca0   0x08016ca0   0x00000038   Code   RO         6498    i.utils_norm_angle  mcpwm_foc.o
    0x08016cd8   0x08016cd8   0x00000040   Code   RO         6499    i.utils_norm_angle_rad  mcpwm_foc.o
    0x08016d18   0x08016d18   0x00000040   Code   RO         7138    i.utils_norm_angle_rad  foc_math.o
    0x08016d58   0x08016d58   0x00000070   Code   RO         6500    i.utils_saturate_vector_2d  mcpwm_foc.o
    0x08016dc8   0x08016dc8   0x0000003a   Code   RO         6501    i.utils_step_towards  mcpwm_foc.o
    0x08016e02   0x08016e02   0x0000003a   Code   RO         7139    i.utils_step_towards  foc_math.o
    0x08016e3c   0x08016e3c   0x00000018   Code   RO         9038    i.utils_sys_lock_cnt  utils_sys.o
    0x08016e54   0x08016e54   0x00000020   Code   RO         9039    i.utils_sys_unlock_cnt  utils_sys.o
    0x08016e74   0x08016e74   0x00000024   Code   RO         6502    i.utils_truncate_number  mcpwm_foc.o
    0x08016e98   0x08016e98   0x00000024   Code   RO         7140    i.utils_truncate_number  foc_math.o
    0x08016ebc   0x08016ebc   0x00000024   Code   RO        10258    i.utils_truncate_number  conf_general.o
    0x08016ee0   0x08016ee0   0x00000022   Code   RO         6503    i.utils_truncate_number_abs  mcpwm_foc.o
    0x08016f02   0x08016f02   0x00000022   Code   RO         7141    i.utils_truncate_number_abs  foc_math.o
    0x08016f24   0x08016f24   0x00000012   Code   RO         7142    i.utils_truncate_number_int  foc_math.o
    0x08016f36   0x08016f36   0x00000026   Code   RO        10529    i.uxListRemove      list.o
    0x08016f5c   0x08016f5c   0x000000ac   Code   RO        10977    i.uxTaskGetSystemState  tasks.o
    0x08017008   0x08017008   0x00000014   Code   RO        11585    i.vApplicationGetIdleTaskMemory  cmsis_os2.o
    0x0801701c   0x0801701c   0x00000018   Code   RO        11586    i.vApplicationGetTimerTaskMemory  cmsis_os2.o
    0x08017034   0x08017034   0x00000002   Code   RO          366    i.vApplicationStackOverflowHook  app_freertos.o
    0x08017036   0x08017036   0x00000016   Code   RO        10530    i.vListInitialise   list.o
    0x0801704c   0x0801704c   0x00000006   Code   RO        10531    i.vListInitialiseItem  list.o
    0x08017052   0x08017052   0x00000030   Code   RO        10532    i.vListInsert       list.o
    0x08017082   0x08017082   0x00000018   Code   RO        10533    i.vListInsertEnd    list.o
    0x0801709a   0x0801709a   0x00000002   PAD
    0x0801709c   0x0801709c   0x00000040   Code   RO        12075    i.vPortEnterCritical  port.o
    0x080170dc   0x080170dc   0x00000028   Code   RO        12076    i.vPortExitCritical  port.o
    0x08017104   0x08017104   0x00000064   Code   RO        12019    i.vPortFree         heap_4.o
    0x08017168   0x08017168   0x00000024   Code   RO        12077    i.vPortSetupTimerInterrupt  port.o
    0x0801718c   0x0801718c   0x00000054   Code   RO        12078    i.vPortValidateInterruptPriority  port.o
    0x080171e0   0x080171e0   0x00000028   Code   RO        10580    i.vQueueAddToRegistry  queue.o
    0x08017208   0x08017208   0x0000002e   Code   RO        10581    i.vQueueDelete      queue.o
    0x08017236   0x08017236   0x00000002   PAD
    0x08017238   0x08017238   0x00000028   Code   RO        10583    i.vQueueUnregisterQueue  queue.o
    0x08017260   0x08017260   0x00000044   Code   RO        10584    i.vQueueWaitForMessageRestricted  queue.o
    0x080172a4   0x080172a4   0x0000004c   Code   RO        10982    i.vTaskDelay        tasks.o
    0x080172f0   0x080172f0   0x00000074   Code   RO        10986    i.vTaskGetInfo      tasks.o
    0x08017364   0x08017364   0x00000010   Code   RO        10987    i.vTaskInternalSetTimeOutState  tasks.o
    0x08017374   0x08017374   0x000000c4   Code   RO        10988    i.vTaskList         tasks.o
    0x08017438   0x08017438   0x0000000c   Code   RO        10989    i.vTaskMissedYield  tasks.o
    0x08017444   0x08017444   0x00000030   Code   RO        10991    i.vTaskPlaceOnEventList  tasks.o
    0x08017474   0x08017474   0x00000038   Code   RO        10992    i.vTaskPlaceOnEventListRestricted  tasks.o
    0x080174ac   0x080174ac   0x00000090   Code   RO        10994    i.vTaskPriorityDisinheritAfterTimeout  tasks.o
    0x0801753c   0x0801753c   0x0000007c   Code   RO        10997    i.vTaskResume       tasks.o
    0x080175b8   0x080175b8   0x00000088   Code   RO        11000    i.vTaskStartScheduler  tasks.o
    0x08017640   0x08017640   0x0000009c   Code   RO        11001    i.vTaskSuspend      tasks.o
    0x080176dc   0x080176dc   0x00000010   Code   RO        11002    i.vTaskSuspendAll   tasks.o
    0x080176ec   0x080176ec   0x00000078   Code   RO        11003    i.vTaskSwitchContext  tasks.o
    0x08017764   0x08017764   0x00000034   Code   RO         9178    i.vofa_send_data    usart_vofa.o
    0x08017798   0x08017798   0x0000003c   Code   RO         9179    i.vofa_sendframetail  usart_vofa.o
    0x080177d4   0x080177d4   0x00000004   Code   RO         9180    i.vofa_transmit     usart_vofa.o
    0x080177d8   0x080177d8   0x00000068   Code   RO        10259    i.wait_fault        conf_general.o
    0x08017840   0x08017840   0x000000a8   Code   RO        10260    i.wait_motor_stop   conf_general.o
    0x080178e8   0x080178e8   0x0000000c   Code   RO        12022    i.xPortGetFreeHeapSize  heap_4.o
    0x080178f4   0x080178f4   0x000000f4   Code   RO        12079    i.xPortStartScheduler  port.o
    0x080179e8   0x080179e8   0x0000002c   Code   RO        12080    i.xPortSysTickHandler  port.o
    0x08017a14   0x08017a14   0x0000003a   Code   RO        10585    i.xQueueCreateCountingSemaphore  queue.o
    0x08017a4e   0x08017a4e   0x00000040   Code   RO        10586    i.xQueueCreateCountingSemaphoreStatic  queue.o
    0x08017a8e   0x08017a8e   0x00000042   Code   RO        10589    i.xQueueGenericCreate  queue.o
    0x08017ad0   0x08017ad0   0x00000066   Code   RO        10590    i.xQueueGenericCreateStatic  queue.o
    0x08017b36   0x08017b36   0x00000002   PAD
    0x08017b38   0x08017b38   0x00000088   Code   RO        10591    i.xQueueGenericReset  queue.o
    0x08017bc0   0x08017bc0   0x00000160   Code   RO        10592    i.xQueueGenericSend  queue.o
    0x08017d20   0x08017d20   0x000000be   Code   RO        10593    i.xQueueGenericSendFromISR  queue.o
    0x08017dde   0x08017dde   0x0000009c   Code   RO        10596    i.xQueueGiveFromISR  queue.o
    0x08017e7a   0x08017e7a   0x00000002   PAD
    0x08017e7c   0x08017e7c   0x00000138   Code   RO        10602    i.xQueueReceive     queue.o
    0x08017fb4   0x08017fb4   0x0000009a   Code   RO        10603    i.xQueueReceiveFromISR  queue.o
    0x0801804e   0x0801804e   0x00000002   PAD
    0x08018050   0x08018050   0x00000178   Code   RO        10604    i.xQueueSemaphoreTake  queue.o
    0x080181c8   0x080181c8   0x00000074   Code   RO        11005    i.xTaskCheckForTimeOut  tasks.o
    0x0801823c   0x0801823c   0x0000005a   Code   RO        11006    i.xTaskCreate       tasks.o
    0x08018296   0x08018296   0x00000056   Code   RO        11007    i.xTaskCreateStatic  tasks.o
    0x080182ec   0x080182ec   0x000000e0   Code   RO        11008    i.xTaskGenericNotify  tasks.o
    0x080183cc   0x080183cc   0x00000104   Code   RO        11009    i.xTaskGenericNotifyFromISR  tasks.o
    0x080184d0   0x080184d0   0x0000000c   Code   RO        11010    i.xTaskGetCurrentTaskHandle  tasks.o
    0x080184dc   0x080184dc   0x0000001c   Code   RO        11011    i.xTaskGetSchedulerState  tasks.o
    0x080184f8   0x080184f8   0x0000000c   Code   RO        11012    i.xTaskGetTickCount  tasks.o
    0x08018504   0x08018504   0x00000010   Code   RO        11013    i.xTaskGetTickCountFromISR  tasks.o
    0x08018514   0x08018514   0x000000c8   Code   RO        11014    i.xTaskIncrementTick  tasks.o
    0x080185dc   0x080185dc   0x0000008c   Code   RO        11016    i.xTaskNotifyWait   tasks.o
    0x08018668   0x08018668   0x00000080   Code   RO        11017    i.xTaskPriorityDisinherit  tasks.o
    0x080186e8   0x080186e8   0x00000078   Code   RO        11018    i.xTaskPriorityInherit  tasks.o
    0x08018760   0x08018760   0x00000070   Code   RO        11019    i.xTaskRemoveFromEventList  tasks.o
    0x080187d0   0x080187d0   0x000000c4   Code   RO        11020    i.xTaskResumeAll    tasks.o
    0x08018894   0x08018894   0x00000060   Code   RO        11354    i.xTimerCreateTimerTask  timers.o
    0x080188f4   0x080188f4   0x00000068   Code   RO        11355    i.xTimerGenericCommand  timers.o
    0x0801895c   0x0801895c   0x00000090   Data   RO          368    .constdata          app_freertos.o
    0x080189ec   0x080189ec   0x00000018   Data   RO         5504    .constdata          stm32g4xx_hal_uart.o
    0x08018a04   0x08018a04   0x00000010   Data   RO         5870    .constdata          stm32g4xx_hal_uart_ex.o
    0x08018a14   0x08018a14   0x00000010   Data   RO         5975    .constdata          system_stm32g4xx.o
    0x08018a24   0x08018a24   0x00000008   Data   RO         5976    .constdata          system_stm32g4xx.o
    0x08018a2c   0x08018a2c   0x00000048   Data   RO         6505    .constdata          mcpwm_foc.o
    0x08018a74   0x08018a74   0x00000090   Data   RO         7343    .constdata          mc_interface.o
    0x08018b04   0x08018b04   0x0000001c   Data   RO         7972    .constdata          mcpwm.o
    0x08018b20   0x08018b20   0x00000024   Data   RO         8354    .constdata          encoder.o
    0x08018b44   0x08018b44   0x00000214   Data   RO         8721    .constdata          utils_math.o
    0x08018d58   0x08018d58   0x00000200   Data   RO         8993    .constdata          crc.o
    0x08018f58   0x08018f58   0x00000040   Data   RO         9644    .constdata          timer.o
    0x08018f98   0x08018f98   0x00000040   Data   RO        12237    .constdata          m_wm.l(logf.o)
    0x08018fd8   0x08018fd8   0x00000140   Data   RO        12251    .constdata          m_wm.l(powf.o)
    0x08019118   0x08019118   0x0000003a   Data   RO          369    .conststring        app_freertos.o
    0x08019152   0x08019152   0x00000002   PAD
    0x08019154   0x08019154   0x00000019   Data   RO         6506    .conststring        mcpwm_foc.o
    0x0801916d   0x0801916d   0x00000003   PAD
    0x08019170   0x08019170   0x0000003c   Data   RO         7344    .conststring        mc_interface.o
    0x080191ac   0x080191ac   0x0000000f   Data   RO         8355    .conststring        encoder.o
    0x080191bb   0x080191bb   0x00000001   PAD
    0x080191bc   0x080191bc   0x0000005d   Data   RO         9645    .conststring        timer.o
    0x08019219   0x08019219   0x00000003   PAD
    0x0801921c   0x0801921c   0x00000020   Data   RO        12749    Region$$Table       anon$$obj.o


    Execution Region RW_IRAM1 (Exec base: 0x20000000, Load base: 0x0801923c, Size: 0x00011240, Max: 0x00020000, ABSOLUTE, COMPRESSED[0x000001b0])

    Exec Addr    Load Addr    Size         Type   Attr      Idx    E Section Name        Object

    0x20000000   COMPRESSED   0x00000014   Data   RW          370    .data               app_freertos.o
    0x20000014   COMPRESSED   0x00000004   Data   RW          455    .data               adc.o
    0x20000018   COMPRESSED   0x00000020   Data   RW         1094    .data               usbd_desc.o
    0x20000038   COMPRESSED   0x00000032   Data   RW         1095    .data               usbd_desc.o
    0x2000006a   COMPRESSED   0x00000002   PAD
    0x2000006c   COMPRESSED   0x00000014   Data   RW         1178    .data               usbd_cdc_if.o
    0x20000080   COMPRESSED   0x0000000c   Data   RW         1901    .data               stm32g4xx_hal.o
    0x2000008c   COMPRESSED   0x00000020   Data   RW         2369    .data               stm32g4xx_hal_flash.o
    0x200000ac   COMPRESSED   0x00000004   Data   RW         5977    .data               system_stm32g4xx.o
    0x200000b0   COMPRESSED   0x00000001   Data   RW         6158    .data               usbd_ctlreq.o
    0x200000b1   COMPRESSED   0x00000003   PAD
    0x200000b4   COMPRESSED   0x000000d7   Data   RW         6297    .data               usbd_cdc.o
    0x2000018b   COMPRESSED   0x00000001   PAD
    0x2000018c   COMPRESSED   0x00000038   Data   RW         6298    .data               usbd_cdc.o
    0x200001c4   COMPRESSED   0x00000014   Data   RW         6507    .data               mcpwm_foc.o
    0x200001d8   COMPRESSED   0x00000044   Data   RW         7345    .data               mc_interface.o
    0x2000021c   COMPRESSED   0x000000d8   Data   RW         7973    .data               mcpwm.o
    0x200002f4   COMPRESSED   0x00000018   Data   RW         8356    .data               encoder.o
    0x2000030c   COMPRESSED   0x00000034   Data   RW         8477    .data               encoder_cfg.o
    0x20000340   COMPRESSED   0x0000000c   Data   RW         8910    .data               mempools.o
    0x2000034c   COMPRESSED   0x00000004   Data   RW         9040    .data               utils_sys.o
    0x20000350   COMPRESSED   0x00000004   Data   RW         9182    .data               usart_vofa.o
    0x20000354   COMPRESSED   0x00000008   Data   RW         9299    .data               terminal.o
    0x2000035c   COMPRESSED   0x00000010   Data   RW         9586    .data               comm_usb.o
    0x2000036c   COMPRESSED   0x00000060   Data   RW         9646    .data               timer.o
    0x200003cc   COMPRESSED   0x0000000c   Data   RW         9857    .data               eeprom_emul.o
    0x200003d8   COMPRESSED   0x00000002   Data   RW        10262    .data               conf_general.o
    0x200003da   COMPRESSED   0x00000002   PAD
    0x200003dc   COMPRESSED   0x0000003c   Data   RW        11023    .data               tasks.o
    0x20000418   COMPRESSED   0x00000014   Data   RW        11363    .data               timers.o
    0x2000042c   COMPRESSED   0x00000004   Data   RW        11589    .data               cmsis_os2.o
    0x20000430   COMPRESSED   0x00000020   Data   RW        12025    .data               heap_4.o
    0x20000450   COMPRESSED   0x0000000c   Data   RW        12081    .data               port.o
    0x2000045c   COMPRESSED   0x00000004   Data   RW        12709    .data               mc_w.l(errno.o)
    0x20000460   COMPRESSED   0x00004e20   Data   RW         7346    .ram4               mc_interface.o
    0x20005280   COMPRESSED   0x0000009c   Data   RW        10264    .ram4               conf_general.o
    0x2000531c        -       0x00000200   Zero   RW          367    .bss                app_freertos.o
    0x2000551c        -       0x00000138   Zero   RW          454    .bss                adc.o
    0x20005654        -       0x00000064   Zero   RW          526    .bss                spi.o
    0x200056b8        -       0x0000004c   Zero   RW          570    .bss                tim.o
    0x20005704        -       0x00000098   Zero   RW          571    .bss                tim.o
    0x2000579c        -       0x00000154   Zero   RW          623    .bss                usart.o
    0x200058f0        -       0x0000004c   Zero   RW          789    .bss                stm32g4xx_hal_timebase_tim.o
    0x2000593c        -       0x000004fc   Zero   RW          857    .bss                usbd_conf.o
    0x20005e38        -       0x000002d0   Zero   RW         1051    .bss                usb_device.o
    0x20006108        -       0x00000200   Zero   RW         1093    .bss                usbd_desc.o
    0x20006308        -       0x00001000   Zero   RW         1177    .bss                usbd_cdc_if.o
    0x20007308        -       0x000003f0   Zero   RW         6504    .bss                mcpwm_foc.o
    0x200076f8        -       0x00000450   Zero   RW         7342    .bss                mc_interface.o
    0x20007b48        -       0x00000868   Zero   RW         7971    .bss                mcpwm.o
    0x200083b0        -       0x00000040   Zero   RW         8471    .bss                encoder_cfg.o
    0x200083f0        -       0x00000044   Zero   RW         8472    .bss                encoder_cfg.o
    0x20008434        -       0x0000227c   Zero   RW         8907    .bss                mempools.o
    0x2000a6b0        -       0x00000500   Zero   RW         9181    .bss                usart_vofa.o
    0x2000abb0        -       0x000009ec   Zero   RW         9296    .bss                terminal.o
    0x2000b59c        -       0x0000030c   Zero   RW        10055    .bss                bms.o
    0x2000b8a8        -       0x00000cc0   Zero   RW        10261    .bss                conf_general.o
    0x2000c568        -       0x00000040   Zero   RW        10606    .bss                queue.o
    0x2000c5a8        -       0x000004c4   Zero   RW        11022    .bss                tasks.o
    0x2000ca6c        -       0x00000118   Zero   RW        11362    .bss                timers.o
    0x2000cb84        -       0x000006b8   Zero   RW        11588    .bss                cmsis_os2.o
    0x2000d23c        -       0x00003c00   Zero   RW        12024    .bss                heap_4.o
    0x20010e3c   COMPRESSED   0x00000004   PAD
    0x20010e40        -       0x00000400   Zero   RW            1    STACK               startup_stm32g474xx.o


==============================================================================

Image component sizes


      Code (inc. data)   RO Data    RW Data    ZI Data      Debug   Object Name

       984         90          0          4        312       3200   adc.o
       640        138        202         20        512       4964   app_freertos.o
       188         10          0          0        780       1736   bms.o
       242         14          0          0          0       3480   buffer.o
      1230         38          0          4       1720      58745   cmsis_os2.o
         0          0          0         16          0       1211   comm_usb.o
      9330        176          0        158       3264      18416   conf_general.o
      1484        262          0          0          0       1960   confgenerator.o
        44          6        512          0          0       1280   crc.o
        92          4          0          0          0        838   dma.o
      5542        108          0         12          0      25333   eeprom_emul.o
       308         16          0          0          0       6797   enc_mt6816.o
       500         84         51         24          0       6970   encoder.o
         0          0          0         52        132        622   encoder_cfg.o
         0          0          0          0          0      19436   event_groups.o
       416         22          0          0          0       4138   flash_interface.o
      3708        154          0          0          0      19125   foc_math.o
       184         12          0          0          0       1027   gpio.o
       484         30          0         32      15360       5502   heap_4.o
       810         58          0          0          0       3712   hw_custom.o
       138          0          0          0          0       3594   list.o
       256         24          0          0          0    1002920   main.o
     10764        664        204      20068       1104      41354   mc_interface.o
      1324        198         28        216       2152      27952   mcpwm.o
     14858        900         97         20       1008      97206   mcpwm_foc.o
       128         14          0         12       8828       5956   mempools.o
         0          0          0          0          0        640   packet.o
       786         82          0         12          0      11577   port.o
      2474         28          0          0         64      26608   queue.o
       180         22          0          0        100       1721   spi.o
        36          8        472          0       1024        840   startup_stm32g474xx.o
        58         10          0         12          0       3026   stm32g4xx_hal.o
      2234        146          0          0          0      80960   stm32g4xx_hal_adc.o
       756         74          0          0          0      72148   stm32g4xx_hal_adc_ex.o
       158         14          0          0          0      33086   stm32g4xx_hal_cortex.o
       906         30          0          0          0       6618   stm32g4xx_hal_dma.o
       400         48          0         32          0      24150   stm32g4xx_hal_flash.o
       852         46          0          0          0       6160   stm32g4xx_hal_flash_ex.o
       628         40          0          0          0       3658   stm32g4xx_hal_gpio.o
        60          6          0          0          0        882   stm32g4xx_hal_msp.o
      2976          0          0          0          0      14761   stm32g4xx_hal_pcd.o
        96          0          0          0          0       1964   stm32g4xx_hal_pcd_ex.o
       204         18          0          0          0       1417   stm32g4xx_hal_pwr_ex.o
      1748         98          0          0          0       6977   stm32g4xx_hal_rcc.o
       768         10          0          0          0       1980   stm32g4xx_hal_rcc_ex.o
      1340         10          0          0          0       6325   stm32g4xx_hal_spi.o
      3966        418          0          0          0      25691   stm32g4xx_hal_tim.o
       904        116          0          0          0       9506   stm32g4xx_hal_tim_ex.o
       136         20          0          0         76       1443   stm32g4xx_hal_timebase_tim.o
      2192         90         24          0          0      29480   stm32g4xx_hal_uart.o
       288          6         16          0          0       5422   stm32g4xx_hal_uart_ex.o
       240         56          0          0          0       6397   stm32g4xx_it.o
      2346          0          0          0          0      14084   stm32g4xx_ll_usb.o
         0          0          0          0          0       9016   stream_buffer.o
        16          4         24          4          0       1147   system_stm32g4xx.o
      4084        334          0         60       1220      43174   tasks.o
       160          8          0          8       2540       1798   terminal.o
       716         44          0          0        228       4008   tim.o
       596         70        157         96          0       7480   timer.o
       972         80          0         20        280      32179   timers.o
       348         32          0          0        340       2012   usart.o
       156         22          0          4       1280       3845   usart_vofa.o
        84         18          0          0        720        816   usb_device.o
       802         16          0        271          0      13873   usbd_cdc.o
       132         26          0         20       4096       4064   usbd_cdc_if.o
       684         36          0          0       1276      17290   usbd_conf.o
       652          0          0          0          0       9983   usbd_core.o
      1264         22          0          1          0      14416   usbd_ctlreq.o
       288        104          0         82        512       6222   usbd_desc.o
       132          0          0          0          0       4568   usbd_ioreq.o
      1484        160        532          0          0      11686   utils_math.o
        96         14          0          4          0       1777   utils_sys.o

    ----------------------------------------------------------------------
     93152       5408       2360      21272      48932    1954349   Object Totals
         0          0         32          0          0          0   (incl. Generated)
       100          0          9          8          4          0   (incl. Padding)

    ----------------------------------------------------------------------

      Code (inc. data)   RO Data    RW Data    ZI Data      Debug   Library Member Name

       112         14          0          0          0        116   floorf.o
        72          0          0          0          0        148   fmaxf.o
       176          0          0          0          0        168   fmodf.o
        38          0          0          0          0        116   fpclassifyf.o
        84          4          0          0          0        116   frexpf.o
        80         24          0          0          0        696   funder.o
       364         44         64          0          0        140   logf.o
      1636        110        320          0          0        372   powf.o
        58          0          0          0          0        136   sqrtf.o
        86          0          0          0          0          0   __dczerorl2.o
         0          0          0          0          0          0   entry.o
         0          0          0          0          0          0   entry10a.o
         0          0          0          0          0          0   entry11a.o
         4          0          0          0          0          0   entry12b.o
         8          4          0          0          0          0   entry2.o
         4          0          0          0          0          0   entry5.o
         0          0          0          0          0          0   entry7b.o
         0          0          0          0          0          0   entry8b.o
         8          4          0          0          0          0   entry9a.o
        12          6          0          4          0         68   errno.o
        30          0          0          0          0          0   handlers.o
        36          8          0          0          0         68   init.o
         0          0          0          0          0          0   iusefp.o
        30          0          0          0          0         68   llshl.o
        36          0          0          0          0         68   llsshr.o
        32          0          0          0          0         68   llushr.o
        64          0          0          0          0         76   memmovea.o
        36          0          0          0          0        108   memseta.o
      2310         92          0          0          0        680   printfa.o
        18          0          0          0          0         68   strcpy.o
        14          0          0          0          0         68   strlen.o
        44          0          0          0          0         80   uidiv.o
        98          0          0          0          0         92   uldiv.o
        48          0          0          0          0         68   cdrcmple.o
        56          0          0          0          0         88   d2f.o
       334          0          0          0          0        148   dadd.o
       222          0          0          0          0        100   ddiv.o
       186          0          0          0          0        176   depilogue.o
        62          0          0          0          0         80   dfixi.o
        48          0          0          0          0         68   dfixul.o
        34          0          0          0          0         76   dflti.o
        26          0          0          0          0         76   dfltui.o
       228          0          0          0          0         96   dmul.o
        38          0          0          0          0         68   f2d.o
        54          0          0          0          0         68   fcmp4.o
       110          0          0          0          0        168   fepilogue.o
        44          0          0          0          0         68   ffixul.o
         4          0          0          0          0         68   fpstat.o
        82          0          0          0          0         96   frem.o

    ----------------------------------------------------------------------
      7076        310        384          4          0       5032   Library Totals
        10          0          0          0          0          0   (incl. Padding)

    ----------------------------------------------------------------------

      Code (inc. data)   RO Data    RW Data    ZI Data      Debug   Library Name

      2620        196        384          0          0       2008   m_wm.l
      2870        114          0          4          0       1512   mc_w.l
      1576          0          0          0          0       1512   mf_w.l

    ----------------------------------------------------------------------
      7076        310        384          4          0       5032   Library Totals

    ----------------------------------------------------------------------

==============================================================================


      Code (inc. data)   RO Data    RW Data    ZI Data      Debug   

    100228       5718       2744      21276      48932    1896601   Grand Totals
    100228       5718       2744        432      48932    1896601   ELF Image Totals (compressed)
    100228       5718       2744        432          0          0   ROM Totals

==============================================================================

    Total RO  Size (Code + RO Data)               102972 ( 100.56kB)
    Total RW  Size (RW Data + ZI Data)             70208 (  68.56kB)
    Total ROM Size (Code + RO Data + RW Data)     103404 ( 100.98kB)

==============================================================================

