Component: ARM Compiler 5.06 update 7 (build 960) Tool: armlink [4d3601]

==============================================================================

Section Cross References

    startup_stm32g474xx.o(RESET) refers to startup_stm32g474xx.o(STACK) for __initial_sp
    startup_stm32g474xx.o(RESET) refers to startup_stm32g474xx.o(.text) for Reset_Handler
    startup_stm32g474xx.o(RESET) refers to stm32g4xx_it.o(i.NMI_Handler) for NMI_Handler
    startup_stm32g474xx.o(RESET) refers to stm32g4xx_it.o(i.HardFault_Handler) for HardFault_Handler
    startup_stm32g474xx.o(RESET) refers to stm32g4xx_it.o(i.MemManage_Handler) for MemManage_Handler
    startup_stm32g474xx.o(RESET) refers to stm32g4xx_it.o(i.BusFault_Handler) for BusFault_Handler
    startup_stm32g474xx.o(RESET) refers to stm32g4xx_it.o(i.UsageFault_Handler) for UsageFault_Handler
    startup_stm32g474xx.o(RESET) refers to port.o(.emb_text) for SVC_Handler
    startup_stm32g474xx.o(RESET) refers to stm32g4xx_it.o(i.DebugMon_Handler) for DebugMon_Handler
    startup_stm32g474xx.o(RESET) refers to cmsis_os2.o(i.SysTick_Handler) for SysTick_Handler
    startup_stm32g474xx.o(RESET) refers to stm32g4xx_it.o(i.DMA1_Channel1_IRQHandler) for DMA1_Channel1_IRQHandler
    startup_stm32g474xx.o(RESET) refers to stm32g4xx_it.o(i.DMA1_Channel2_IRQHandler) for DMA1_Channel2_IRQHandler
    startup_stm32g474xx.o(RESET) refers to stm32g4xx_it.o(i.DMA1_Channel3_IRQHandler) for DMA1_Channel3_IRQHandler
    startup_stm32g474xx.o(RESET) refers to stm32g4xx_it.o(i.USB_LP_IRQHandler) for USB_LP_IRQHandler
    startup_stm32g474xx.o(RESET) refers to stm32g4xx_it.o(i.EXTI9_5_IRQHandler) for EXTI9_5_IRQHandler
    startup_stm32g474xx.o(RESET) refers to stm32g4xx_it.o(i.USART3_IRQHandler) for USART3_IRQHandler
    startup_stm32g474xx.o(RESET) refers to timer.o(i.TIM5_IRQHandler) for TIM5_IRQHandler
    startup_stm32g474xx.o(RESET) refers to stm32g4xx_it.o(i.TIM6_DAC_IRQHandler) for TIM6_DAC_IRQHandler
    startup_stm32g474xx.o(.text) refers to system_stm32g4xx.o(i.SystemInit) for SystemInit
    startup_stm32g474xx.o(.text) refers to entry.o(.ARM.Collect$$$$00000000) for __main
    main.o(i.HAL_TIM_PeriodElapsedCallback) refers to stm32g4xx_hal.o(i.HAL_IncTick) for HAL_IncTick
    main.o(i.SystemClock_Config) refers to memseta.o(.text) for __aeabi_memclr4
    main.o(i.SystemClock_Config) refers to stm32g4xx_hal_pwr_ex.o(i.HAL_PWREx_ControlVoltageScaling) for HAL_PWREx_ControlVoltageScaling
    main.o(i.SystemClock_Config) refers to stm32g4xx_hal_rcc.o(i.HAL_RCC_OscConfig) for HAL_RCC_OscConfig
    main.o(i.SystemClock_Config) refers to stm32g4xx_hal_rcc.o(i.HAL_RCC_ClockConfig) for HAL_RCC_ClockConfig
    main.o(i.main) refers to stm32g4xx_hal.o(i.HAL_Init) for HAL_Init
    main.o(i.main) refers to main.o(i.SystemClock_Config) for SystemClock_Config
    main.o(i.main) refers to gpio.o(i.MX_GPIO_Init) for MX_GPIO_Init
    main.o(i.main) refers to dma.o(i.MX_DMA_Init) for MX_DMA_Init
    main.o(i.main) refers to adc.o(i.MX_ADC1_Init) for MX_ADC1_Init
    main.o(i.main) refers to tim.o(i.MX_TIM1_Init) for MX_TIM1_Init
    main.o(i.main) refers to tim.o(i.MX_TIM2_Init) for MX_TIM2_Init
    main.o(i.main) refers to usart.o(i.MX_USART3_UART_Init) for MX_USART3_UART_Init
    main.o(i.main) refers to adc.o(i.MX_ADC2_Init) for MX_ADC2_Init
    main.o(i.main) refers to spi.o(i.MX_SPI1_Init) for MX_SPI1_Init
    main.o(i.main) refers to spi.o(i.MX_SPI3_Init) for MX_SPI3_Init
    main.o(i.main) refers to timer.o(i.timer_init) for timer_init
    main.o(i.main) refers to stm32g4xx_hal_adc_ex.o(i.HAL_ADCEx_Calibration_Start) for HAL_ADCEx_Calibration_Start
    main.o(i.main) refers to stm32g4xx_hal_adc_ex.o(i.HAL_ADCEx_MultiModeStart_DMA) for HAL_ADCEx_MultiModeStart_DMA
    main.o(i.main) refers to cmsis_os2.o(i.osKernelInitialize) for osKernelInitialize
    main.o(i.main) refers to app_freertos.o(i.MX_FREERTOS_Init) for MX_FREERTOS_Init
    main.o(i.main) refers to cmsis_os2.o(i.osKernelStart) for osKernelStart
    main.o(i.main) refers to adc.o(.bss) for hadc1
    main.o(i.main) refers to mc_interface.o(.bss) for ADC_Value
    gpio.o(i.MX_GPIO_Init) refers to memseta.o(.text) for __aeabi_memclr4
    gpio.o(i.MX_GPIO_Init) refers to stm32g4xx_hal_gpio.o(i.HAL_GPIO_WritePin) for HAL_GPIO_WritePin
    gpio.o(i.MX_GPIO_Init) refers to stm32g4xx_hal_gpio.o(i.HAL_GPIO_Init) for HAL_GPIO_Init
    gpio.o(i.MX_GPIO_Init) refers to stm32g4xx_hal_cortex.o(i.HAL_NVIC_SetPriority) for HAL_NVIC_SetPriority
    gpio.o(i.MX_GPIO_Init) refers to stm32g4xx_hal_cortex.o(i.HAL_NVIC_EnableIRQ) for HAL_NVIC_EnableIRQ
    app_freertos.o(i.LCD_ShowFloatS) refers to f2d.o(.text) for __aeabi_f2d
    app_freertos.o(i.LCD_ShowFloatS) refers to printfa.o(i.__0sprintf) for __2sprintf
    app_freertos.o(i.LCD_ShowFloatS) refers to lcd.o(i.LCD_ShowString) for LCD_ShowString
    app_freertos.o(i.MX_FREERTOS_Init) refers to cmsis_os2.o(i.osThreadNew) for osThreadNew
[...]
    0x08000a72   0x08000a72   0x00000002   PAD
    0x08000a74   0x08000a74   0x00000024   Code   RO        12939    .text               mc_w.l(init.o)
    0x08000a98   0x08000a98   0x00000056   Code   RO        12956    .text               mc_w.l(__dczerorl2.o)
    0x08000aee   0x08000aee   0x00000068   Code   RO         3436    i.ADC_DMAConvCplt   stm32g4xx_hal_adc.o
    0x08000b56   0x08000b56   0x0000001a   Code   RO         3437    i.ADC_DMAError      stm32g4xx_hal_adc.o
    0x08000b70   0x08000b70   0x0000000a   Code   RO         3438    i.ADC_DMAHalfConvCplt  stm32g4xx_hal_adc.o
    0x08000b7a   0x08000b7a   0x00000002   PAD
    0x08000b7c   0x08000b7c   0x00000070   Code   RO         3439    i.ADC_Disable       stm32g4xx_hal_adc.o
    0x08000bec   0x08000bec   0x000000c4   Code   RO         3440    i.ADC_Enable        stm32g4xx_hal_adc.o
    0x08000cb0   0x08000cb0   0x0000000c   Code   RO         9654    i.AppTask1CallBack  timer.o
    0x08000cbc   0x08000cbc   0x0000000c   Code   RO         9655    i.AppTask2CallBack  timer.o
    0x08000cc8   0x08000cc8   0x0000000c   Code   RO         9656    i.AppTask3CallBack  timer.o
    0x08000cd4   0x08000cd4   0x0000000c   Code   RO         9657    i.AppTask4CallBack  timer.o
    0x08000ce0   0x08000ce0   0x00000002   Code   RO          683    i.BusFault_Handler  stm32g4xx_it.o
    0x08000ce2   0x08000ce2   0x00000004   Code   RO         1192    i.CDC_Control_FS    usbd_cdc_if.o
    0x08000ce6   0x08000ce6   0x00000004   Code   RO         1193    i.CDC_DeInit_FS     usbd_cdc_if.o
    0x08000cea   0x08000cea   0x00000002   PAD
    0x08000cec   0x08000cec   0x00000024   Code   RO         1194    i.CDC_Init_FS       usbd_cdc_if.o
    0x08000d10   0x08000d10   0x00000028   Code   RO         1195    i.CDC_Receive_FS    usbd_cdc_if.o
    0x08000d38   0x08000d38   0x00000004   Code   RO         1196    i.CDC_TransmitCplt_FS  usbd_cdc_if.o
    0x08000d3c   0x08000d3c   0x0000002c   Code   RO         1197    i.CDC_Transmit_FS   usbd_cdc_if.o
    0x08000d68   0x08000d68   0x00000018   Code   RO         9856    i.CalculateCrc      eeprom_emul.o
    0x08000d80   0x08000d80   0x00000034   Code   RO         9857    i.ConfigureCrc      eeprom_emul.o
    0x08000db4   0x08000db4   0x0000000c   Code   RO          684    i.DMA1_Channel1_IRQHandler  stm32g4xx_it.o
    0x08000dc0   0x08000dc0   0x0000000c   Code   RO          685    i.DMA1_Channel2_IRQHandler  stm32g4xx_it.o
    0x08000dcc   0x08000dcc   0x00000018   Code   RO          686    i.DMA1_Channel3_IRQHandler  stm32g4xx_it.o
    0x08000de4   0x08000de4   0x00000040   Code   RO         2751    i.DMA_CalcDMAMUXChannelBaseAndMask  stm32g4xx_hal_dma.o
    0x08000e24   0x08000e24   0x00000024   Code   RO         2752    i.DMA_CalcDMAMUXRequestGenBaseAndMask  stm32g4xx_hal_dma.o
    0x08000e48   0x08000e48   0x0000003e   Code   RO         2753    i.DMA_SetConfig     stm32g4xx_hal_dma.o
    0x08000e86   0x08000e86   0x00000002   Code   RO          687    i.DebugMon_Handler  stm32g4xx_it.o
    0x08000e88   0x08000e88   0x0000010c   Code   RO         9858    i.EE_CleanUp        eeprom_emul.o
    0x08000f94   0x08000f94   0x00000004   Code   RO         9860    i.EE_DeleteCorruptedFlashAddress  eeprom_emul.o
    0x08000f98   0x08000f98   0x0000011c   Code   RO         9862    i.EE_Format         eeprom_emul.o
    0x080010b4   0x080010b4   0x00000990   Code   RO         9863    i.EE_Init           eeprom_emul.o
    0x08001a44   0x08001a44   0x00000022   Code   RO         9864    i.EE_ReadVariable16bits  eeprom_emul.o
    0x08001a66   0x08001a66   0x00000012   Code   RO         9867    i.EE_WriteVariable16bits  eeprom_emul.o
    0x08001a78   0x08001a78   0x00000022   Code   RO          688    i.EXTI9_5_IRQHandler  stm32g4xx_it.o
    0x08001a9a   0x08001a9a   0x00000004   Code   RO           13    i.Error_Handler     main.o
    0x08001a9e   0x08001a9e   0x00000002   PAD
    0x08001aa0   0x08001aa0   0x00000028   Code   RO        10007    i.FI_CacheFlush     flash_interface.o
    0x08001ac8   0x08001ac8   0x00000020   Code   RO        10008    i.FI_CheckBankConfig  flash_interface.o
    0x08001ae8   0x08001ae8   0x00000090   Code   RO        10009    i.FI_DeleteCorruptedFlashAddress  flash_interface.o
    0x08001b78   0x08001b78   0x00000074   Code   RO        10010    i.FI_PageErase      flash_interface.o
    0x08001bec   0x08001bec   0x00000008   Code   RO        10012    i.FI_WriteDoubleWord  flash_interface.o
    0x08001bf4   0x08001bf4   0x0000005c   Code   RO         2485    i.FLASH_FlushCaches  stm32g4xx_hal_flash_ex.o
    0x08001c50   0x08001c50   0x00000038   Code   RO         2486    i.FLASH_MassErase   stm32g4xx_hal_flash_ex.o
    0x08001c88   0x08001c88   0x000000d0   Code   RO         2487    i.FLASH_OB_GetPCROP  stm32g4xx_hal_flash_ex.o
    0x08001d58   0x08001d58   0x00000040   Code   RO         2490    i.FLASH_PageErase   stm32g4xx_hal_flash_ex.o
    0x08001d98   0x08001d98   0x0000001c   Code   RO         2376    i.FLASH_Program_DoubleWord  stm32g4xx_hal_flash.o
    0x08001db4   0x08001db4   0x0000002c   Code   RO         2377    i.FLASH_Program_Fast  stm32g4xx_hal_flash.o
    0x08001de0   0x08001de0   0x00000060   Code   RO         2378    i.FLASH_WaitForLastOperation  stm32g4xx_hal_flash.o
    0x08001e40   0x08001e40   0x000001d0   Code   RO         9870    i.FindPage          eeprom_emul.o
    0x08002010   0x08002010   0x0000004c   Code   RO        10013    i.GetBankNumber     flash_interface.o
    0x0800205c   0x0800205c   0x00000046   Code   RO         9871    i.GetPageState      eeprom_emul.o
    0x080020a2   0x080020a2   0x00000002   PAD
    0x080020a4   0x080020a4   0x00000094   Code   RO         3673    i.HAL_ADCEx_Calibration_Start  stm32g4xx_hal_adc_ex.o
    0x08002138   0x08002138   0x00000160   Code   RO         3690    i.HAL_ADCEx_MultiModeConfigChannel  stm32g4xx_hal_adc_ex.o
    0x08002298   0x08002298   0x000000f8   Code   RO         3692    i.HAL_ADCEx_MultiModeStart_DMA  stm32g4xx_hal_adc_ex.o
    0x08002390   0x08002390   0x0000046c   Code   RO         3442    i.HAL_ADC_ConfigChannel  stm32g4xx_hal_adc.o
    0x080027fc   0x080027fc   0x00000002   Code   RO         3443    i.HAL_ADC_ConvCpltCallback  stm32g4xx_hal_adc.o
    0x080027fe   0x080027fe   0x00000002   Code   RO         8523    i.HAL_ADC_ConvHalfCpltCallback  hw_custom.o
    0x08002800   0x08002800   0x00000002   Code   RO         3446    i.HAL_ADC_ErrorCallback  stm32g4xx_hal_adc.o
    0x08002802   0x08002802   0x00000002   PAD
    0x08002804   0x08002804   0x00000230   Code   RO         3451    i.HAL_ADC_Init      stm32g4xx_hal_adc.o
    0x08002a34   0x08002a34   0x000001b8   Code   RO          466    i.HAL_ADC_MspInit   adc.o
    0x08002bec   0x08002bec   0x0000006a   Code   RO         2754    i.HAL_DMA_Abort     stm32g4xx_hal_dma.o
    0x08002c56   0x08002c56   0x00000078   Code   RO         2755    i.HAL_DMA_Abort_IT  stm32g4xx_hal_dma.o
    0x08002cce   0x08002cce   0x000000ba   Code   RO         2759    i.HAL_DMA_IRQHandler  stm32g4xx_hal_dma.o
    0x08002d88   0x08002d88   0x000000c0   Code   RO         2760    i.HAL_DMA_Init      stm32g4xx_hal_dma.o
    0x08002e48   0x08002e48   0x0000008c   Code   RO         2764    i.HAL_DMA_Start_IT  stm32g4xx_hal_dma.o
    0x08002ed4   0x08002ed4   0x00000024   Code   RO         1891    i.HAL_Delay         stm32g4xx_hal.o
    0x08002ef8   0x08002ef8   0x000000dc   Code   RO         2494    i.HAL_FLASHEx_Erase  stm32g4xx_hal_flash_ex.o
    0x08002fd4   0x08002fd4   0x000000d4   Code   RO         2496    i.HAL_FLASHEx_OBGetConfig  stm32g4xx_hal_flash_ex.o
    0x080030a8   0x080030a8   0x0000001c   Code   RO         2382    i.HAL_FLASH_Lock    stm32g4xx_hal_flash.o
    0x080030c4   0x080030c4   0x000000a4   Code   RO         2387    i.HAL_FLASH_Program  stm32g4xx_hal_flash.o
    0x08003168   0x08003168   0x00000028   Code   RO         2389    i.HAL_FLASH_Unlock  stm32g4xx_hal_flash.o
    0x08003190   0x08003190   0x00000078   Code   RO         8524    i.HAL_GPIO_EXTI_Callback  hw_custom.o
    0x08003208   0x08003208   0x00000018   Code   RO         2615    i.HAL_GPIO_EXTI_IRQHandler  stm32g4xx_hal_gpio.o
    0x08003220   0x08003220   0x00000248   Code   RO         2616    i.HAL_GPIO_Init     stm32g4xx_hal_gpio.o
    0x08003468   0x08003468   0x0000000a   Code   RO         2618    i.HAL_GPIO_ReadPin  stm32g4xx_hal_gpio.o
    0x08003472   0x08003472   0x0000000a   Code   RO         2620    i.HAL_GPIO_WritePin  stm32g4xx_hal_gpio.o
    0x0800347c   0x0800347c   0x0000000c   Code   RO         1895    i.HAL_GetTick       stm32g4xx_hal.o
    0x08003488   0x08003488   0x00000010   Code   RO         1901    i.HAL_IncTick       stm32g4xx_hal.o
    0x08003498   0x08003498   0x0000001e   Code   RO         1902    i.HAL_Init          stm32g4xx_hal.o
    0x080034b6   0x080034b6   0x00000002   PAD
    0x080034b8   0x080034b8   0x00000088   Code   RO          807    i.HAL_InitTick      stm32g4xx_hal_timebase_tim.o
    0x08003540   0x08003540   0x0000003c   Code   RO          783    i.HAL_MspInit       stm32g4xx_hal_msp.o
    0x0800357c   0x0800357c   0x0000001a   Code   RO         3265    i.HAL_NVIC_EnableIRQ  stm32g4xx_hal_cortex.o
    0x08003596   0x08003596   0x00000002   PAD
    0x08003598   0x08003598   0x00000040   Code   RO         3271    i.HAL_NVIC_SetPriority  stm32g4xx_hal_cortex.o
    0x080035d8   0x080035d8   0x00000024   Code   RO         3272    i.HAL_NVIC_SetPriorityGrouping  stm32g4xx_hal_cortex.o
    0x080035fc   0x080035fc   0x00000024   Code   RO         1669    i.HAL_PCDEx_ActivateLPM  stm32g4xx_hal_pcd_ex.o
    0x08003620   0x08003620   0x00000044   Code   RO          846    i.HAL_PCDEx_LPM_Callback  usbd_conf.o
    0x08003664   0x08003664   0x0000003c   Code   RO         1675    i.HAL_PCDEx_PMAConfig  stm32g4xx_hal_pcd_ex.o
    0x080036a0   0x080036a0   0x00000012   Code   RO          848    i.HAL_PCD_DataInStageCallback  usbd_conf.o
    0x080036b2   0x080036b2   0x00000014   Code   RO          849    i.HAL_PCD_DataOutStageCallback  usbd_conf.o
    0x080036c6   0x080036c6   0x0000004a   Code   RO         1447    i.HAL_PCD_EP_Close  stm32g4xx_hal_pcd.o
    0x08003710   0x08003710   0x0000005a   Code   RO         1448    i.HAL_PCD_EP_ClrStall  stm32g4xx_hal_pcd.o
    0x0800376a   0x0800376a   0x000000dc   Code   RO         1449    i.HAL_PCD_EP_DB_Receive  stm32g4xx_hal_pcd.o
    0x08003846   0x08003846   0x00000380   Code   RO         1450    i.HAL_PCD_EP_DB_Transmit  stm32g4xx_hal_pcd.o
    0x08003bc6   0x08003bc6   0x00000012   Code   RO         1452    i.HAL_PCD_EP_GetRxCount  stm32g4xx_hal_pcd.o
    0x08003bd8   0x08003bd8   0x0000005c   Code   RO         1453    i.HAL_PCD_EP_Open   stm32g4xx_hal_pcd.o
    0x08003c34   0x08003c34   0x0000002e   Code   RO         1454    i.HAL_PCD_EP_Receive  stm32g4xx_hal_pcd.o
    0x08003c62   0x08003c62   0x0000005e   Code   RO         1455    i.HAL_PCD_EP_SetStall  stm32g4xx_hal_pcd.o
    0x08003cc0   0x08003cc0   0x0000002e   Code   RO         1456    i.HAL_PCD_EP_Transmit  stm32g4xx_hal_pcd.o
    0x08003cee   0x08003cee   0x0000014a   Code   RO         1458    i.HAL_PCD_IRQHandler  stm32g4xx_hal_pcd.o
    0x08003e38   0x08003e38   0x0000009c   Code   RO         1461    i.HAL_PCD_Init      stm32g4xx_hal_pcd.o
    0x08003ed4   0x08003ed4   0x00000058   Code   RO          854    i.HAL_PCD_MspInit   usbd_conf.o
    0x08003f2c   0x08003f2c   0x00000026   Code   RO          855    i.HAL_PCD_ResetCallback  usbd_conf.o
    0x08003f52   0x08003f52   0x00000002   PAD
    0x08003f54   0x08003f54   0x00000028   Code   RO          856    i.HAL_PCD_ResumeCallback  usbd_conf.o
    0x08003f7c   0x08003f7c   0x00000008   Code   RO          857    i.HAL_PCD_SOFCallback  usbd_conf.o
    0x08003f84   0x08003f84   0x00000026   Code   RO         1467    i.HAL_PCD_SetAddress  stm32g4xx_hal_pcd.o
    0x08003faa   0x08003faa   0x0000000e   Code   RO          858    i.HAL_PCD_SetupStageCallback  usbd_conf.o
    0x08003fb8   0x08003fb8   0x0000002a   Code   RO         1469    i.HAL_PCD_Start     stm32g4xx_hal_pcd.o
    0x08003fe2   0x08003fe2   0x00000002   PAD
    0x08003fe4   0x08003fe4   0x00000024   Code   RO          859    i.HAL_PCD_SuspendCallback  usbd_conf.o
    0x08004008   0x08004008   0x000000bc   Code   RO         3019    i.HAL_PWREx_ControlVoltageScaling  stm32g4xx_hal_pwr_ex.o
    0x080040c4   0x080040c4   0x00000010   Code   RO         3031    i.HAL_PWREx_DisableUCPDDeadBattery  stm32g4xx_hal_pwr_ex.o
    0x080040d4   0x080040d4   0x00000300   Code   RO         2262    i.HAL_RCCEx_PeriphCLKConfig  stm32g4xx_hal_rcc_ex.o
    0x080043d4   0x080043d4   0x000001dc   Code   RO         2137    i.HAL_RCC_ClockConfig  stm32g4xx_hal_rcc.o
    0x080045b0   0x080045b0   0x00000040   Code   RO         2142    i.HAL_RCC_GetClockConfig  stm32g4xx_hal_rcc.o
    0x080045f0   0x080045f0   0x00000024   Code   RO         2145    i.HAL_RCC_GetPCLK1Freq  stm32g4xx_hal_rcc.o
    0x08004614   0x08004614   0x00000024   Code   RO         2146    i.HAL_RCC_GetPCLK2Freq  stm32g4xx_hal_rcc.o
    0x08004638   0x08004638   0x0000006c   Code   RO         2147    i.HAL_RCC_GetSysClockFreq  stm32g4xx_hal_rcc.o
    0x080046a4   0x080046a4   0x00000404   Code   RO         2150    i.HAL_RCC_OscConfig  stm32g4xx_hal_rcc.o
    0x08004aa8   0x08004aa8   0x000000ea   Code   RO         3971    i.HAL_SPI_Init      stm32g4xx_hal_spi.o
    0x08004b92   0x08004b92   0x00000002   PAD
    0x08004b94   0x08004b94   0x000000a8   Code   RO          539    i.HAL_SPI_MspInit   spi.o
    0x08004c3c   0x08004c3c   0x0000018e   Code   RO         3979    i.HAL_SPI_Transmit  stm32g4xx_hal_spi.o
    0x08004dca   0x08004dca   0x00000272   Code   RO         3980    i.HAL_SPI_TransmitReceive  stm32g4xx_hal_spi.o
    0x0800503c   0x0800503c   0x00000002   Code   RO         5027    i.HAL_TIMEx_Break2Callback  stm32g4xx_hal_tim_ex.o
    0x0800503e   0x0800503e   0x00000002   Code   RO         5028    i.HAL_TIMEx_BreakCallback  stm32g4xx_hal_tim_ex.o
    0x08005040   0x08005040   0x00000002   Code   RO         5029    i.HAL_TIMEx_CommutCallback  stm32g4xx_hal_tim_ex.o
    0x08005042   0x08005042   0x00000002   PAD
    0x08005044   0x08005044   0x000000a8   Code   RO         5032    i.HAL_TIMEx_ConfigBreakDeadTime  stm32g4xx_hal_tim_ex.o
    0x080050ec   0x080050ec   0x00000002   Code   RO         5040    i.HAL_TIMEx_DirectionChangeCallback  stm32g4xx_hal_tim_ex.o
    0x080050ee   0x080050ee   0x00000002   Code   RO         5054    i.HAL_TIMEx_EncoderIndexCallback  stm32g4xx_hal_tim_ex.o
    0x080050f0   0x080050f0   0x00000002   Code   RO         5068    i.HAL_TIMEx_IndexErrorCallback  stm32g4xx_hal_tim_ex.o
    0x080050f2   0x080050f2   0x00000002   PAD
    0x080050f4   0x080050f4   0x000000b8   Code   RO         5069    i.HAL_TIMEx_MasterConfigSynchronization  stm32g4xx_hal_tim_ex.o
    0x080051ac   0x080051ac   0x000000cc   Code   RO         5070    i.HAL_TIMEx_OCN_Start  stm32g4xx_hal_tim_ex.o
    0x08005278   0x08005278   0x00000068   Code   RO         5073    i.HAL_TIMEx_OCN_Stop  stm32g4xx_hal_tim_ex.o
    0x080052e0   0x080052e0   0x000000cc   Code   RO         5081    i.HAL_TIMEx_PWMN_Start  stm32g4xx_hal_tim_ex.o
    0x080053ac   0x080053ac   0x00000002   Code   RO         5090    i.HAL_TIMEx_TransitionErrorCallback  stm32g4xx_hal_tim_ex.o
    0x080053ae   0x080053ae   0x00000064   Code   RO         4311    i.HAL_TIM_Base_DeInit  stm32g4xx_hal_tim.o
    0x08005412   0x08005412   0x00000062   Code   RO         4313    i.HAL_TIM_Base_Init  stm32g4xx_hal_tim.o
    0x08005474   0x08005474   0x0000002c   Code   RO          586    i.HAL_TIM_Base_MspDeInit  tim.o
    0x080054a0   0x080054a0   0x0000003c   Code   RO          587    i.HAL_TIM_Base_MspInit  tim.o
    0x080054dc   0x080054dc   0x00000080   Code   RO         4316    i.HAL_TIM_Base_Start  stm32g4xx_hal_tim.o
    0x0800555c   0x0800555c   0x0000008c   Code   RO         4318    i.HAL_TIM_Base_Start_IT  stm32g4xx_hal_tim.o
    0x080055e8   0x080055e8   0x000000f0   Code   RO         4322    i.HAL_TIM_ConfigClockSource  stm32g4xx_hal_tim.o
    0x080056d8   0x080056d8   0x00000026   Code   RO         4344    i.HAL_TIM_GenerateEvent  stm32g4xx_hal_tim.o
    0x080056fe   0x080056fe   0x00000002   Code   RO         4347    i.HAL_TIM_IC_CaptureCallback  stm32g4xx_hal_tim.o
    0x08005700   0x08005700   0x000001a2   Code   RO         4361    i.HAL_TIM_IRQHandler  stm32g4xx_hal_tim.o
    0x080058a2   0x080058a2   0x00000002   PAD
    0x080058a4   0x080058a4   0x00000094   Code   RO          588    i.HAL_TIM_MspPostInit  tim.o
    0x08005938   0x08005938   0x0000006e   Code   RO         4362    i.HAL_TIM_OC_ConfigChannel  stm32g4xx_hal_tim.o
    0x080059a6   0x080059a6   0x00000002   Code   RO         4364    i.HAL_TIM_OC_DelayElapsedCallback  stm32g4xx_hal_tim.o
    0x080059a8   0x080059a8   0x00000114   Code   RO         4369    i.HAL_TIM_OC_Start  stm32g4xx_hal_tim.o
    0x08005abc   0x08005abc   0x00000124   Code   RO         4385    i.HAL_TIM_PWM_ConfigChannel  stm32g4xx_hal_tim.o
    0x08005be0   0x08005be0   0x00000062   Code   RO         4388    i.HAL_TIM_PWM_Init  stm32g4xx_hal_tim.o
    0x08005c42   0x08005c42   0x00000002   Code   RO         4390    i.HAL_TIM_PWM_MspInit  stm32g4xx_hal_tim.o
    0x08005c44   0x08005c44   0x00000002   Code   RO         4391    i.HAL_TIM_PWM_PulseFinishedCallback  stm32g4xx_hal_tim.o
    0x08005c46   0x08005c46   0x00000002   PAD
    0x08005c48   0x08005c48   0x00000114   Code   RO         4393    i.HAL_TIM_PWM_Start  stm32g4xx_hal_tim.o
    0x08005d5c   0x08005d5c   0x000000b8   Code   RO         4396    i.HAL_TIM_PWM_Stop  stm32g4xx_hal_tim.o
    0x08005e14   0x08005e14   0x00000014   Code   RO           14    i.HAL_TIM_PeriodElapsedCallback  main.o
    0x08005e28   0x08005e28   0x00000056   Code   RO         4402    i.HAL_TIM_SlaveConfigSynchro  stm32g4xx_hal_tim.o
    0x08005e7e   0x08005e7e   0x00000002   Code   RO         4404    i.HAL_TIM_TriggerCallback  stm32g4xx_hal_tim.o
    0x08005e80   0x08005e80   0x0000003e   Code   RO         5876    i.HAL_UARTEx_DisableFifoMode  stm32g4xx_hal_uart_ex.o
    0x08005ebe   0x08005ebe   0x00000002   Code   RO         5465    i.HAL_UARTEx_RxEventCallback  stm32g4xx_hal_uart.o
    0x08005ec0   0x08005ec0   0x00000002   Code   RO         5884    i.HAL_UARTEx_RxFifoFullCallback  stm32g4xx_hal_uart_ex.o
    0x08005ec2   0x08005ec2   0x0000004c   Code   RO         5885    i.HAL_UARTEx_SetRxFifoThreshold  stm32g4xx_hal_uart_ex.o
    0x08005f0e   0x08005f0e   0x0000004c   Code   RO         5886    i.HAL_UARTEx_SetTxFifoThreshold  stm32g4xx_hal_uart_ex.o
    0x08005f5a   0x08005f5a   0x00000002   Code   RO         5888    i.HAL_UARTEx_TxFifoEmptyCallback  stm32g4xx_hal_uart_ex.o
    0x08005f5c   0x08005f5c   0x00000002   Code   RO         5889    i.HAL_UARTEx_WakeupCallback  stm32g4xx_hal_uart_ex.o
    0x08005f5e   0x08005f5e   0x00000002   Code   RO         5481    i.HAL_UART_ErrorCallback  stm32g4xx_hal_uart.o
    0x08005f60   0x08005f60   0x0000031c   Code   RO         5484    i.HAL_UART_IRQHandler  stm32g4xx_hal_uart.o
    0x0800627c   0x0800627c   0x0000006a   Code   RO         5485    i.HAL_UART_Init     stm32g4xx_hal_uart.o
    0x080062e6   0x080062e6   0x00000002   PAD
    0x080062e8   0x080062e8   0x000000f4   Code   RO          642    i.HAL_UART_MspInit  usart.o
    0x080063dc   0x080063dc   0x00000002   Code   RO         5497    i.HAL_UART_TxCpltCallback  stm32g4xx_hal_uart.o
    0x080063de   0x080063de   0x00000002   Code   RO          689    i.HardFault_Handler  stm32g4xx_it.o
    0x080063e0   0x080063e0   0x00000038   Code   RO         1106    i.IntToUnicode      usbd_desc.o
    0x08006418   0x08006418   0x00000042   Code   RO        10176    i.LCD_Address_Set   lcd.o
    0x0800645a   0x0800645a   0x0000009c   Code   RO        10177    i.LCD_DrawLine      lcd.o
    0x080064f6   0x080064f6   0x00000016   Code   RO        10178    i.LCD_DrawPoint     lcd.o
    0x0800650c   0x0800650c   0x0000003e   Code   RO        10180    i.LCD_Fill          lcd.o
    0x0800654a   0x0800654a   0x00000002   PAD
    0x0800654c   0x0800654c   0x000001b0   Code   RO        10181    i.LCD_Init          lcd.o
    0x080066fc   0x080066fc   0x0000010c   Code   RO        10182    i.LCD_ShowChar      lcd.o
    0x08006808   0x08006808   0x00000102   Code   RO        10188    i.LCD_ShowFloatNum  lcd.o
    0x0800690a   0x0800690a   0x000000d0   Code   RO        10189    i.LCD_ShowFloatNum1  lcd.o
    0x080069da   0x080069da   0x00000002   PAD
    0x080069dc   0x080069dc   0x00000044   Code   RO          361    i.LCD_ShowFloatS    app_freertos.o
    0x08006a20   0x08006a20   0x0000003a   Code   RO        10192    i.LCD_ShowString    lcd.o
    0x08006a5a   0x08006a5a   0x00000014   Code   RO        10193    i.LCD_WR_DATA       lcd.o
    0x08006a6e   0x08006a6e   0x00000002   PAD
    0x08006a70   0x08006a70   0x0000002c   Code   RO        10195    i.LCD_WR_REG        lcd.o
    0x08006a9c   0x08006a9c   0x00000030   Code   RO        10196    i.LCD_Writ_Bus      lcd.o
    0x08006acc   0x08006acc   0x0000000c   Code   RO         3465    i.LL_ADC_GetOffsetChannel  stm32g4xx_hal_adc.o
    0x08006ad8   0x08006ad8   0x00000008   Code   RO         3466    i.LL_ADC_INJ_IsConversionOngoing  stm32g4xx_hal_adc.o
    0x08006ae0   0x08006ae0   0x00000008   Code   RO         3467    i.LL_ADC_REG_IsConversionOngoing  stm32g4xx_hal_adc.o
    0x08006ae8   0x08006ae8   0x00000008   Code   RO         3700    i.LL_ADC_REG_IsConversionOngoing  stm32g4xx_hal_adc_ex.o
    0x08006af0   0x08006af0   0x00000010   Code   RO         3468    i.LL_ADC_REG_IsTriggerSourceSWStart  stm32g4xx_hal_adc.o
    0x08006b00   0x08006b00   0x0000001e   Code   RO         3470    i.LL_ADC_SetChannelSamplingTime  stm32g4xx_hal_adc.o
    0x08006b1e   0x08006b1e   0x00000010   Code   RO         3471    i.LL_ADC_SetOffsetState  stm32g4xx_hal_adc.o
    0x08006b2e   0x08006b2e   0x00000002   PAD
    0x08006b30   0x08006b30   0x00000124   Code   RO          467    i.MX_ADC1_Init      adc.o
    0x08006c54   0x08006c54   0x000000fc   Code   RO          468    i.MX_ADC2_Init      adc.o
    0x08006d50   0x08006d50   0x0000005c   Code   RO          514    i.MX_DMA_Init       dma.o
    0x08006dac   0x08006dac   0x00000070   Code   RO          362    i.MX_FREERTOS_Init  app_freertos.o
    0x08006e1c   0x08006e1c   0x00000124   Code   RO          337    i.MX_GPIO_Init      gpio.o
    0x08006f40   0x08006f40   0x00000050   Code   RO          540    i.MX_SPI1_Init      spi.o
    0x08006f90   0x08006f90   0x00000050   Code   RO          541    i.MX_SPI3_Init      spi.o
    0x08006fe0   0x08006fe0   0x0000011c   Code   RO          589    i.MX_TIM1_Init      tim.o
    0x080070fc   0x080070fc   0x000000b4   Code   RO          590    i.MX_TIM2_Init      tim.o
    0x080071b0   0x080071b0   0x00000068   Code   RO          643    i.MX_USART3_UART_Init  usart.o
    0x08007218   0x08007218   0x00000054   Code   RO         1071    i.MX_USB_Device_Init  usb_device.o
    0x0800726c   0x0800726c   0x00000002   Code   RO          690    i.MemManage_Handler  stm32g4xx_it.o
    0x0800726e   0x0800726e   0x00000002   PAD
    0x08007270   0x08007270   0x00000070   Code   RO          691    i.NMI_Handler       stm32g4xx_it.o
    0x080072e0   0x080072e0   0x00000342   Code   RO         1472    i.PCD_EP_ISR_Handler  stm32g4xx_hal_pcd.o
    0x08007622   0x08007622   0x00000002   PAD
    0x08007624   0x08007624   0x000003c4   Code   RO         9872    i.PagesTransfer     eeprom_emul.o
    0x080079e8   0x080079e8   0x0000014c   Code   RO         9873    i.ReadVariable      eeprom_emul.o
    0x08007b34   0x08007b34   0x00000048   Code   RO         4009    i.SPI_EndRxTxTransaction  stm32g4xx_hal_spi.o
    0x08007b7c   0x08007b7c   0x000000e0   Code   RO         4014    i.SPI_WaitFifoStateUntilTimeout  stm32g4xx_hal_spi.o
    0x08007c5c   0x08007c5c   0x000000b8   Code   RO         4015    i.SPI_WaitFlagStateUntilTimeout  stm32g4xx_hal_spi.o
    0x08007d14   0x08007d14   0x0000000a   Code   RO         6170    i.SWAPBYTE          usbd_ctlreq.o
    0x08007d1e   0x08007d1e   0x00000002   PAD
    0x08007d20   0x08007d20   0x00000150   Code   RO         9874    i.SetPageState      eeprom_emul.o
    0x08007e70   0x08007e70   0x0000013c   Code   RO          363    i.StartDefaultTask  app_freertos.o
    0x08007fac   0x08007fac   0x0000001a   Code   RO        11711    i.SysTick_Handler   cmsis_os2.o
    0x08007fc6   0x08007fc6   0x0000006c   Code   RO           15    i.SystemClock_Config  main.o
    0x08008032   0x08008032   0x00000002   PAD
    0x08008034   0x08008034   0x00000010   Code   RO         5995    i.SystemInit        system_stm32g4xx.o
    0x08008044   0x08008044   0x00000098   Code   RO         9658    i.TIM5_IRQHandler   timer.o
    0x080080dc   0x080080dc   0x0000000c   Code   RO          692    i.TIM6_DAC_IRQHandler  stm32g4xx_it.o
    0x080080e8   0x080080e8   0x000000e4   Code   RO         4406    i.TIM_Base_SetConfig  stm32g4xx_hal_tim.o
    0x080081cc   0x080081cc   0x0000001a   Code   RO         4407    i.TIM_CCxChannelCmd  stm32g4xx_hal_tim.o
    0x080081e6   0x080081e6   0x0000001a   Code   RO         5093    i.TIM_CCxNChannelCmd  stm32g4xx_hal_tim_ex.o
    0x08008200   0x08008200   0x00000014   Code   RO         4417    i.TIM_ETR_SetConfig  stm32g4xx_hal_tim.o
    0x08008214   0x08008214   0x00000014   Code   RO         4418    i.TIM_ITRx_SetConfig  stm32g4xx_hal_tim.o
    0x08008228   0x08008228   0x000000ac   Code   RO         4419    i.TIM_OC1_SetConfig  stm32g4xx_hal_tim.o
    0x080082d4   0x080082d4   0x000000a0   Code   RO         4420    i.TIM_OC2_SetConfig  stm32g4xx_hal_tim.o
    0x08008374   0x08008374   0x000000a0   Code   RO         4421    i.TIM_OC3_SetConfig  stm32g4xx_hal_tim.o
    0x08008414   0x08008414   0x000000a0   Code   RO         4422    i.TIM_OC4_SetConfig  stm32g4xx_hal_tim.o
    0x080084b4   0x080084b4   0x00000078   Code   RO         4423    i.TIM_OC5_SetConfig  stm32g4xx_hal_tim.o
    0x0800852c   0x0800852c   0x0000007c   Code   RO         4424    i.TIM_OC6_SetConfig  stm32g4xx_hal_tim.o
    0x080085a8   0x080085a8   0x000000d4   Code   RO         4425    i.TIM_SlaveTimer_SetConfig  stm32g4xx_hal_tim.o
    0x0800867c   0x0800867c   0x00000022   Code   RO         4426    i.TIM_TI1_ConfigInputStage  stm32g4xx_hal_tim.o
    0x0800869e   0x0800869e   0x00000024   Code   RO         4428    i.TIM_TI2_ConfigInputStage  stm32g4xx_hal_tim.o
    0x080086c2   0x080086c2   0x00000002   PAD
    0x080086c4   0x080086c4   0x00000044   Code   RO         5890    i.UARTEx_SetNbDataToProcess  stm32g4xx_hal_uart_ex.o
    0x08008708   0x08008708   0x000000c8   Code   RO         5499    i.UART_AdvFeatureConfig  stm32g4xx_hal_uart.o
    0x080087d0   0x080087d0   0x000000ac   Code   RO         5500    i.UART_CheckIdleState  stm32g4xx_hal_uart.o
    0x0800887c   0x0800887c   0x00000010   Code   RO         5501    i.UART_DMAAbortOnError  stm32g4xx_hal_uart.o
    0x0800888c   0x0800888c   0x00000054   Code   RO         5511    i.UART_EndRxTransfer  stm32g4xx_hal_uart.o
    0x080088e0   0x080088e0   0x00000298   Code   RO         5517    i.UART_SetConfig    stm32g4xx_hal_uart.o
    0x08008b78   0x08008b78   0x00000094   Code   RO         5524    i.UART_WaitOnFlagUntilTimeout  stm32g4xx_hal_uart.o
    0x08008c0c   0x08008c0c   0x0000000c   Code   RO          693    i.USART3_IRQHandler  stm32g4xx_it.o
    0x08008c18   0x08008c18   0x00000020   Code   RO         1107    i.USBD_CDC_ConfigStrDescriptor  usbd_desc.o
    0x08008c38   0x08008c38   0x0000005e   Code   RO         6303    i.USBD_CDC_DataIn   usbd_cdc.o
    0x08008c96   0x08008c96   0x0000002a   Code   RO         6304    i.USBD_CDC_DataOut  usbd_cdc.o
    0x08008cc0   0x08008cc0   0x00000048   Code   RO         6305    i.USBD_CDC_DeInit   usbd_cdc.o
    0x08008d08   0x08008d08   0x0000000c   Code   RO         1108    i.USBD_CDC_DeviceDescriptor  usbd_desc.o
    0x08008d14   0x08008d14   0x0000002e   Code   RO         6306    i.USBD_CDC_EP0_RxReady  usbd_cdc.o
    0x08008d42   0x08008d42   0x00000002   PAD
    0x08008d44   0x08008d44   0x0000000c   Code   RO         6307    i.USBD_CDC_GetDeviceQualifierDescriptor  usbd_cdc.o
    0x08008d50   0x08008d50   0x0000000c   Code   RO         6308    i.USBD_CDC_GetFSCfgDesc  usbd_cdc.o
    0x08008d5c   0x08008d5c   0x0000000c   Code   RO         6309    i.USBD_CDC_GetHSCfgDesc  usbd_cdc.o
    0x08008d68   0x08008d68   0x0000000c   Code   RO         6310    i.USBD_CDC_GetOtherSpeedCfgDesc  usbd_cdc.o
    0x08008d74   0x08008d74   0x000000a2   Code   RO         6311    i.USBD_CDC_Init     usbd_cdc.o
    0x08008e16   0x08008e16   0x00000002   PAD
    0x08008e18   0x08008e18   0x00000024   Code   RO         1109    i.USBD_CDC_InterfaceStrDescriptor  usbd_desc.o
    0x08008e3c   0x08008e3c   0x0000000c   Code   RO         1110    i.USBD_CDC_LangIDStrDescriptor  usbd_desc.o
    0x08008e48   0x08008e48   0x00000028   Code   RO         1111    i.USBD_CDC_ManufacturerStrDescriptor  usbd_desc.o
    0x08008e70   0x08008e70   0x0000002c   Code   RO         1112    i.USBD_CDC_ProductStrDescriptor  usbd_desc.o
    0x08008e9c   0x08008e9c   0x00000028   Code   RO         6312    i.USBD_CDC_ReceivePacket  usbd_cdc.o
    0x08008ec4   0x08008ec4   0x0000000e   Code   RO         6313    i.USBD_CDC_RegisterInterface  usbd_cdc.o
    0x08008ed2   0x08008ed2   0x00000002   PAD
    0x08008ed4   0x08008ed4   0x00000038   Code   RO         1113    i.USBD_CDC_SerialStrDescriptor  usbd_desc.o
    0x08008f0c   0x08008f0c   0x00000012   Code   RO         6314    i.USBD_CDC_SetRxBuffer  usbd_cdc.o
    0x08008f1e   0x08008f1e   0x00000016   Code   RO         6315    i.USBD_CDC_SetTxBuffer  usbd_cdc.o
    0x08008f34   0x08008f34   0x000000be   Code   RO         6316    i.USBD_CDC_Setup    usbd_cdc.o
    0x08008ff2   0x08008ff2   0x00000036   Code   RO         6317    i.USBD_CDC_TransmitPacket  usbd_cdc.o
    0x08009028   0x08009028   0x00000010   Code   RO         6032    i.USBD_ClrClassConfig  usbd_core.o
    0x08009038   0x08009038   0x00000010   Code   RO         6243    i.USBD_CtlContinueRx  usbd_ioreq.o
    0x08009048   0x08009048   0x00000010   Code   RO         6244    i.USBD_CtlContinueSendData  usbd_ioreq.o
    0x08009058   0x08009058   0x00000016   Code   RO         6171    i.USBD_CtlError     usbd_ctlreq.o
    0x0800906e   0x0800906e   0x0000001e   Code   RO         6245    i.USBD_CtlPrepareRx  usbd_ioreq.o
    0x0800908c   0x0800908c   0x00000016   Code   RO         6246    i.USBD_CtlReceiveStatus  usbd_ioreq.o
    0x080090a2   0x080090a2   0x0000001a   Code   RO         6247    i.USBD_CtlSendData  usbd_ioreq.o
    0x080090bc   0x080090bc   0x00000016   Code   RO         6248    i.USBD_CtlSendStatus  usbd_ioreq.o
    0x080090d2   0x080090d2   0x000000fa   Code   RO         6172    i.USBD_GetDescriptor  usbd_ctlreq.o
    0x080091cc   0x080091cc   0x00000048   Code   RO         6173    i.USBD_GetString    usbd_ctlreq.o
    0x08009214   0x08009214   0x00000018   Code   RO          860    i.USBD_Get_USB_Status  usbd_conf.o
    0x0800922c   0x0800922c   0x00000026   Code   RO         6034    i.USBD_Init         usbd_core.o
    0x08009252   0x08009252   0x00000012   Code   RO          861    i.USBD_LL_ClearStallEP  usbd_conf.o
    0x08009264   0x08009264   0x00000012   Code   RO          862    i.USBD_LL_CloseEP   usbd_conf.o
    0x08009276   0x08009276   0x000000a8   Code   RO         6035    i.USBD_LL_DataInStage  usbd_core.o
    0x0800931e   0x0800931e   0x0000006c   Code   RO         6036    i.USBD_LL_DataOutStage  usbd_core.o
    0x0800938a   0x0800938a   0x00000008   Code   RO          866    i.USBD_LL_GetRxDataSize  usbd_conf.o
    0x08009392   0x08009392   0x00000002   PAD
    0x08009394   0x08009394   0x00000084   Code   RO          867    i.USBD_LL_Init      usbd_conf.o
    0x08009418   0x08009418   0x0000001e   Code   RO          868    i.USBD_LL_IsStallEP  usbd_conf.o
    0x08009436   0x08009436   0x00000018   Code   RO          869    i.USBD_LL_OpenEP    usbd_conf.o
    0x0800944e   0x0800944e   0x00000012   Code   RO          870    i.USBD_LL_PrepareReceive  usbd_conf.o
    0x08009460   0x08009460   0x0000005a   Code   RO         6041    i.USBD_LL_Reset     usbd_core.o
    0x080094ba   0x080094ba   0x00000014   Code   RO         6042    i.USBD_LL_Resume    usbd_core.o
    0x080094ce   0x080094ce   0x00000020   Code   RO         6043    i.USBD_LL_SOF       usbd_core.o
    0x080094ee   0x080094ee   0x00000006   Code   RO         6044    i.USBD_LL_SetSpeed  usbd_core.o
    0x080094f4   0x080094f4   0x00000012   Code   RO          871    i.USBD_LL_SetUSBAddress  usbd_conf.o
    0x08009506   0x08009506   0x00000060   Code   RO         6045    i.USBD_LL_SetupStage  usbd_core.o
    0x08009566   0x08009566   0x00000012   Code   RO          872    i.USBD_LL_StallEP   usbd_conf.o
    0x08009578   0x08009578   0x00000012   Code   RO          873    i.USBD_LL_Start     usbd_conf.o
    0x0800958a   0x0800958a   0x00000012   Code   RO         6046    i.USBD_LL_Suspend   usbd_core.o
    0x0800959c   0x0800959c   0x00000012   Code   RO          875    i.USBD_LL_Transmit  usbd_conf.o
    0x080095ae   0x080095ae   0x0000002c   Code   RO         6174    i.USBD_ParseSetupRequest  usbd_ctlreq.o
    0x080095da   0x080095da   0x00000024   Code   RO         6047    i.USBD_RegisterClass  usbd_core.o
    0x080095fe   0x080095fe   0x00000014   Code   RO         6049    i.USBD_SetClassConfig  usbd_core.o
    0x08009612   0x08009612   0x00000002   PAD
    0x08009614   0x08009614   0x000000bc   Code   RO         6175    i.USBD_SetConfig    usbd_ctlreq.o
    0x080096d0   0x080096d0   0x00000004   Code   RO         6050    i.USBD_Start        usbd_core.o
    0x080096d4   0x080096d4   0x00000114   Code   RO         6176    i.USBD_StdDevReq    usbd_ctlreq.o
    0x080097e8   0x080097e8   0x00000140   Code   RO         6177    i.USBD_StdEPReq     usbd_ctlreq.o
    0x08009928   0x08009928   0x00000052   Code   RO         6178    i.USBD_StdItfReq    usbd_ctlreq.o
    0x0800997a   0x0800997a   0x00000002   Code   RO          876    i.USBD_static_free  usbd_conf.o
    0x0800997c   0x0800997c   0x00000008   Code   RO          877    i.USBD_static_malloc  usbd_conf.o
    0x08009984   0x08009984   0x0000036a   Code   RO         1734    i.USB_ActivateEndpoint  stm32g4xx_ll_usb.o
    0x08009cee   0x08009cee   0x0000010e   Code   RO         1738    i.USB_DeactivateEndpoint  stm32g4xx_ll_usb.o
    0x08009dfc   0x08009dfc   0x0000000e   Code   RO         1739    i.USB_DevConnect    stm32g4xx_ll_usb.o
    0x08009e0a   0x08009e0a   0x00000012   Code   RO         1741    i.USB_DevInit       stm32g4xx_ll_usb.o
    0x08009e1c   0x08009e1c   0x00000010   Code   RO         1742    i.USB_DisableGlobalInt  stm32g4xx_ll_usb.o
    0x08009e2c   0x08009e2c   0x00000070   Code   RO         1743    i.USB_EPClearStall  stm32g4xx_ll_usb.o
    0x08009e9c   0x08009e9c   0x00000032   Code   RO         1744    i.USB_EPSetStall    stm32g4xx_ll_usb.o
    0x08009ece   0x08009ece   0x00000002   PAD
    0x08009ed0   0x08009ed0   0x0000036e   Code   RO         1745    i.USB_EPStartXfer   stm32g4xx_ll_usb.o
    0x0800a23e   0x0800a23e   0x00000012   Code   RO         1747    i.USB_EnableGlobalInt  stm32g4xx_ll_usb.o
    0x0800a250   0x0800a250   0x0000000c   Code   RO          694    i.USB_LP_IRQHandler  stm32g4xx_it.o
    0x0800a25c   0x0800a25c   0x00000006   Code   RO         1750    i.USB_ReadInterrupts  stm32g4xx_ll_usb.o
    0x0800a262   0x0800a262   0x00000028   Code   RO         1751    i.USB_ReadPMA       stm32g4xx_ll_usb.o
    0x0800a28a   0x0800a28a   0x0000000c   Code   RO         1753    i.USB_SetDevAddress  stm32g4xx_ll_usb.o
    0x0800a296   0x0800a296   0x00000002   PAD
    0x0800a298   0x0800a298   0x00000026   Code   RO         1755    i.USB_WritePMA      stm32g4xx_ll_usb.o
    0x0800a2be   0x0800a2be   0x00000002   Code   RO          695    i.UsageFault_Handler  stm32g4xx_it.o
    0x0800a2c0   0x0800a2c0   0x00000022   Code   RO         9875    i.VerifyPageFullyErased  eeprom_emul.o
    0x0800a2e2   0x0800a2e2   0x00000002   PAD
    0x0800a2e4   0x0800a2e4   0x000000b4   Code   RO         9876    i.VerifyPagesFullWriteVariable  eeprom_emul.o
    0x0800a398   0x0800a398   0x0000001e   Code   RO         9877    i.WriteVariable     eeprom_emul.o
    0x0800a3b6   0x0800a3b6   0x00000002   PAD
    0x0800a3b8   0x0800a3b8   0x00000028   Code   RO        12779    i.__0sprintf        mc_w.l(printfa.o)
    0x0800a3e0   0x0800a3e0   0x00000034   Code   RO        12782    i.__0vsnprintf      mc_w.l(printfa.o)
    0x0800a414   0x0800a414   0x00000026   Code   RO        12863    i.__ARM_fpclassifyf  m_wm.l(fpclassifyf.o)
    0x0800a43a   0x0800a43a   0x0000000c   Code   RO         6409    i.__ARM_isnanf      mcpwm_foc.o
    0x0800a446   0x0800a446   0x0000000c   Code   RO         7147    i.__ARM_isnanf      foc_math.o
    0x0800a452   0x0800a452   0x00000020   Code   RO         3278    i.__NVIC_SetPriority  stm32g4xx_hal_cortex.o
    0x0800a472   0x0800a472   0x00000002   PAD
    0x0800a474   0x0800a474   0x00000070   Code   RO        12397    i.__hardfp_floorf   m_wm.l(floorf.o)
    0x0800a4e4   0x0800a4e4   0x00000048   Code   RO        12497    i.__hardfp_fmaxf    m_wm.l(fmaxf.o)
    0x0800a52c   0x0800a52c   0x000000b0   Code   RO        12403    i.__hardfp_fmodf    m_wm.l(fmodf.o)
    0x0800a5dc   0x0800a5dc   0x00000054   Code   RO        12415    i.__hardfp_frexpf   m_wm.l(frexpf.o)
    0x0800a630   0x0800a630   0x0000016c   Code   RO        12433    i.__hardfp_logf     m_wm.l(logf.o)
    0x0800a79c   0x0800a79c   0x00000664   Code   RO        12447    i.__hardfp_powf     m_wm.l(powf.o)
    0x0800ae00   0x0800ae00   0x0000003a   Code   RO        12473    i.__hardfp_sqrtf    m_wm.l(sqrtf.o)
    0x0800ae3a   0x0800ae3a   0x00000002   PAD
    0x0800ae3c   0x0800ae3c   0x00000014   Code   RO        12865    i.__mathlib_flt_divzero  m_wm.l(funder.o)
    0x0800ae50   0x0800ae50   0x00000006   Code   RO        12866    i.__mathlib_flt_infnan  m_wm.l(funder.o)
    0x0800ae56   0x0800ae56   0x00000006   Code   RO        12867    i.__mathlib_flt_infnan2  m_wm.l(funder.o)
    0x0800ae5c   0x0800ae5c   0x00000010   Code   RO        12868    i.__mathlib_flt_invalid  m_wm.l(funder.o)
    0x0800ae6c   0x0800ae6c   0x00000010   Code   RO        12869    i.__mathlib_flt_overflow  m_wm.l(funder.o)
    0x0800ae7c   0x0800ae7c   0x00000010   Code   RO        12871    i.__mathlib_flt_underflow  m_wm.l(funder.o)
    0x0800ae8c   0x0800ae8c   0x0000000e   Code   RO        12950    i.__scatterload_copy  mc_w.l(handlers.o)
    0x0800ae9a   0x0800ae9a   0x00000002   Code   RO        12951    i.__scatterload_null  mc_w.l(handlers.o)
    0x0800ae9c   0x0800ae9c   0x0000000e   Code   RO        12952    i.__scatterload_zeroinit  mc_w.l(handlers.o)
    0x0800aeaa   0x0800aeaa   0x00000002   PAD
    0x0800aeac   0x0800aeac   0x0000000c   Code   RO        12907    i.__set_errno       mc_w.l(errno.o)
    0x0800aeb8   0x0800aeb8   0x00000184   Code   RO        12784    i._fp_digits        mc_w.l(printfa.o)
    0x0800b03c   0x0800b03c   0x000006b4   Code   RO        12785    i._printf_core      mc_w.l(printfa.o)
    0x0800b6f0   0x0800b6f0   0x00000024   Code   RO        12786    i._printf_post_padding  mc_w.l(printfa.o)
    0x0800b714   0x0800b714   0x0000002e   Code   RO        12787    i._printf_pre_padding  mc_w.l(printfa.o)
    0x0800b742   0x0800b742   0x00000016   Code   RO        12788    i._snputc           mc_w.l(printfa.o)
    0x0800b758   0x0800b758   0x0000000a   Code   RO        12789    i._sputc            mc_w.l(printfa.o)
    0x0800b762   0x0800b762   0x00000002   PAD
    0x0800b764   0x0800b764   0x000000bc   Code   RO        10067    i.bms_init          bms.o
    0x0800b820   0x0800b820   0x0000006c   Code   RO         9659    i.bsp_StartHardTimer  timer.o
    0x0800b88c   0x0800b88c   0x00000088   Code   RO         8571    i.buffer_append_float32_auto  buffer.o
    0x0800b914   0x0800b914   0x00000016   Code   RO         8573    i.buffer_append_int16  buffer.o
    0x0800b92a   0x0800b92a   0x0000002a   Code   RO         8574    i.buffer_append_int32  buffer.o
    0x0800b954   0x0800b954   0x0000002a   Code   RO         8577    i.buffer_append_uint32  buffer.o
    0x0800b97e   0x0800b97e   0x00000002   PAD
    0x0800b980   0x0800b980   0x00000054   Code   RO        10438    i.conf_general_calc_apply_foc_cc_kp_ki_gain  conf_general.o
    0x0800b9d4   0x0800b9d4   0x00000910   Code   RO        10440    i.conf_general_detect_apply_all_foc  conf_general.o
    0x0800c2e4   0x0800c2e4   0x0000051c   Code   RO        10442    i.conf_general_init  conf_general.o
    0x0800c800   0x0800c800   0x00000ae8   Code   RO        10444    i.conf_general_measure_flux_linkage_openloop  conf_general.o
    0x0800d2e8   0x0800d2e8   0x00000076   Code   RO        10448    i.conf_general_read_mc_configuration  conf_general.o
    0x0800d35e   0x0800d35e   0x00000002   PAD
    0x0800d360   0x0800d360   0x000000cc   Code   RO        10450    i.conf_general_store_backup_data  conf_general.o
    0x0800d42c   0x0800d42c   0x000000f0   Code   RO        10453    i.conf_general_store_mc_configuration  conf_general.o
    0x0800d51c   0x0800d51c   0x00000022   Code   RO          364    i.confgeneralTask   app_freertos.o
    0x0800d53e   0x0800d53e   0x00000002   PAD
    0x0800d540   0x0800d540   0x000005cc   Code   RO        10378    i.confgenerator_set_defaults_mcconf  confgenerator.o
    0x0800db0c   0x0800db0c   0x00000d10   Code   RO         6410    i.control_current   mcpwm_foc.o
    0x0800e81c   0x0800e81c   0x0000002c   Code   RO         9010    i.crc16             crc.o
    0x0800e848   0x0800e848   0x00000480   Code   RO          365    i.displayTask       app_freertos.o
    0x0800ecc8   0x0800ecc8   0x00000074   Code   RO        11160    i.eTaskGetState     tasks.o
    0x0800ed3c   0x0800ed3c   0x00000134   Code   RO         8328    i.enc_mt6816_routine  enc_mt6816.o
    0x0800ee70   0x0800ee70   0x00000068   Code   RO         8358    i.encoder_check_faults  encoder.o
    0x0800eed8   0x0800eed8   0x0000000c   Code   RO         8359    i.encoder_deinit    encoder.o
    0x0800eee4   0x0800eee4   0x0000001c   Code   RO         8361    i.encoder_index_found  encoder.o
    0x0800ef00   0x0800ef00   0x00000040   Code   RO         8362    i.encoder_init      encoder.o
    0x0800ef40   0x0800ef40   0x0000000c   Code   RO         8363    i.encoder_is_configured  encoder.o
    0x0800ef4c   0x0800ef4c   0x00000034   Code   RO         8365    i.encoder_read_deg  encoder.o
    0x0800ef80   0x0800ef80   0x00000004   Code   RO         8366    i.encoder_read_deg_multiturn  encoder.o
    0x0800ef84   0x0800ef84   0x00000058   Code   RO         8372    i.encoder_update_config  encoder.o
    0x0800efdc   0x0800efdc   0x00000158   Code   RO         7256    i.fault_stop_thread  mc_interface.o
    0x0800f134   0x0800f134   0x00000054   Code   RO         7148    i.foc_correct_encoder  foc_math.o
    0x0800f188   0x0800f188   0x00000080   Code   RO         7150    i.foc_hfi_adjust_angle  foc_math.o
    0x0800f208   0x0800f208   0x000004b4   Code   RO         7151    i.foc_observer_update  foc_math.o
    0x0800f6bc   0x0800f6bc   0x00000090   Code   RO         7152    i.foc_pll_run       foc_math.o
    0x0800f74c   0x0800f74c   0x00000074   Code   RO         7153    i.foc_precalc_values  foc_math.o
    0x0800f7c0   0x0800f7c0   0x000000cc   Code   RO         7154    i.foc_run_fw        foc_math.o
    0x0800f88c   0x0800f88c   0x000001dc   Code   RO         7155    i.foc_run_pid_control_pos  foc_math.o
    0x0800fa68   0x0800fa68   0x000001bc   Code   RO         7156    i.foc_run_pid_control_speed  foc_math.o
    0x0800fc24   0x0800fc24   0x00000294   Code   RO         7157    i.foc_svm           foc_math.o
    0x0800feb8   0x0800feb8   0x000000e8   Code   RO         6411    i.full_brake_hw     mcpwm_foc.o
    0x0800ffa0   0x0800ffa0   0x000000f0   Code   RO         8525    i.hw_custom_get_temp  hw_custom.o
    0x08010090   0x08010090   0x00000044   Code   RO         6413    i.init_audio_state  mcpwm_foc.o
    0x080100d4   0x080100d4   0x00000080   Code   RO           16    i.main              main.o
    0x08010154   0x08010154   0x00000038   Code   RO          366    i.managerTask       app_freertos.o
    0x0801018c   0x0801018c   0x0000002c   Code   RO         7259    i.mc_interface_calc_crc  mc_interface.o
    0x080101b8   0x080101b8   0x00000020   Code   RO         7260    i.mc_interface_dccal_done  mc_interface.o
    0x080101d8   0x080101d8   0x00000028   Code   RO         7261    i.mc_interface_fault_stop  mc_interface.o
    0x08010200   0x08010200   0x00000024   Code   RO         7263    i.mc_interface_get_abs_motor_current_unbalance  mc_interface.o
    0x08010224   0x08010224   0x00000008   Code   RO         7267    i.mc_interface_get_configuration  mc_interface.o
    0x0801022c   0x0801022c   0x00000054   Code   RO         7270    i.mc_interface_get_distance_abs  mc_interface.o
    0x08010280   0x08010280   0x0000006c   Code   RO         7271    i.mc_interface_get_duty_cycle_now  mc_interface.o
    0x080102ec   0x080102ec   0x0000000c   Code   RO         7273    i.mc_interface_get_fault  mc_interface.o
    0x080102f8   0x080102f8   0x0000000c   Code   RO         7274    i.mc_interface_get_input_voltage_filtered  mc_interface.o
    0x08010304   0x08010304   0x00000028   Code   RO         7275    i.mc_interface_get_last_inj_adc_isr_duration  mc_interface.o
    0x0801032c   0x0801032c   0x00000004   Code   RO         7277    i.mc_interface_get_motor_thread  mc_interface.o
    0x08010330   0x08010330   0x0000006c   Code   RO         7281    i.mc_interface_get_rpm  mc_interface.o
    0x0801039c   0x0801039c   0x00000028   Code   RO         7282    i.mc_interface_get_sampling_frequency_now  mc_interface.o
    0x080103c4   0x080103c4   0x00000020   Code   RO         7285    i.mc_interface_get_state  mc_interface.o
    0x080103e4   0x080103e4   0x00000028   Code   RO         7286    i.mc_interface_get_tachometer_abs_value  mc_interface.o
    0x0801040c   0x0801040c   0x00000068   Code   RO         7287    i.mc_interface_get_tachometer_value  mc_interface.o
    0x08010474   0x08010474   0x00000028   Code   RO         7288    i.mc_interface_get_tot_current  mc_interface.o
    0x0801049c   0x0801049c   0x00000028   Code   RO         7291    i.mc_interface_get_tot_current_filtered  mc_interface.o
    0x080104c4   0x080104c4   0x000000c8   Code   RO         7299    i.mc_interface_init  mc_interface.o
    0x0801058c   0x0801058c   0x00000010   Code   RO         7300    i.mc_interface_lock  mc_interface.o
    0x0801059c   0x0801059c   0x00000010   Code   RO         7301    i.mc_interface_lock_override_once  mc_interface.o
    0x080105ac   0x080105ac   0x000006dc   Code   RO         7302    i.mc_interface_mc_timer_isr  mc_interface.o
    0x08010c88   0x08010c88   0x00000030   Code   RO         7311    i.mc_interface_release_motor  mc_interface.o
    0x08010cb8   0x08010cb8   0x00000002   Code   RO         7315    i.mc_interface_select_motor_thread  mc_interface.o
    0x08010cba   0x08010cba   0x00000002   PAD
    0x08010cbc   0x08010cbc   0x00000d60   Code   RO         7318    i.mc_interface_set_configuration  mc_interface.o
    0x08011a1c   0x08011a1c   0x00000014   Code   RO         7324    i.mc_interface_set_fault_info  mc_interface.o
    0x08011a30   0x08011a30   0x0000007c   Code   RO         7328    i.mc_interface_set_openloop_current  mc_interface.o
    0x08011aac   0x08011aac   0x00000028   Code   RO         7341    i.mc_interface_stat_reset  mc_interface.o
    0x08011ad4   0x08011ad4   0x0000000c   Code   RO         7349    i.mc_interface_temp_motor_filtered  mc_interface.o
    0x08011ae0   0x08011ae0   0x00000060   Code   RO         7350    i.mc_interface_try_input  mc_interface.o
    0x08011b40   0x08011b40   0x00000010   Code   RO         7351    i.mc_interface_unlock  mc_interface.o
    0x08011b50   0x08011b50   0x00000080   Code   RO         7353    i.mc_interface_wait_for_motor_release  mc_interface.o
    0x08011bd0   0x08011bd0   0x00000014   Code   RO         7932    i.mcpwm_deinit      mcpwm.o
    0x08011be4   0x08011be4   0x00001094   Code   RO         6414    i.mcpwm_foc_adc_int_handler  mcpwm_foc.o
    0x08012c78   0x08012c78   0x0000035c   Code   RO         6417    i.mcpwm_foc_dc_cal  mcpwm_foc.o
    0x08012fd4   0x08012fd4   0x00000014   Code   RO         6418    i.mcpwm_foc_deinit  mcpwm_foc.o
    0x08012fe8   0x08012fe8   0x0000000c   Code   RO         6422    i.mcpwm_foc_get_abs_motor_current_filtered_motor  mcpwm_foc.o
    0x08012ff4   0x08012ff4   0x0000000c   Code   RO         6423    i.mcpwm_foc_get_abs_motor_current_motor  mcpwm_foc.o
    0x08013000   0x08013000   0x00000018   Code   RO         6424    i.mcpwm_foc_get_abs_motor_current_unbalance  mcpwm_foc.o
    0x08013018   0x08013018   0x00000028   Code   RO         6427    i.mcpwm_foc_get_current_offsets  mcpwm_foc.o
    0x08013040   0x08013040   0x0000000c   Code   RO         6429    i.mcpwm_foc_get_duty_cycle_now  mcpwm_foc.o
    0x0801304c   0x0801304c   0x0000000c   Code   RO         6435    i.mcpwm_foc_get_id  mcpwm_foc.o
    0x08013058   0x08013058   0x0000000c   Code   RO         6438    i.mcpwm_foc_get_iq  mcpwm_foc.o
    0x08013064   0x08013064   0x0000000c   Code   RO         6441    i.mcpwm_foc_get_last_adc_isr_duration  mcpwm_foc.o
    0x08013070   0x08013070   0x00000028   Code   RO         6447    i.mcpwm_foc_get_phase  mcpwm_foc.o
    0x08013098   0x08013098   0x00000028   Code   RO         6448    i.mcpwm_foc_get_phase_encoder  mcpwm_foc.o
    0x080130c0   0x080130c0   0x00000028   Code   RO         6450    i.mcpwm_foc_get_phase_observer  mcpwm_foc.o
    0x080130e8   0x080130e8   0x00000018   Code   RO         6454    i.mcpwm_foc_get_rpm  mcpwm_foc.o
    0x08013100   0x08013100   0x00000018   Code   RO         6455    i.mcpwm_foc_get_rpm_fast  mcpwm_foc.o
    0x08013118   0x08013118   0x00000018   Code   RO         6456    i.mcpwm_foc_get_rpm_faster  mcpwm_foc.o
    0x08013130   0x08013130   0x00000020   Code   RO         6457    i.mcpwm_foc_get_sampling_frequency_now  mcpwm_foc.o
    0x08013150   0x08013150   0x0000000c   Code   RO         6458    i.mcpwm_foc_get_state  mcpwm_foc.o
    0x0801315c   0x0801315c   0x0000000c   Code   RO         6459    i.mcpwm_foc_get_state_motor  mcpwm_foc.o
    0x08013168   0x08013168   0x00000018   Code   RO         6461    i.mcpwm_foc_get_tachometer_abs_value  mcpwm_foc.o
    0x08013180   0x08013180   0x00000018   Code   RO         6462    i.mcpwm_foc_get_tachometer_value  mcpwm_foc.o
    0x08013198   0x08013198   0x00000030   Code   RO         6463    i.mcpwm_foc_get_tot_current  mcpwm_foc.o
    0x080131c8   0x080131c8   0x00000030   Code   RO         6466    i.mcpwm_foc_get_tot_current_filtered  mcpwm_foc.o
    0x080131f8   0x080131f8   0x00000030   Code   RO         6467    i.mcpwm_foc_get_tot_current_filtered_motor  mcpwm_foc.o
    0x08013228   0x08013228   0x0000000c   Code   RO         6470    i.mcpwm_foc_get_tot_current_in_filtered_motor  mcpwm_foc.o
    0x08013234   0x08013234   0x00000030   Code   RO         6472    i.mcpwm_foc_get_tot_current_motor  mcpwm_foc.o
    0x08013264   0x08013264   0x0000000c   Code   RO         6474    i.mcpwm_foc_get_vd  mcpwm_foc.o
    0x08013270   0x08013270   0x0000000c   Code   RO         6477    i.mcpwm_foc_get_vq  mcpwm_foc.o
    0x0801327c   0x0801327c   0x000000a8   Code   RO         6479    i.mcpwm_foc_init    mcpwm_foc.o
    0x08013324   0x08013324   0x0000000c   Code   RO         6480    i.mcpwm_foc_init_done  mcpwm_foc.o
    0x08013330   0x08013330   0x0000000c   Code   RO         6481    i.mcpwm_foc_is_dccal_done  mcpwm_foc.o
    0x0801333c   0x0801333c   0x0000000c   Code   RO         6482    i.mcpwm_foc_is_using_encoder  mcpwm_foc.o
    0x08013348   0x08013348   0x00000340   Code   RO         6484    i.mcpwm_foc_measure_inductance  mcpwm_foc.o
    0x08013688   0x08013688   0x0000009c   Code   RO         6485    i.mcpwm_foc_measure_inductance_current  mcpwm_foc.o
    0x08013724   0x08013724   0x00000148   Code   RO         6487    i.mcpwm_foc_measure_resistance  mcpwm_foc.o
    0x0801386c   0x0801386c   0x00000024   Code   RO         6491    i.mcpwm_foc_release_motor  mcpwm_foc.o
    0x08013890   0x08013890   0x000000a8   Code   RO         6494    i.mcpwm_foc_set_configuration  mcpwm_foc.o
    0x08013938   0x08013938   0x00000040   Code   RO         6495    i.mcpwm_foc_set_current  mcpwm_foc.o
    0x08013978   0x08013978   0x00000020   Code   RO         6498    i.mcpwm_foc_set_duty  mcpwm_foc.o
    0x08013998   0x08013998   0x00000080   Code   RO         6501    i.mcpwm_foc_set_openloop_current  mcpwm_foc.o
    0x08013a18   0x08013a18   0x00000014   Code   RO         6509    i.mcpwm_foc_stop_pwm  mcpwm_foc.o
    0x08013a2c   0x08013a2c   0x0000000c   Code   RO         7934    i.mcpwm_get_comm_step  mcpwm.o
    0x08013a38   0x08013a38   0x0000000c   Code   RO         7936    i.mcpwm_get_duty_cycle_now  mcpwm.o
    0x08013a44   0x08013a44   0x0000000c   Code   RO         7942    i.mcpwm_get_last_inj_adc_isr_duration  mcpwm.o
    0x08013a50   0x08013a50   0x00000034   Code   RO         7943    i.mcpwm_get_rpm     mcpwm.o
    0x08013a84   0x08013a84   0x0000000c   Code   RO         7945    i.mcpwm_get_state   mcpwm.o
    0x08013a90   0x08013a90   0x0000000c   Code   RO         7946    i.mcpwm_get_switching_frequency_now  mcpwm.o
    0x08013a9c   0x08013a9c   0x00000014   Code   RO         7947    i.mcpwm_get_tachometer_abs_value  mcpwm.o
    0x08013ab0   0x08013ab0   0x00000014   Code   RO         7948    i.mcpwm_get_tachometer_value  mcpwm.o
    0x08013ac4   0x08013ac4   0x0000000c   Code   RO         7949    i.mcpwm_get_tot_current  mcpwm.o
    0x08013ad0   0x08013ad0   0x0000000c   Code   RO         7952    i.mcpwm_get_tot_current_filtered  mcpwm.o
    0x08013adc   0x08013adc   0x0000001c   Code   RO         7954    i.mcpwm_get_tot_current_in_filtered  mcpwm.o
    0x08013af8   0x08013af8   0x00000010   Code   RO         7955    i.mcpwm_init        mcpwm.o
    0x08013b08   0x08013b08   0x0000000c   Code   RO         7956    i.mcpwm_init_done   mcpwm.o
    0x08013b14   0x08013b14   0x0000003c   Code   RO         7957    i.mcpwm_init_hall_table  mcpwm.o
    0x08013b50   0x08013b50   0x0000000c   Code   RO         7958    i.mcpwm_is_dccal_done  mcpwm.o
    0x08013b5c   0x08013b5c   0x00000020   Code   RO         7959    i.mcpwm_read_hall_phase  mcpwm.o
    0x08013b7c   0x08013b7c   0x0000001c   Code   RO         7961    i.mcpwm_release_motor  mcpwm.o
    0x08013b98   0x08013b98   0x00000038   Code   RO         7965    i.mcpwm_set_configuration  mcpwm.o
    0x08013bd0   0x08013bd0   0x00000010   Code   RO         7973    i.mcpwm_stop_pwm    mcpwm.o
    0x08013be0   0x08013be0   0x000007a4   Code   RO        10454    i.measure_r_l_imax  conf_general.o
    0x08014384   0x08014384   0x0000004c   Code   RO         8918    i.mempools_alloc_mcconf  mempools.o
    0x080143d0   0x080143d0   0x00000034   Code   RO         8922    i.mempools_free_mcconf  mempools.o
    0x08014404   0x08014404   0x00000010   Code   RO        10197    i.mypow             lcd.o
    0x08014414   0x08014414   0x0000001a   Code   RO        11713    i.osDelay           cmsis_os2.o
    0x0801442e   0x0801442e   0x00000002   PAD
    0x08014430   0x08014430   0x00000030   Code   RO         9660    i.osDelayUs         timer.o
    0x08014460   0x08014460   0x0000000e   Code   RO        11725    i.osKernelGetTickCount  cmsis_os2.o
    0x0801446e   0x0801446e   0x00000006   Code   RO        11726    i.osKernelGetTickFreq  cmsis_os2.o
    0x08014474   0x08014474   0x00000024   Code   RO        11727    i.osKernelInitialize  cmsis_os2.o
    0x08014498   0x08014498   0x0000002a   Code   RO        11728    i.osKernelLock      cmsis_os2.o
    0x080144c2   0x080144c2   0x00000002   PAD
    0x080144c4   0x080144c4   0x00000038   Code   RO        11730    i.osKernelStart     cmsis_os2.o
    0x080144fc   0x080144fc   0x0000003a   Code   RO        11731    i.osKernelUnlock    cmsis_os2.o
    0x08014536   0x08014536   0x00000002   PAD
    0x08014538   0x08014538   0x0000005c   Code   RO        11755    i.osSemaphoreAcquire  cmsis_os2.o
    0x08014594   0x08014594   0x00000098   Code   RO        11758    i.osSemaphoreNew    cmsis_os2.o
    0x0801462c   0x0801462c   0x00000058   Code   RO        11759    i.osSemaphoreRelease  cmsis_os2.o
    0x08014684   0x08014684   0x0000004e   Code   RO        11762    i.osThreadFlagsClear  cmsis_os2.o
    0x080146d2   0x080146d2   0x0000002c   Code   RO        11763    i.osThreadFlagsGet  cmsis_os2.o
    0x080146fe   0x080146fe   0x00000002   PAD
    0x08014700   0x08014700   0x00000074   Code   RO        11764    i.osThreadFlagsSet  cmsis_os2.o
    0x08014774   0x08014774   0x00000096   Code   RO        11765    i.osThreadFlagsWait  cmsis_os2.o
    0x0801480a   0x0801480a   0x00000002   PAD
    0x0801480c   0x0801480c   0x0000008a   Code   RO        11772    i.osThreadNew       cmsis_os2.o
    0x08014896   0x08014896   0x00000020   Code   RO        11773    i.osThreadResume    cmsis_os2.o
    0x080148b6   0x080148b6   0x00000020   Code   RO        11775    i.osThreadSuspend   cmsis_os2.o
    0x080148d6   0x080148d6   0x00000002   PAD
    0x080148d8   0x080148d8   0x00000044   Code   RO         6511    i.pid_thread        mcpwm_foc.o
    0x0801491c   0x0801491c   0x0000008c   Code   RO          367    i.printTaskInfo     app_freertos.o
    0x080149a8   0x080149a8   0x0000005c   Code   RO        11162    i.prvAddCurrentTaskToDelayedList  tasks.o
    0x08014a04   0x08014a04   0x000000d0   Code   RO        11163    i.prvAddNewTaskToReadyList  tasks.o
    0x08014ad4   0x08014ad4   0x00000058   Code   RO        11537    i.prvCheckForValidListAndQueue  timers.o
    0x08014b2c   0x08014b2c   0x00000026   Code   RO        10768    i.prvCopyDataFromQueue  queue.o
    0x08014b52   0x08014b52   0x0000006c   Code   RO        10769    i.prvCopyDataToQueue  queue.o
    0x08014bbe   0x08014bbe   0x00000034   Code   RO        11164    i.prvDeleteTCB      tasks.o
    0x08014bf2   0x08014bf2   0x00000002   PAD
    0x08014bf4   0x08014bf4   0x0000004c   Code   RO        12215    i.prvHeapInit       heap_4.o
    0x08014c40   0x08014c40   0x00000060   Code   RO        11165    i.prvIdleTask       tasks.o
    0x08014ca0   0x08014ca0   0x00000022   Code   RO        10771    i.prvInitialiseNewQueue  queue.o
    0x08014cc2   0x08014cc2   0x00000002   PAD
    0x08014cc4   0x08014cc4   0x000000b0   Code   RO        11166    i.prvInitialiseNewTask  tasks.o
    0x08014d74   0x08014d74   0x0000004c   Code   RO        12216    i.prvInsertBlockIntoFreeList  heap_4.o
    0x08014dc0   0x08014dc0   0x00000038   Code   RO        11539    i.prvInsertTimerInActiveList  timers.o
    0x08014df8   0x08014df8   0x0000001c   Code   RO        10772    i.prvIsQueueEmpty   queue.o
    0x08014e14   0x08014e14   0x00000058   Code   RO        11167    i.prvListTasksWithinSingleList  tasks.o
    0x08014e6c   0x08014e6c   0x000000fc   Code   RO        11540    i.prvProcessReceivedCommands  timers.o
    0x08014f68   0x08014f68   0x000000c0   Code   RO        11541    i.prvProcessTimerOrBlockTask  timers.o
    0x08015028   0x08015028   0x00000020   Code   RO        11168    i.prvResetNextTaskUnblockTime  tasks.o
    0x08015048   0x08015048   0x00000028   Code   RO        11542    i.prvSampleTimeNow  timers.o
    0x08015070   0x08015070   0x0000006c   Code   RO        11543    i.prvSwitchTimerLists  timers.o
    0x080150dc   0x080150dc   0x00000014   Code   RO        11169    i.prvTaskCheckFreeStackSpace  tasks.o
    0x080150f0   0x080150f0   0x00000028   Code   RO        12271    i.prvTaskExitError  port.o
    0x08015118   0x08015118   0x00000034   Code   RO        11170    i.prvTaskIsTaskSuspended  tasks.o
    0x0801514c   0x0801514c   0x00000024   Code   RO        11544    i.prvTimerTask      timers.o
    0x08015170   0x08015170   0x0000006a   Code   RO        10773    i.prvUnlockQueue    queue.o
    0x080151da   0x080151da   0x00000002   PAD
    0x080151dc   0x080151dc   0x000000dc   Code   RO        12217    i.pvPortMalloc      heap_4.o
    0x080152b8   0x080152b8   0x00000018   Code   RO        11171    i.pvTaskIncrementMutexHeldCount  tasks.o
    0x080152d0   0x080152d0   0x0000002c   Code   RO        12272    i.pxPortInitialiseStack  port.o
    0x080152fc   0x080152fc   0x0000002c   Code   RO         7976    i.read_hall         mcpwm.o
    0x08015328   0x08015328   0x0000005c   Code   RO         8373    i.routine_thread    encoder.o
    0x08015384   0x08015384   0x0000028c   Code   RO         7355    i.run_timer_tasks   mc_interface.o
    0x08015610   0x08015610   0x00000054   Code   RO         7356    i.sample_send_thread  mc_interface.o
    0x08015664   0x08015664   0x0000026c   Code   RO         7357    i.send_sample_block  mc_interface.o
    0x080158d0   0x080158d0   0x0000003c   Code   RO         7981    i.set_next_timer_settings  mcpwm.o
    0x0801590c   0x0801590c   0x00000064   Code   RO         7982    i.set_switching_frequency  mcpwm.o
    0x08015970   0x08015970   0x000000f4   Code   RO         6512    i.start_pwm_hw      mcpwm_foc.o
    0x08015a64   0x08015a64   0x00000008   Code   RO         7358    i.stat_thread       mc_interface.o
    0x08015a6c   0x08015a6c   0x0000010c   Code   RO         6513    i.stop_pwm_hw       mcpwm_foc.o
    0x08015b78   0x08015b78   0x00000010   Code   RO         7983    i.stop_pwm_hw       mcpwm.o
    0x08015b88   0x08015b88   0x00000014   Code   RO         7984    i.stop_pwm_ll       mcpwm.o
    0x08015b9c   0x08015b9c   0x000000a0   Code   RO         9312    i.terminal_add_fault_data  terminal.o
    0x08015c3c   0x08015c3c   0x000000c4   Code   RO         9661    i.timer_init        timer.o
    0x08015d00   0x08015d00   0x000001dc   Code   RO         8526    i.timer_reinit      hw_custom.o
    0x08015edc   0x08015edc   0x00000020   Code   RO         9662    i.timer_seconds_elapsed_since  timer.o
    0x08015efc   0x08015efc   0x0000002c   Code   RO         8374    i.timer_start       encoder.o
    0x08015f28   0x08015f28   0x00000024   Code   RO         6514    i.timer_thread      mcpwm_foc.o
    0x08015f4c   0x08015f4c   0x00000014   Code   RO         7359    i.timer_thread      mc_interface.o
    0x08015f60   0x08015f60   0x0000000c   Code   RO         9664    i.timer_time_now    timer.o
    0x08015f6c   0x08015f6c   0x00000538   Code   RO         6515    i.timer_update      mcpwm_foc.o
    0x080164a4   0x080164a4   0x0000019c   Code   RO         7985    i.update_adc_sample_pos  mcpwm.o
    0x08016640   0x08016640   0x000000a4   Code   RO         6516    i.update_hfi_samples  mcpwm_foc.o
    0x080166e4   0x080166e4   0x000008f0   Code   RO         7360    i.update_override_limits  mc_interface.o
    0x08016fd4   0x08016fd4   0x00000040   Code   RO         7987    i.update_sensor_mode  mcpwm.o
    0x08017014   0x08017014   0x00000098   Code   RO         7988    i.update_timer_attempt  mcpwm.o
    0x080170ac   0x080170ac   0x000003b4   Code   RO         6517    i.update_valpha_vbeta  mcpwm_foc.o
    0x08017460   0x08017460   0x00000028   Code   RO         9196    i.usb_printf        usart_vofa.o
    0x08017488   0x08017488   0x00000028   Code   RO         9055    i.utils_age_s       utils_sys.o
    0x080174b0   0x080174b0   0x00000038   Code   RO         8712    i.utils_angle_difference  utils_math.o
    0x080174e8   0x080174e8   0x00000038   Code   RO         8713    i.utils_angle_difference_rad  utils_math.o
    0x08017520   0x08017520   0x0000009c   Code   RO         8719    i.utils_fast_atan2  utils_math.o
    0x080175bc   0x080175bc   0x000000f4   Code   RO         8721    i.utils_fast_sincos_better  utils_math.o
    0x080176b0   0x080176b0   0x00000040   Code   RO         8722    i.utils_fft16_bin0  utils_math.o
    0x080176f0   0x080176f0   0x0000007c   Code   RO         8723    i.utils_fft16_bin1  utils_math.o
    0x0801776c   0x0801776c   0x0000007c   Code   RO         8724    i.utils_fft16_bin2  utils_math.o
    0x080177e8   0x080177e8   0x00000040   Code   RO         8725    i.utils_fft32_bin0  utils_math.o
    0x08017828   0x08017828   0x0000007c   Code   RO         8726    i.utils_fft32_bin1  utils_math.o
    0x080178a4   0x080178a4   0x0000007c   Code   RO         8727    i.utils_fft32_bin2  utils_math.o
    0x08017920   0x08017920   0x0000003c   Code   RO         8728    i.utils_fft8_bin0   utils_math.o
    0x0801795c   0x0801795c   0x00000078   Code   RO         8729    i.utils_fft8_bin1   utils_math.o
    0x080179d4   0x080179d4   0x00000078   Code   RO         8730    i.utils_fft8_bin2   utils_math.o
    0x08017a4c   0x08017a4c   0x0000001a   Code   RO         6518    i.utils_map         mcpwm_foc.o
    0x08017a66   0x08017a66   0x0000001a   Code   RO         7158    i.utils_map         foc_math.o
    0x08017a80   0x08017a80   0x0000001a   Code   RO         7361    i.utils_map         mc_interface.o
    0x08017a9a   0x08017a9a   0x00000018   Code   RO         8733    i.utils_max_abs     utils_math.o
    0x08017ab2   0x08017ab2   0x00000018   Code   RO         8737    i.utils_min_abs     utils_math.o
    0x08017aca   0x08017aca   0x00000002   PAD
    0x08017acc   0x08017acc   0x00000038   Code   RO         6519    i.utils_norm_angle  mcpwm_foc.o
    0x08017b04   0x08017b04   0x00000040   Code   RO         6520    i.utils_norm_angle_rad  mcpwm_foc.o
    0x08017b44   0x08017b44   0x00000040   Code   RO         7159    i.utils_norm_angle_rad  foc_math.o
    0x08017b84   0x08017b84   0x00000070   Code   RO         6521    i.utils_saturate_vector_2d  mcpwm_foc.o
    0x08017bf4   0x08017bf4   0x0000003a   Code   RO         6522    i.utils_step_towards  mcpwm_foc.o
    0x08017c2e   0x08017c2e   0x0000003a   Code   RO         7160    i.utils_step_towards  foc_math.o
    0x08017c68   0x08017c68   0x00000018   Code   RO         9059    i.utils_sys_lock_cnt  utils_sys.o
    0x08017c80   0x08017c80   0x00000020   Code   RO         9060    i.utils_sys_unlock_cnt  utils_sys.o
    0x08017ca0   0x08017ca0   0x00000024   Code   RO         6523    i.utils_truncate_number  mcpwm_foc.o
    0x08017cc4   0x08017cc4   0x00000024   Code   RO         7161    i.utils_truncate_number  foc_math.o
    0x08017ce8   0x08017ce8   0x00000024   Code   RO        10457    i.utils_truncate_number  conf_general.o
    0x08017d0c   0x08017d0c   0x00000022   Code   RO         6524    i.utils_truncate_number_abs  mcpwm_foc.o
    0x08017d2e   0x08017d2e   0x00000022   Code   RO         7162    i.utils_truncate_number_abs  foc_math.o
    0x08017d50   0x08017d50   0x00000012   Code   RO         7163    i.utils_truncate_number_int  foc_math.o
    0x08017d62   0x08017d62   0x00000026   Code   RO        10728    i.uxListRemove      list.o
    0x08017d88   0x08017d88   0x000000ac   Code   RO        11176    i.uxTaskGetSystemState  tasks.o
    0x08017e34   0x08017e34   0x00000014   Code   RO        11784    i.vApplicationGetIdleTaskMemory  cmsis_os2.o
    0x08017e48   0x08017e48   0x00000018   Code   RO        11785    i.vApplicationGetTimerTaskMemory  cmsis_os2.o
    0x08017e60   0x08017e60   0x00000002   Code   RO          368    i.vApplicationStackOverflowHook  app_freertos.o
    0x08017e62   0x08017e62   0x00000016   Code   RO        10729    i.vListInitialise   list.o
    0x08017e78   0x08017e78   0x00000006   Code   RO        10730    i.vListInitialiseItem  list.o
    0x08017e7e   0x08017e7e   0x00000030   Code   RO        10731    i.vListInsert       list.o
    0x08017eae   0x08017eae   0x00000018   Code   RO        10732    i.vListInsertEnd    list.o
    0x08017ec6   0x08017ec6   0x00000002   PAD
    0x08017ec8   0x08017ec8   0x00000040   Code   RO        12274    i.vPortEnterCritical  port.o
    0x08017f08   0x08017f08   0x00000028   Code   RO        12275    i.vPortExitCritical  port.o
    0x08017f30   0x08017f30   0x00000064   Code   RO        12218    i.vPortFree         heap_4.o
    0x08017f94   0x08017f94   0x00000024   Code   RO        12276    i.vPortSetupTimerInterrupt  port.o
    0x08017fb8   0x08017fb8   0x00000054   Code   RO        12277    i.vPortValidateInterruptPriority  port.o
    0x0801800c   0x0801800c   0x00000028   Code   RO        10779    i.vQueueAddToRegistry  queue.o
    0x08018034   0x08018034   0x0000002e   Code   RO        10780    i.vQueueDelete      queue.o
    0x08018062   0x08018062   0x00000002   PAD
    0x08018064   0x08018064   0x00000028   Code   RO        10782    i.vQueueUnregisterQueue  queue.o
    0x0801808c   0x0801808c   0x00000044   Code   RO        10783    i.vQueueWaitForMessageRestricted  queue.o
    0x080180d0   0x080180d0   0x0000004c   Code   RO        11181    i.vTaskDelay        tasks.o
    0x0801811c   0x0801811c   0x00000074   Code   RO        11185    i.vTaskGetInfo      tasks.o
    0x08018190   0x08018190   0x00000010   Code   RO        11186    i.vTaskInternalSetTimeOutState  tasks.o
    0x080181a0   0x080181a0   0x000000c4   Code   RO        11187    i.vTaskList         tasks.o
    0x08018264   0x08018264   0x0000000c   Code   RO        11188    i.vTaskMissedYield  tasks.o
    0x08018270   0x08018270   0x00000030   Code   RO        11190    i.vTaskPlaceOnEventList  tasks.o
    0x080182a0   0x080182a0   0x00000038   Code   RO        11191    i.vTaskPlaceOnEventListRestricted  tasks.o
    0x080182d8   0x080182d8   0x00000090   Code   RO        11193    i.vTaskPriorityDisinheritAfterTimeout  tasks.o
    0x08018368   0x08018368   0x0000007c   Code   RO        11196    i.vTaskResume       tasks.o
    0x080183e4   0x080183e4   0x00000088   Code   RO        11199    i.vTaskStartScheduler  tasks.o
    0x0801846c   0x0801846c   0x0000009c   Code   RO        11200    i.vTaskSuspend      tasks.o
    0x08018508   0x08018508   0x00000010   Code   RO        11201    i.vTaskSuspendAll   tasks.o
    0x08018518   0x08018518   0x00000078   Code   RO        11202    i.vTaskSwitchContext  tasks.o
    0x08018590   0x08018590   0x00000034   Code   RO         9199    i.vofa_send_data    usart_vofa.o
    0x080185c4   0x080185c4   0x0000003c   Code   RO         9200    i.vofa_sendframetail  usart_vofa.o
    0x08018600   0x08018600   0x00000004   Code   RO         9201    i.vofa_transmit     usart_vofa.o
    0x08018604   0x08018604   0x00000068   Code   RO        10458    i.wait_fault        conf_general.o
    0x0801866c   0x0801866c   0x000000a8   Code   RO        10459    i.wait_motor_stop   conf_general.o
    0x08018714   0x08018714   0x0000000c   Code   RO        12221    i.xPortGetFreeHeapSize  heap_4.o
    0x08018720   0x08018720   0x000000f4   Code   RO        12278    i.xPortStartScheduler  port.o
    0x08018814   0x08018814   0x0000002c   Code   RO        12279    i.xPortSysTickHandler  port.o
    0x08018840   0x08018840   0x0000003a   Code   RO        10784    i.xQueueCreateCountingSemaphore  queue.o
    0x0801887a   0x0801887a   0x00000040   Code   RO        10785    i.xQueueCreateCountingSemaphoreStatic  queue.o
    0x080188ba   0x080188ba   0x00000042   Code   RO        10788    i.xQueueGenericCreate  queue.o
    0x080188fc   0x080188fc   0x00000066   Code   RO        10789    i.xQueueGenericCreateStatic  queue.o
    0x08018962   0x08018962   0x00000002   PAD
    0x08018964   0x08018964   0x00000088   Code   RO        10790    i.xQueueGenericReset  queue.o
    0x080189ec   0x080189ec   0x00000160   Code   RO        10791    i.xQueueGenericSend  queue.o
    0x08018b4c   0x08018b4c   0x000000be   Code   RO        10792    i.xQueueGenericSendFromISR  queue.o
    0x08018c0a   0x08018c0a   0x0000009c   Code   RO        10795    i.xQueueGiveFromISR  queue.o
    0x08018ca6   0x08018ca6   0x00000002   PAD
    0x08018ca8   0x08018ca8   0x00000138   Code   RO        10801    i.xQueueReceive     queue.o
    0x08018de0   0x08018de0   0x0000009a   Code   RO        10802    i.xQueueReceiveFromISR  queue.o
    0x08018e7a   0x08018e7a   0x00000002   PAD
    0x08018e7c   0x08018e7c   0x00000178   Code   RO        10803    i.xQueueSemaphoreTake  queue.o
    0x08018ff4   0x08018ff4   0x00000074   Code   RO        11204    i.xTaskCheckForTimeOut  tasks.o
    0x08019068   0x08019068   0x0000005a   Code   RO        11205    i.xTaskCreate       tasks.o
    0x080190c2   0x080190c2   0x00000056   Code   RO        11206    i.xTaskCreateStatic  tasks.o
    0x08019118   0x08019118   0x000000e0   Code   RO        11207    i.xTaskGenericNotify  tasks.o
    0x080191f8   0x080191f8   0x00000104   Code   RO        11208    i.xTaskGenericNotifyFromISR  tasks.o
    0x080192fc   0x080192fc   0x0000000c   Code   RO        11209    i.xTaskGetCurrentTaskHandle  tasks.o
    0x08019308   0x08019308   0x0000001c   Code   RO        11210    i.xTaskGetSchedulerState  tasks.o
    0x08019324   0x08019324   0x0000000c   Code   RO        11211    i.xTaskGetTickCount  tasks.o
    0x08019330   0x08019330   0x00000010   Code   RO        11212    i.xTaskGetTickCountFromISR  tasks.o
    0x08019340   0x08019340   0x000000c8   Code   RO        11213    i.xTaskIncrementTick  tasks.o
    0x08019408   0x08019408   0x0000008c   Code   RO        11215    i.xTaskNotifyWait   tasks.o
    0x08019494   0x08019494   0x00000080   Code   RO        11216    i.xTaskPriorityDisinherit  tasks.o
    0x08019514   0x08019514   0x00000078   Code   RO        11217    i.xTaskPriorityInherit  tasks.o
    0x0801958c   0x0801958c   0x00000070   Code   RO        11218    i.xTaskRemoveFromEventList  tasks.o
    0x080195fc   0x080195fc   0x000000c4   Code   RO        11219    i.xTaskResumeAll    tasks.o
    0x080196c0   0x080196c0   0x00000060   Code   RO        11553    i.xTimerCreateTimerTask  timers.o
    0x08019720   0x08019720   0x00000068   Code   RO        11554    i.xTimerGenericCommand  timers.o
    0x08019788   0x08019788   0x000000b4   Data   RO          370    .constdata          app_freertos.o
    0x0801983c   0x0801983c   0x00000018   Data   RO         5525    .constdata          stm32g4xx_hal_uart.o
    0x08019854   0x08019854   0x00000010   Data   RO         5891    .constdata          stm32g4xx_hal_uart_ex.o
    0x08019864   0x08019864   0x00000010   Data   RO         5996    .constdata          system_stm32g4xx.o
    0x08019874   0x08019874   0x00000008   Data   RO         5997    .constdata          system_stm32g4xx.o
    0x0801987c   0x0801987c   0x00000048   Data   RO         6526    .constdata          mcpwm_foc.o
    0x080198c4   0x080198c4   0x00000090   Data   RO         7364    .constdata          mc_interface.o
    0x08019954   0x08019954   0x0000001c   Data   RO         7993    .constdata          mcpwm.o
    0x08019970   0x08019970   0x00000024   Data   RO         8375    .constdata          encoder.o
    0x08019994   0x08019994   0x00000214   Data   RO         8742    .constdata          utils_math.o
    0x08019ba8   0x08019ba8   0x00000200   Data   RO         9014    .constdata          crc.o
    0x08019da8   0x08019da8   0x00000040   Data   RO         9665    .constdata          timer.o
    0x08019de8   0x08019de8   0x0000391c   Data   RO        10198    .constdata          lcd.o
    0x0801d704   0x0801d704   0x00000040   Data   RO        12436    .constdata          m_wm.l(logf.o)
    0x0801d744   0x0801d744   0x00000140   Data   RO        12450    .constdata          m_wm.l(powf.o)
    0x0801d884   0x0801d884   0x00000046   Data   RO          371    .conststring        app_freertos.o
    0x0801d8ca   0x0801d8ca   0x00000002   PAD
    0x0801d8cc   0x0801d8cc   0x00000019   Data   RO         6527    .conststring        mcpwm_foc.o
    0x0801d8e5   0x0801d8e5   0x00000003   PAD
    0x0801d8e8   0x0801d8e8   0x0000003c   Data   RO         7365    .conststring        mc_interface.o
    0x0801d924   0x0801d924   0x0000000f   Data   RO         8376    .conststring        encoder.o
    0x0801d933   0x0801d933   0x00000001   PAD
    0x0801d934   0x0801d934   0x0000005d   Data   RO         9666    .conststring        timer.o
    0x0801d991   0x0801d991   0x00000003   PAD
    0x0801d994   0x0801d994   0x00000020   Data   RO        12948    Region$$Table       anon$$obj.o


    Execution Region RW_IRAM1 (Exec base: 0x20000000, Load base: 0x0801d9b4, Size: 0x000112b0, Max: 0x00020000, ABSOLUTE, COMPRESSED[0x000001b0])

    Exec Addr    Load Addr    Size         Type   Attr      Idx    E Section Name        Object

    0x20000000   COMPRESSED   0x0000001c   Data   RW          372    .data               app_freertos.o
    0x2000001c   COMPRESSED   0x00000004   Data   RW          470    .data               adc.o
    0x20000020   COMPRESSED   0x00000020   Data   RW         1115    .data               usbd_desc.o
    0x20000040   COMPRESSED   0x00000032   Data   RW         1116    .data               usbd_desc.o
    0x20000072   COMPRESSED   0x00000002   PAD
    0x20000074   COMPRESSED   0x00000014   Data   RW         1199    .data               usbd_cdc_if.o
    0x20000088   COMPRESSED   0x0000000c   Data   RW         1922    .data               stm32g4xx_hal.o
    0x20000094   COMPRESSED   0x00000020   Data   RW         2390    .data               stm32g4xx_hal_flash.o
    0x200000b4   COMPRESSED   0x00000004   Data   RW         5998    .data               system_stm32g4xx.o
    0x200000b8   COMPRESSED   0x00000001   Data   RW         6179    .data               usbd_ctlreq.o
    0x200000b9   COMPRESSED   0x00000003   PAD
    0x200000bc   COMPRESSED   0x000000d7   Data   RW         6318    .data               usbd_cdc.o
    0x20000193   COMPRESSED   0x00000001   PAD
    0x20000194   COMPRESSED   0x00000038   Data   RW         6319    .data               usbd_cdc.o
    0x200001cc   COMPRESSED   0x00000014   Data   RW         6528    .data               mcpwm_foc.o
    0x200001e0   COMPRESSED   0x00000044   Data   RW         7366    .data               mc_interface.o
    0x20000224   COMPRESSED   0x000000d8   Data   RW         7994    .data               mcpwm.o
    0x200002fc   COMPRESSED   0x00000018   Data   RW         8377    .data               encoder.o
    0x20000314   COMPRESSED   0x00000034   Data   RW         8498    .data               encoder_cfg.o
    0x20000348   COMPRESSED   0x0000000c   Data   RW         8931    .data               mempools.o
    0x20000354   COMPRESSED   0x00000004   Data   RW         9061    .data               utils_sys.o
    0x20000358   COMPRESSED   0x00000004   Data   RW         9203    .data               usart_vofa.o
    0x2000035c   COMPRESSED   0x00000008   Data   RW         9320    .data               terminal.o
    0x20000364   COMPRESSED   0x00000010   Data   RW         9607    .data               comm_usb.o
    0x20000374   COMPRESSED   0x00000060   Data   RW         9667    .data               timer.o
    0x200003d4   COMPRESSED   0x0000000c   Data   RW         9878    .data               eeprom_emul.o
    0x200003e0   COMPRESSED   0x00000002   Data   RW        10461    .data               conf_general.o
    0x200003e2   COMPRESSED   0x00000002   PAD
    0x200003e4   COMPRESSED   0x0000003c   Data   RW        11222    .data               tasks.o
    0x20000420   COMPRESSED   0x00000014   Data   RW        11562    .data               timers.o
    0x20000434   COMPRESSED   0x00000004   Data   RW        11788    .data               cmsis_os2.o
    0x20000438   COMPRESSED   0x00000020   Data   RW        12224    .data               heap_4.o
    0x20000458   COMPRESSED   0x0000000c   Data   RW        12280    .data               port.o
    0x20000464   COMPRESSED   0x00000004   Data   RW        12908    .data               mc_w.l(errno.o)
    0x20000468   COMPRESSED   0x00004e20   Data   RW         7367    .ram4               mc_interface.o
    0x20005288   COMPRESSED   0x0000009c   Data   RW        10463    .ram4               conf_general.o
    0x20005324        -       0x00000200   Zero   RW          369    .bss                app_freertos.o
    0x20005524        -       0x00000138   Zero   RW          469    .bss                adc.o
    0x2000565c        -       0x000000c8   Zero   RW          542    .bss                spi.o
    0x20005724        -       0x0000004c   Zero   RW          591    .bss                tim.o
    0x20005770        -       0x00000098   Zero   RW          592    .bss                tim.o
    0x20005808        -       0x00000154   Zero   RW          644    .bss                usart.o
    0x2000595c        -       0x0000004c   Zero   RW          810    .bss                stm32g4xx_hal_timebase_tim.o
    0x200059a8        -       0x000004fc   Zero   RW          878    .bss                usbd_conf.o
    0x20005ea4        -       0x000002d0   Zero   RW         1072    .bss                usb_device.o
    0x20006174        -       0x00000200   Zero   RW         1114    .bss                usbd_desc.o
    0x20006374        -       0x00001000   Zero   RW         1198    .bss                usbd_cdc_if.o
    0x20007374        -       0x000003f0   Zero   RW         6525    .bss                mcpwm_foc.o
    0x20007764   COMPRESSED   0x00000004   PAD
    0x20007768        -       0x00000450   Zero   RW         7363    .bss                mc_interface.o
    0x20007bb8        -       0x00000868   Zero   RW         7992    .bss                mcpwm.o
    0x20008420        -       0x00000040   Zero   RW         8492    .bss                encoder_cfg.o
    0x20008460        -       0x00000044   Zero   RW         8493    .bss                encoder_cfg.o
    0x200084a4        -       0x0000227c   Zero   RW         8928    .bss                mempools.o
    0x2000a720        -       0x00000500   Zero   RW         9202    .bss                usart_vofa.o
    0x2000ac20        -       0x000009ec   Zero   RW         9317    .bss                terminal.o
    0x2000b60c        -       0x0000030c   Zero   RW        10076    .bss                bms.o
    0x2000b918        -       0x00000cc0   Zero   RW        10460    .bss                conf_general.o
    0x2000c5d8        -       0x00000040   Zero   RW        10805    .bss                queue.o
    0x2000c618        -       0x000004c4   Zero   RW        11221    .bss                tasks.o
    0x2000cadc        -       0x00000118   Zero   RW        11561    .bss                timers.o
    0x2000cbf4        -       0x000006b8   Zero   RW        11787    .bss                cmsis_os2.o
    0x2000d2ac        -       0x00003c00   Zero   RW        12223    .bss                heap_4.o
    0x20010eac   COMPRESSED   0x00000004   PAD
    0x20010eb0        -       0x00000400   Zero   RW            1    STACK               startup_stm32g474xx.o


==============================================================================

Image component sizes


      Code (inc. data)   RO Data    RW Data    ZI Data      Debug   Object Name

       984         90          0          4        312       3164   adc.o
      1880        334        250         28        512       6573   app_freertos.o
       188         10          0          0        780       1712   bms.o
       242         14          0          0          0       3440   buffer.o
      1230         38          0          4       1720      58553   cmsis_os2.o
         0          0          0         16          0       1199   comm_usb.o
      9330        176          0        158       3264      18320   conf_general.o
      1484        262          0          0          0       1944   confgenerator.o
        44          6        512          0          0       1260   crc.o
        92          4          0          0          0        826   dma.o
      5542        108          0         12          0      25193   eeprom_emul.o
       308         16          0          0          0       6777   enc_mt6816.o
       500         84         51         24          0       6878   encoder.o
         0          0          0         52        132        614   encoder_cfg.o
         0          0          0          0          0      19400   event_groups.o
       416         22          0          0          0       4098   flash_interface.o
      3708        154          0          0          0      19001   foc_math.o
       292         16          0          0          0       1059   gpio.o
       484         30          0         32      15360       5454   heap_4.o
       838         64          0          0          0       3704   hw_custom.o
      1658         32      14620          0          0      13615   lcd.o
       138          0          0          0          0       3546   list.o
       260         24          0          0          0    1002712   main.o
     10764        664        204      20068       1104      41066   mc_interface.o
      1324        198         28        216       2152      27712   mcpwm.o
     14858        900         97         20       1008      96782   mcpwm_foc.o
       128         14          0         12       8828       5924   mempools.o
         0          0          0          0          0        636   packet.o
       786         82          0         12          0      11489   port.o
      2474         28          0          0         64      26448   queue.o
       328         38          0          0        200       2370   spi.o
        36          8        472          0       1024        840   startup_stm32g474xx.o
        94         14          0         12          0       3630   stm32g4xx_hal.o
      2234        146          0          0          0      80840   stm32g4xx_hal_adc.o
       756         74          0          0          0      72104   stm32g4xx_hal_adc_ex.o
       158         14          0          0          0      33046   stm32g4xx_hal_cortex.o
       906         30          0          0          0       6558   stm32g4xx_hal_dma.o
       400         48          0         32          0      24078   stm32g4xx_hal_flash.o
       852         46          0          0          0       6112   stm32g4xx_hal_flash_ex.o
       628         40          0          0          0       3630   stm32g4xx_hal_gpio.o
        60          6          0          0          0        870   stm32g4xx_hal_msp.o
      2976          0          0          0          0      14641   stm32g4xx_hal_pcd.o
        96          0          0          0          0       1948   stm32g4xx_hal_pcd_ex.o
       204         18          0          0          0       1401   stm32g4xx_hal_pwr_ex.o
      1748         98          0          0          0       6921   stm32g4xx_hal_rcc.o
       768         10          0          0          0       1968   stm32g4xx_hal_rcc_ex.o
      1738         10          0          0          0       7776   stm32g4xx_hal_spi.o
      3966        418          0          0          0      25455   stm32g4xx_hal_tim.o
       904        116          0          0          0       9398   stm32g4xx_hal_tim_ex.o
       136         20          0          0         76       1419   stm32g4xx_hal_timebase_tim.o
      2192         90         24          0          0      29388   stm32g4xx_hal_uart.o
       288          6         16          0          0       5370   stm32g4xx_hal_uart_ex.o
       240         56          0          0          0       6309   stm32g4xx_it.o
      2346          0          0          0          0      13980   stm32g4xx_ll_usb.o
         0          0          0          0          0       9008   stream_buffer.o
        16          4         24          4          0       1127   system_stm32g4xx.o
      4084        334          0         60       1220      42870   tasks.o
       160          8          0          8       2540       1774   terminal.o
       716         44          0          0        228       3956   tim.o
       596         70        157         96          0       7388   timer.o
       972         80          0         20        280      32059   timers.o
       348         32          0          0        340       1980   usart.o
       156         22          0          4       1280       3797   usart_vofa.o
        84         18          0          0        720        804   usb_device.o
       802         16          0        271          0      13741   usbd_cdc.o
       132         26          0         20       4096       4008   usbd_cdc_if.o
       684         36          0          0       1276      17114   usbd_conf.o
       652          0          0          0          0       9883   usbd_core.o
      1264         22          0          1          0      14344   usbd_ctlreq.o
       288        104          0         82        512       6158   usbd_desc.o
       132          0          0          0          0       4520   usbd_ioreq.o
      1484        160        532          0          0      11558   utils_math.o
        96         14          0          4          0       1745   utils_sys.o

    ----------------------------------------------------------------------
     96780       5666      17028      21280      49036    1966985   Object Totals
         0          0         32          0          0          0   (incl. Generated)
       108          0          9          8          8          0   (incl. Padding)

    ----------------------------------------------------------------------

      Code (inc. data)   RO Data    RW Data    ZI Data      Debug   Library Member Name

       112         14          0          0          0        116   floorf.o
        72          0          0          0          0        148   fmaxf.o
       176          0          0          0          0        168   fmodf.o
        38          0          0          0          0        116   fpclassifyf.o
        84          4          0          0          0        116   frexpf.o
        80         24          0          0          0        696   funder.o
       364         44         64          0          0        140   logf.o
      1636        110        320          0          0        372   powf.o
        58          0          0          0          0        136   sqrtf.o
        86          0          0          0          0          0   __dczerorl2.o
         0          0          0          0          0          0   entry.o
         0          0          0          0          0          0   entry10a.o
         0          0          0          0          0          0   entry11a.o
         4          0          0          0          0          0   entry12b.o
         8          4          0          0          0          0   entry2.o
         4          0          0          0          0          0   entry5.o
         0          0          0          0          0          0   entry7b.o
         0          0          0          0          0          0   entry8b.o
         8          4          0          0          0          0   entry9a.o
        12          6          0          4          0         68   errno.o
        30          0          0          0          0          0   handlers.o
        36          8          0          0          0         68   init.o
         0          0          0          0          0          0   iusefp.o
        30          0          0          0          0         68   llshl.o
        36          0          0          0          0         68   llsshr.o
        32          0          0          0          0         68   llushr.o
        64          0          0          0          0         76   memmovea.o
        36          0          0          0          0        108   memseta.o
      2310         92          0          0          0        680   printfa.o
        18          0          0          0          0         68   strcpy.o
        14          0          0          0          0         68   strlen.o
        44          0          0          0          0         80   uidiv.o
        98          0          0          0          0         92   uldiv.o
        48          0          0          0          0         68   cdrcmple.o
        56          0          0          0          0         88   d2f.o
       334          0          0          0          0        148   dadd.o
       222          0          0          0          0        100   ddiv.o
       186          0          0          0          0        176   depilogue.o
        62          0          0          0          0         80   dfixi.o
        48          0          0          0          0         68   dfixul.o
        34          0          0          0          0         76   dflti.o
        26          0          0          0          0         76   dfltui.o
       228          0          0          0          0         96   dmul.o
        38          0          0          0          0         68   f2d.o
        54          0          0          0          0         68   fcmp4.o
       110          0          0          0          0        168   fepilogue.o
        44          0          0          0          0         68   ffixul.o
         4          0          0          0          0         68   fpstat.o
        82          0          0          0          0         96   frem.o

    ----------------------------------------------------------------------
      7076        310        384          4          0       5032   Library Totals
        10          0          0          0          0          0   (incl. Padding)

    ----------------------------------------------------------------------

      Code (inc. data)   RO Data    RW Data    ZI Data      Debug   Library Name

      2620        196        384          0          0       2008   m_wm.l
      2870        114          0          4          0       1512   mc_w.l
      1576          0          0          0          0       1512   mf_w.l

    ----------------------------------------------------------------------
      7076        310        384          4          0       5032   Library Totals

    ----------------------------------------------------------------------

==============================================================================


      Code (inc. data)   RO Data    RW Data    ZI Data      Debug   

    103856       5976      17412      21284      49036    1907437   Grand Totals
    103856       5976      17412        432      49036    1907437   ELF Image Totals (compressed)
    103856       5976      17412        432          0          0   ROM Totals

==============================================================================

    Total RO  Size (Code + RO Data)               121268 ( 118.43kB)
    Total RW  Size (RW Data + ZI Data)             70320 (  68.67kB)
    Total ROM Size (Code + RO Data + RW Data)     121700 ( 118.85kB)

==============================================================================

